Archive member included to satisfy reference by file (symbol)

c:/nxp/s32ds.3.6.10/s32ds/build_tools/gcc_v10.2/gcc-10.2-arm32-eabi/bin/../lib/gcc/arm-none-eabi/10.2.0/../../../../arm-none-eabi/lib/thumb/v7e-m+fp/hard\libc_nano.a(lib_a-memmove.o)
                              ./RTD/src/Siul2_Port_Ip.o (memmove)
c:/nxp/s32ds.3.6.10/s32ds/build_tools/gcc_v10.2/gcc-10.2-arm32-eabi/bin/../lib/gcc/arm-none-eabi/10.2.0/../../../../arm-none-eabi/lib/thumb/v7e-m+fp/hard\libc_nano.a(lib_a-memset.o)
                              ./Project_Settings/Startup_Code/startup.o (memset)
c:/nxp/s32ds.3.6.10/s32ds/build_tools/gcc_v10.2/gcc-10.2-arm32-eabi/bin/../lib/gcc/arm-none-eabi/10.2.0/../../../../arm-none-eabi/lib/thumb/v7e-m+fp/hard\libm.a(lib_a-wf_log.o)
                              ./src/battery/Bms_Ntc.o (logf)
c:/nxp/s32ds.3.6.10/s32ds/build_tools/gcc_v10.2/gcc-10.2-arm32-eabi/bin/../lib/gcc/arm-none-eabi/10.2.0/../../../../arm-none-eabi/lib/thumb/v7e-m+fp/hard\libm.a(lib_a-ef_log.o)
                              c:/nxp/s32ds.3.6.10/s32ds/build_tools/gcc_v10.2/gcc-10.2-arm32-eabi/bin/../lib/gcc/arm-none-eabi/10.2.0/../../../../arm-none-eabi/lib/thumb/v7e-m+fp/hard\libm.a(lib_a-wf_log.o) (__ieee754_logf)
c:/nxp/s32ds.3.6.10/s32ds/build_tools/gcc_v10.2/gcc-10.2-arm32-eabi/bin/../lib/gcc/arm-none-eabi/10.2.0/../../../../arm-none-eabi/lib/thumb/v7e-m+fp/hard\libm.a(lib_a-sf_nan.o)
                              c:/nxp/s32ds.3.6.10/s32ds/build_tools/gcc_v10.2/gcc-10.2-arm32-eabi/bin/../lib/gcc/arm-none-eabi/10.2.0/../../../../arm-none-eabi/lib/thumb/v7e-m+fp/hard\libm.a(lib_a-wf_log.o) (nanf)
c:/nxp/s32ds.3.6.10/s32ds/build_tools/gcc_v10.2/gcc-10.2-arm32-eabi/bin/../lib/gcc/arm-none-eabi/10.2.0/../../../../arm-none-eabi/lib/thumb/v7e-m+fp/hard\libm.a(lib_a-s_lib_ver.o)
                              c:/nxp/s32ds.3.6.10/s32ds/build_tools/gcc_v10.2/gcc-10.2-arm32-eabi/bin/../lib/gcc/arm-none-eabi/10.2.0/../../../../arm-none-eabi/lib/thumb/v7e-m+fp/hard\libm.a(lib_a-wf_log.o) (__fdlib_version)
c:/nxp/s32ds.3.6.10/s32ds/build_tools/gcc_v10.2/gcc-10.2-arm32-eabi/bin/../lib/gcc/arm-none-eabi/10.2.0/thumb/v7e-m+fp/hard\libgcc.a(_aeabi_ldivmod.o)
                              ./RTD/src/Clock_Ip_ProgFreqSwitch.o (__aeabi_ldivmod)
c:/nxp/s32ds.3.6.10/s32ds/build_tools/gcc_v10.2/gcc-10.2-arm32-eabi/bin/../lib/gcc/arm-none-eabi/10.2.0/thumb/v7e-m+fp/hard\libgcc.a(_aeabi_uldivmod.o)
                              ./RTD/src/Clock_Ip_Monitor.o (__aeabi_uldivmod)
c:/nxp/s32ds.3.6.10/s32ds/build_tools/gcc_v10.2/gcc-10.2-arm32-eabi/bin/../lib/gcc/arm-none-eabi/10.2.0/thumb/v7e-m+fp/hard\libgcc.a(_udivmoddi4.o)
                              c:/nxp/s32ds.3.6.10/s32ds/build_tools/gcc_v10.2/gcc-10.2-arm32-eabi/bin/../lib/gcc/arm-none-eabi/10.2.0/thumb/v7e-m+fp/hard\libgcc.a(_aeabi_ldivmod.o) (__udivmoddi4)
c:/nxp/s32ds.3.6.10/s32ds/build_tools/gcc_v10.2/gcc-10.2-arm32-eabi/bin/../lib/gcc/arm-none-eabi/10.2.0/thumb/v7e-m+fp/hard\libgcc.a(_dvmd_tls.o)
                              c:/nxp/s32ds.3.6.10/s32ds/build_tools/gcc_v10.2/gcc-10.2-arm32-eabi/bin/../lib/gcc/arm-none-eabi/10.2.0/thumb/v7e-m+fp/hard\libgcc.a(_aeabi_ldivmod.o) (__aeabi_ldiv0)
c:/nxp/s32ds.3.6.10/s32ds/build_tools/gcc_v10.2/gcc-10.2-arm32-eabi/bin/../lib/gcc/arm-none-eabi/10.2.0/../../../../arm-none-eabi/lib/thumb/v7e-m+fp/hard\libg_nano.a(lib_a-errno.o)
                              c:/nxp/s32ds.3.6.10/s32ds/build_tools/gcc_v10.2/gcc-10.2-arm32-eabi/bin/../lib/gcc/arm-none-eabi/10.2.0/../../../../arm-none-eabi/lib/thumb/v7e-m+fp/hard\libm.a(lib_a-wf_log.o) (__errno)
c:/nxp/s32ds.3.6.10/s32ds/build_tools/gcc_v10.2/gcc-10.2-arm32-eabi/bin/../lib/gcc/arm-none-eabi/10.2.0/../../../../arm-none-eabi/lib/thumb/v7e-m+fp/hard\libg_nano.a(lib_a-impure.o)
                              c:/nxp/s32ds.3.6.10/s32ds/build_tools/gcc_v10.2/gcc-10.2-arm32-eabi/bin/../lib/gcc/arm-none-eabi/10.2.0/../../../../arm-none-eabi/lib/thumb/v7e-m+fp/hard\libg_nano.a(lib_a-errno.o) (_impure_ptr)

Discarded input sections

 .group         0x00000000        0xc ./Project_Settings/Startup_Code/exceptions.o
 .group         0x00000000        0xc ./Project_Settings/Startup_Code/exceptions.o
 .group         0x00000000        0xc ./Project_Settings/Startup_Code/exceptions.o
 .group         0x00000000        0xc ./Project_Settings/Startup_Code/exceptions.o
 .group         0x00000000        0xc ./Project_Settings/Startup_Code/exceptions.o
 .group         0x00000000        0xc ./Project_Settings/Startup_Code/exceptions.o
 .group         0x00000000        0xc ./Project_Settings/Startup_Code/exceptions.o
 .group         0x00000000        0xc ./Project_Settings/Startup_Code/exceptions.o
 .group         0x00000000        0xc ./Project_Settings/Startup_Code/exceptions.o
 .group         0x00000000        0xc ./Project_Settings/Startup_Code/exceptions.o
 .group         0x00000000        0xc ./Project_Settings/Startup_Code/exceptions.o
 .group         0x00000000        0xc ./Project_Settings/Startup_Code/exceptions.o
[...]
Memory Configuration

Name             Origin             Length             Attributes
int_itcm         0x00000000         0x00010000
int_dtcm         0x20000000         0x0001f000
int_stack_dtcm   0x2001f000         0x00001000
int_sram         0x20400000         0x00030000
int_sram_no_cacheable 0x20430000         0x0000ff00
int_sram_results 0x2043ff00         0x00000100
int_sram_shareable 0x20440000         0x00004000
ram_rsvd2        0x20444000         0x00000000
*default*        0x00000000         0xffffffff

Linker script and memory map

LOAD ./Project_Settings/Startup_Code/Vector_Table.o
LOAD ./Project_Settings/Startup_Code/exceptions.o
LOAD ./Project_Settings/Startup_Code/nvic.o
LOAD ./Project_Settings/Startup_Code/startup.o
LOAD ./Project_Settings/Startup_Code/startup_cm7.o
LOAD ./Project_Settings/Startup_Code/system.o
LOAD ./RTD/src/Adc_Sar_Ip.o
LOAD ./RTD/src/Adc_Sar_Ip_Irq.o
LOAD ./RTD/src/Clock_Ip.o
LOAD ./RTD/src/Clock_Ip_Data.o
LOAD ./RTD/src/Clock_Ip_Divider.o
LOAD ./RTD/src/Clock_Ip_DividerTrigger.o
LOAD ./RTD/src/Clock_Ip_ExtOsc.o
LOAD ./RTD/src/Clock_Ip_FracDiv.o
LOAD ./RTD/src/Clock_Ip_Frequency.o
LOAD ./RTD/src/Clock_Ip_Gate.o
LOAD ./RTD/src/Clock_Ip_IntOsc.o
LOAD ./RTD/src/Clock_Ip_Irq.o
LOAD ./RTD/src/Clock_Ip_Monitor.o
LOAD ./RTD/src/Clock_Ip_Pll.o
LOAD ./RTD/src/Clock_Ip_ProgFreqSwitch.o
LOAD ./RTD/src/Clock_Ip_Selector.o
LOAD ./RTD/src/Clock_Ip_Specific.o
LOAD ./RTD/src/Det.o
LOAD ./RTD/src/Det_stub.o
LOAD ./RTD/src/FlexCAN_Ip.o
LOAD ./RTD/src/FlexCAN_Ip_HwAccess.o
LOAD ./RTD/src/FlexCAN_Ip_Irq.o
LOAD ./RTD/src/Igf_Port_Ip.o
LOAD ./RTD/src/IntCtrl_Ip.o
LOAD ./RTD/src/Lpspi_Ip.o
LOAD ./RTD/src/Lpspi_Ip_Irq.o
LOAD ./RTD/src/OsIf_Interrupts.o
LOAD ./RTD/src/OsIf_Software_Semaphore.o
LOAD ./RTD/src/OsIf_Timer.o
LOAD ./RTD/src/OsIf_Timer_System.o
LOAD ./RTD/src/OsIf_Timer_System_Internal_Systick.o
LOAD ./RTD/src/Pit_Ip.o
LOAD ./RTD/src/SchM_Adc.o
LOAD ./RTD/src/SchM_BaseNXP.o
LOAD ./RTD/src/SchM_Can_43_FLEXCAN.o
LOAD ./RTD/src/SchM_Dio.o
LOAD ./RTD/src/SchM_Gpt.o
LOAD ./RTD/src/SchM_Mcu.o
LOAD ./RTD/src/SchM_Port.o
LOAD ./RTD/src/SchM_Spi.o
LOAD ./RTD/src/Siul2_Dio_Ip.o
LOAD ./RTD/src/Siul2_Port_Ip.o
LOAD ./RTD/src/Tspc_Port_Ip.o
LOAD ./board/Siul2_Port_Ip_Cfg.o
LOAD ./board/Tspc_Port_Ip_Cfg.o
LOAD ./generate/src/Adc_Sar_Ip_PBcfg.o
LOAD ./generate/src/Clock_Ip_Cfg.o
LOAD ./generate/src/FlexCAN_Ip_Sa_PBcfg.o
LOAD ./generate/src/Igf_Port_Ip_Cfg.o
LOAD ./generate/src/IntCtrl_Ip_Cfg.o
LOAD ./generate/src/Lpspi_Ip_Sa_PBcfg.o
LOAD ./generate/src/OsIf_Cfg.o
LOAD ./generate/src/Pit_Ip_SA_PBcfg.o
LOAD ./src/app/Bms_Adc.o
LOAD ./src/app/Bms_App.o
LOAD ./src/app/Bms_Scheduler.o
LOAD ./src/app/Bms_StateMachine.o
LOAD ./src/battery/Battery_Monitor.o
LOAD ./src/battery/Bms_Afe.o
LOAD ./src/battery/Bms_Ntc.o
LOAD ./src/communication/Bms_Can.o
LOAD ./src/communication/Bms_Spi.o
LOAD ./src/control/Bms_Contactor.o
LOAD ./src/drivers/Bms_Gpio.o
LOAD ./src/drivers/Bms_Led.o
LOAD ./src/main.o
LOAD ./src/safety/Fault_Manager.o
LOAD c:/nxp/s32ds.3.6.10/s32ds/build_tools/gcc_v10.2/gcc-10.2-arm32-eabi/bin/../lib/gcc/arm-none-eabi/10.2.0/../../../../arm-none-eabi/lib/thumb/v7e-m+fp/hard\libc_nano.a
LOAD c:/nxp/s32ds.3.6.10/s32ds/build_tools/gcc_v10.2/gcc-10.2-arm32-eabi/bin/../lib/gcc/arm-none-eabi/10.2.0/../../../../arm-none-eabi/lib/thumb/v7e-m+fp/hard\libm.a
LOAD c:/nxp/s32ds.3.6.10/s32ds/build_tools/gcc_v10.2/gcc-10.2-arm32-eabi/bin/../lib/gcc/arm-none-eabi/10.2.0/thumb/v7e-m+fp/hard\libgcc.a
START GROUP
LOAD c:/nxp/s32ds.3.6.10/s32ds/build_tools/gcc_v10.2/gcc-10.2-arm32-eabi/bin/../lib/gcc/arm-none-eabi/10.2.0/thumb/v7e-m+fp/hard\libgcc.a
LOAD c:/nxp/s32ds.3.6.10/s32ds/build_tools/gcc_v10.2/gcc-10.2-arm32-eabi/bin/../lib/gcc/arm-none-eabi/10.2.0/../../../../arm-none-eabi/lib/thumb/v7e-m+fp/hard\libg_nano.a
LOAD c:/nxp/s32ds.3.6.10/s32ds/build_tools/gcc_v10.2/gcc-10.2-arm32-eabi/bin/../lib/gcc/arm-none-eabi/10.2.0/../../../../arm-none-eabi/lib/thumb/v7e-m+fp/hard\libc_nano.a
END GROUP
START GROUP
LOAD c:/nxp/s32ds.3.6.10/s32ds/build_tools/gcc_v10.2/gcc-10.2-arm32-eabi/bin/../lib/gcc/arm-none-eabi/10.2.0/thumb/v7e-m+fp/hard\libgcc.a
LOAD c:/nxp/s32ds.3.6.10/s32ds/build_tools/gcc_v10.2/gcc-10.2-arm32-eabi/bin/../lib/gcc/arm-none-eabi/10.2.0/../../../../arm-none-eabi/lib/thumb/v7e-m+fp/hard\libc_nano.a
LOAD c:/nxp/s32ds.3.6.10/s32ds/build_tools/gcc_v10.2/gcc-10.2-arm32-eabi/bin/../lib/gcc/arm-none-eabi/10.2.0/../../../../arm-none-eabi/lib/thumb/v7e-m+fp/hard\libnosys.a
END GROUP
START GROUP
LOAD c:/nxp/s32ds.3.6.10/s32ds/build_tools/gcc_v10.2/gcc-10.2-arm32-eabi/bin/../lib/gcc/arm-none-eabi/10.2.0/thumb/v7e-m+fp/hard\libgcc.a
LOAD c:/nxp/s32ds.3.6.10/s32ds/build_tools/gcc_v10.2/gcc-10.2-arm32-eabi/bin/../lib/gcc/arm-none-eabi/10.2.0/../../../../arm-none-eabi/lib/thumb/v7e-m+fp/hard\libc_nano.a
LOAD c:/nxp/s32ds.3.6.10/s32ds/build_tools/gcc_v10.2/gcc-10.2-arm32-eabi/bin/../lib/gcc/arm-none-eabi/10.2.0/../../../../arm-none-eabi/lib/thumb/v7e-m+fp/hard\libnosys.a
END GROUP
                0x00002000                HEAP_SIZE = DEFINED (__heap_size__)?__heap_size__:0x2000

.sram           0x20400000    0x135f0
                0x20400000                . = ALIGN (0x4)
 *(.core_loop)
 .core_loop     0x20400000        0xc ./Project_Settings/Startup_Code/startup_cm7.o
                0x20400000                _core_loop
                0x2040000c                . = ALIGN (0x4)
 *(.startup)
 *fill*         0x2040000c        0x4 
 .startup       0x20400010      0x214 ./Project_Settings/Startup_Code/startup_cm7.o
                0x20400010                Reset_Handler
                0x20400010                _start
                0x204001a4                MCAL_LTB_TRACE_OFF
                0x204001a6                _end_of_eunit_test
                0x20400224                . = ALIGN (0x4)
 *(.systeminit)
                0x20400224                . = ALIGN (0x4)
 *(.text.startup)
 .text.startup  0x20400224       0xd4 ./src/main.o
                0x20400224                main
                0x204002f8                . = ALIGN (0x4)
 *(.text)
 .text          0x204002f8        0x0 ./Project_Settings/Startup_Code/Vector_Table.o
 .text          0x204002f8        0x0 ./Project_Settings/Startup_Code/exceptions.o
 .text          0x204002f8        0x0 ./Project_Settings/Startup_Code/nvic.o
 .text          0x204002f8        0x0 ./Project_Settings/Startup_Code/startup.o
 .text          0x204002f8        0x0 ./Project_Settings/Startup_Code/startup_cm7.o
 .text          0x204002f8        0x0 ./Project_Settings/Startup_Code/system.o
 .text          0x204002f8        0x0 ./RTD/src/Adc_Sar_Ip.o
 .text          0x204002f8        0x0 ./RTD/src/Adc_Sar_Ip_Irq.o
 .text          0x204002f8        0x0 ./RTD/src/Clock_Ip.o
 .text          0x204002f8        0x0 ./RTD/src/Clock_Ip_Data.o
 .text          0x204002f8        0x0 ./RTD/src/Clock_Ip_Divider.o
 .text          0x204002f8       0x28 ./RTD/src/Clock_Ip_DividerTrigger.o
                0x204002f8                Clock_Ip_SetFerd_TrustedCall
                0x2040030c                Clock_Ip_ResetFerd_TrustedCall
 .text          0x20400320        0x0 ./RTD/src/Clock_Ip_ExtOsc.o
 .text          0x20400320        0x0 ./RTD/src/Clock_Ip_FracDiv.o
 .text          0x20400320        0x0 ./RTD/src/Clock_Ip_Frequency.o
 .text          0x20400320        0x0 ./RTD/src/Clock_Ip_Gate.o
 .text          0x20400320        0x0 ./RTD/src/Clock_Ip_IntOsc.o
 .text          0x20400320        0x0 ./RTD/src/Clock_Ip_Irq.o
 .text          0x20400320        0x0 ./RTD/src/Clock_Ip_Monitor.o
 .text          0x20400320        0x0 ./RTD/src/Clock_Ip_Pll.o
 .text          0x20400320        0x0 ./RTD/src/Clock_Ip_ProgFreqSwitch.o
 .text          0x20400320        0x0 ./RTD/src/Clock_Ip_Selector.o
 .text          0x20400320        0x0 ./RTD/src/Clock_Ip_Specific.o
 .text          0x20400320        0x0 ./RTD/src/Det.o
 .text          0x20400320        0x0 ./RTD/src/Det_stub.o
 .text          0x20400320       0x14 ./RTD/src/FlexCAN_Ip.o
 .text          0x20400334       0x14 ./RTD/src/FlexCAN_Ip_HwAccess.o
 .text          0x20400348        0x0 ./RTD/src/FlexCAN_Ip_Irq.o
 .text          0x20400348        0x0 ./RTD/src/Igf_Port_Ip.o
 .text          0x20400348       0x14 ./RTD/src/IntCtrl_Ip.o
 .text          0x2040035c        0x0 ./RTD/src/Lpspi_Ip.o
 .text          0x2040035c        0x0 ./RTD/src/Lpspi_Ip_Irq.o
 .text          0x2040035c        0x0 ./RTD/src/OsIf_Interrupts.o
 .text          0x2040035c        0x0 ./RTD/src/OsIf_Software_Semaphore.o
 .text          0x2040035c        0x0 ./RTD/src/OsIf_Timer.o
 .text          0x2040035c        0x0 ./RTD/src/OsIf_Timer_System.o
 .text          0x2040035c        0x0 ./RTD/src/OsIf_Timer_System_Internal_Systick.o
 .text          0x2040035c        0x0 ./RTD/src/Pit_Ip.o
 .text          0x2040035c        0x6 ./RTD/src/SchM_Adc.o
                0x2040035c                Adc_schm_read_msr
 .text          0x20400362        0x6 ./RTD/src/SchM_BaseNXP.o
                0x20400362                BaseNXP_schm_read_msr
 .text          0x20400368        0x6 ./RTD/src/SchM_Can_43_FLEXCAN.o
                0x20400368                Can_43_FLEXCAN_schm_read_msr
 .text          0x2040036e        0x6 ./RTD/src/SchM_Dio.o
                0x2040036e                Dio_schm_read_msr
 .text          0x20400374        0x6 ./RTD/src/SchM_Gpt.o
                0x20400374                Gpt_schm_read_msr
 .text          0x2040037a        0x6 ./RTD/src/SchM_Mcu.o
                0x2040037a                Mcu_schm_read_msr
 .text          0x20400380        0x6 ./RTD/src/SchM_Port.o
                0x20400380                Port_schm_read_msr
 .text          0x20400386        0x6 ./RTD/src/SchM_Spi.o
                0x20400386                Spi_schm_read_msr
 .text          0x2040038c       0x14 ./RTD/src/Siul2_Dio_Ip.o
 .text          0x204003a0       0x14 ./RTD/src/Siul2_Port_Ip.o
 .text          0x204003b4        0x0 ./RTD/src/Tspc_Port_Ip.o
 .text          0x204003b4        0x0 ./board/Siul2_Port_Ip_Cfg.o
 .text          0x204003b4        0x0 ./board/Tspc_Port_Ip_Cfg.o
 .text          0x204003b4        0x0 ./generate/src/Adc_Sar_Ip_PBcfg.o
 .text          0x204003b4        0x0 ./generate/src/Clock_Ip_Cfg.o
 .text          0x204003b4        0x0 ./generate/src/FlexCAN_Ip_Sa_PBcfg.o
 .text          0x204003b4        0x0 ./generate/src/Igf_Port_Ip_Cfg.o
 .text          0x204003b4        0x0 ./generate/src/IntCtrl_Ip_Cfg.o
 .text          0x204003b4        0x0 ./generate/src/Lpspi_Ip_Sa_PBcfg.o
 .text          0x204003b4        0x0 ./generate/src/OsIf_Cfg.o
 .text          0x204003b4        0x0 ./generate/src/Pit_Ip_SA_PBcfg.o
 .text          0x204003b4      0x324 ./src/app/Bms_Adc.o
                0x204003b4                Bms_Adc_Init
                0x204003ec                Bms_Adc_MainFunction
                0x20400540                Bms_Adc_GetPotRaw
                0x2040054c                Bms_Adc_GetPotVoltageMv
                0x20400568                Bms_Adc_GetNtc1Raw
                0x20400574                Bms_Adc_GetNtc2Raw
                0x20400580                Bms_Adc_GetNtc3Raw
                0x2040058c                Bms_Adc_GetPackV1Raw
                0x20400598                Bms_Adc_GetPackV1VoltageMv
                0x204005b4                Bms_Adc_GetPackV2Raw
                0x204005c0                Bms_Adc_GetPackV2VoltageMv
                0x204005dc                Bms_Adc_GetPackV3Raw
                0x204005e8                Bms_Adc_GetPackV3VoltageMv
                0x20400604                Bms_Adc_GetNtc1VoltageMv
                0x20400620                Bms_Adc_GetBus1Raw
                0x2040062c                Bms_Adc_GetBus2Raw
                0x20400638                Bms_Adc_GetBus3Raw
                0x20400644                Bms_Adc_GetBusSpareRaw
                0x20400650                Bms_Adc_GetBus1VoltageMv
                0x2040066c                Bms_Adc_GetBus2VoltageMv
                0x20400688                Bms_Adc_GetBus3VoltageMv
                0x204006a4                Bms_Adc_GetBusSpareVoltageMv
                0x204006c0                Bms_Adc_IsPackValid
                0x204006cc                Bms_Adc_IsBusValid
 .text          0x204006d8        0x8 ./src/app/Bms_App.o
                0x204006d8                Bms_App_Init
                0x204006dc                Bms_App_MainFunction
 .text          0x204006e0       0x88 ./src/app/Bms_Scheduler.o
                0x204006e0                Bms_Scheduler_Init
                0x20400708                Bms_Scheduler_TickFromIsr
                0x20400718                Bms_Scheduler_MainFunction
 .text          0x20400768       0xd4 ./src/app/Bms_StateMachine.o
                0x20400768                Bms_StateMachine_Init
                0x20400774                Bms_StateMachine_GetState
                0x20400780                Bms_StateMachine_MainFunction
 .text          0x2040083c      0x24c ./src/battery/Battery_Monitor.o
                0x2040083c                BatteryMonitor_Init
                0x20400874                BatteryMonitor_MainFunction
                0x20400a80                BatteryMonitor_GetData
 .text          0x20400a88       0xa2 ./src/battery/Bms_Afe.o
                0x20400aba                Bms_Afe_WriteRegister
                0x20400adc                Bms_Afe_ReadRegister
                0x20400ae4                Bms_Afe_Init
                0x20400aec                Bms_Afe_ReadCellVoltages
 *fill*         0x20400b2a        0x2 
 .text          0x20400b2c      0x158 ./src/battery/Bms_Ntc.o
                0x20400bec                Bms_Ntc_Init
                0x20400c04                Bms_Ntc_RawToTemperature
                0x20400c0c                Bms_Ntc_MainFunction
                0x20400c5c                Bms_Ntc_GetTemperature_dC
                0x20400c70                Bms_Ntc_IsValid
 .text          0x20400c84      0x1dc ./src/communication/Bms_Can.o
                0x20400c84                Bms_Can_Init
                0x20400d18                Bms_Can_SendTest
                0x20400d50                Bms_Can_MainFunction
 .text          0x20400e60       0xb8 ./src/communication/Bms_Spi.o
                0x20400e60                Bms_Spi_Init
                0x20400e90                Bms_Spi_WriteRead
                0x20400ec8                Bms_Spi_Write
                0x20400ee6                Bms_Spi_Read
 .text          0x20400f18      0x1c4 ./src/control/Bms_Contactor.o
                0x20400f40                Bms_Contactor_Init
                0x20400f74                Bms_Contactor_RequestClose
                0x20400f88                Bms_Contactor_RequestOpen
                0x20400f9c                Bms_Contactor_MainFunction
                0x20401080                Bms_Contactor_GetState
                0x20401090                Bms_Contactor_GetOutputs
                0x204010bc                Bms_Contactor_SetPackVoltage
                0x204010d0                Bms_Contactor_SetBusVoltage
 .text          0x204010dc       0x34 ./src/drivers/Bms_Gpio.o
                0x204010dc                Bms_Gpio_Init
                0x204010ec                Bms_Gpio_WritePin
                0x204010fc                Bms_Gpio_ReadPin
 .text          0x20401110       0x5c ./src/drivers/Bms_Led.o
                0x20401140                Bms_Led_On
                0x20401144                Bms_Led_Off
                0x20401148                Bms_Led_AllOff
                0x20401166                Bms_Led_Init
 .text          0x2040116c       0x68 ./src/main.o
                0x204011d0                Bms_Pit10msCallback
 .text          0x204011d4      0x178 ./src/safety/Fault_Manager.o
                0x204011d4                FaultManager_Init
                0x204011e8                FaultManager_SetPack
                0x20401200                FaultManager_ClearPack
                0x20401218                FaultManager_ClearPackAll
                0x2040122c                FaultManager_GetPackFaults
                0x20401240                FaultManager_IsPackFaultActive
                0x2040125c                FaultManager_PackHasCriticalFault
                0x2040127c                FaultManager_SetSystem
                0x2040128c                FaultManager_ClearSystem
                0x2040129c                FaultManager_ClearSystemAll
                0x204012a8                FaultManager_IsSystemFaultActive
                0x204012bc                FaultManager_GetSystemFaults
                0x204012c8                FaultManager_SystemHasCriticalFault
                0x204012e0                FaultManager_Set
                0x204012e4                FaultManager_Clear
                0x204012e8                FaultManager_ClearAll
                0x204012ec                FaultManager_GetActiveFaults
                0x204012f8                FaultManager_IsActive
                0x2040130c                FaultManager_HasAnyFault
                0x2040132c                FaultManager_HasCriticalFault
 .text          0x2040134c        0x0 c:/nxp/s32ds.3.6.10/s32ds/build_tools/gcc_v10.2/gcc-10.2-arm32-eabi/bin/../lib/gcc/arm-none-eabi/10.2.0/../../../../arm-none-eabi/lib/thumb/v7e-m+fp/hard\libc_nano.a(lib_a-memmove.o)
 .text          0x2040134c        0x0 c:/nxp/s32ds.3.6.10/s32ds/build_tools/gcc_v10.2/gcc-10.2-arm32-eabi/bin/../lib/gcc/arm-none-eabi/10.2.0/../../../../arm-none-eabi/lib/thumb/v7e-m+fp/hard\libc_nano.a(lib_a-memset.o)
 .text          0x2040134c        0x0 c:/nxp/s32ds.3.6.10/s32ds/build_tools/gcc_v10.2/gcc-10.2-arm32-eabi/bin/../lib/gcc/arm-none-eabi/10.2.0/../../../../arm-none-eabi/lib/thumb/v7e-m+fp/hard\libm.a(lib_a-wf_log.o)
 .text          0x2040134c        0x0 c:/nxp/s32ds.3.6.10/s32ds/build_tools/gcc_v10.2/gcc-10.2-arm32-eabi/bin/../lib/gcc/arm-none-eabi/10.2.0/../../../../arm-none-eabi/lib/thumb/v7e-m+fp/hard\libm.a(lib_a-ef_log.o)
 .text          0x2040134c        0x0 c:/nxp/s32ds.3.6.10/s32ds/build_tools/gcc_v10.2/gcc-10.2-arm32-eabi/bin/../lib/gcc/arm-none-eabi/10.2.0/../../../../arm-none-eabi/lib/thumb/v7e-m+fp/hard\libm.a(lib_a-sf_nan.o)
 .text          0x2040134c        0x0 c:/nxp/s32ds.3.6.10/s32ds/build_tools/gcc_v10.2/gcc-10.2-arm32-eabi/bin/../lib/gcc/arm-none-eabi/10.2.0/../../../../arm-none-eabi/lib/thumb/v7e-m+fp/hard\libm.a(lib_a-s_lib_ver.o)
 .text          0x2040134c       0xa0 c:/nxp/s32ds.3.6.10/s32ds/build_tools/gcc_v10.2/gcc-10.2-arm32-eabi/bin/../lib/gcc/arm-none-eabi/10.2.0/thumb/v7e-m+fp/hard\libgcc.a(_aeabi_ldivmod.o)
                0x2040134c                __aeabi_ldivmod
 .text          0x204013ec       0x30 c:/nxp/s32ds.3.6.10/s32ds/build_tools/gcc_v10.2/gcc-10.2-arm32-eabi/bin/../lib/gcc/arm-none-eabi/10.2.0/thumb/v7e-m+fp/hard\libgcc.a(_aeabi_uldivmod.o)
                0x204013ec                __aeabi_uldivmod
 .text          0x2040141c      0x2d8 c:/nxp/s32ds.3.6.10/s32ds/build_tools/gcc_v10.2/gcc-10.2-arm32-eabi/bin/../lib/gcc/arm-none-eabi/10.2.0/thumb/v7e-m+fp/hard\libgcc.a(_udivmoddi4.o)
                0x2040141c                __udivmoddi4
 .text          0x204016f4        0x4 c:/nxp/s32ds.3.6.10/s32ds/build_tools/gcc_v10.2/gcc-10.2-arm32-eabi/bin/../lib/gcc/arm-none-eabi/10.2.0/thumb/v7e-m+fp/hard\libgcc.a(_dvmd_tls.o)
                0x204016f4                __aeabi_idiv0
                0x204016f4                __aeabi_ldiv0
 .text          0x204016f8        0x0 c:/nxp/s32ds.3.6.10/s32ds/build_tools/gcc_v10.2/gcc-10.2-arm32-eabi/bin/../lib/gcc/arm-none-eabi/10.2.0/../../../../arm-none-eabi/lib/thumb/v7e-m+fp/hard\libg_nano.a(lib_a-errno.o)
 .text          0x204016f8        0x0 c:/nxp/s32ds.3.6.10/s32ds/build_tools/gcc_v10.2/gcc-10.2-arm32-eabi/bin/../lib/gcc/arm-none-eabi/10.2.0/../../../../arm-none-eabi/lib/thumb/v7e-m+fp/hard\libg_nano.a(lib_a-impure.o)
 *(.text*)
 .text.memmove  0x204016f8       0x34 c:/nxp/s32ds.3.6.10/s32ds/build_tools/gcc_v10.2/gcc-10.2-arm32-eabi/bin/../lib/gcc/arm-none-eabi/10.2.0/../../../../arm-none-eabi/lib/thumb/v7e-m+fp/hard\libc_nano.a(lib_a-memmove.o)
                0x204016f8                memmove
 .text.memset   0x2040172c       0x10 c:/nxp/s32ds.3.6.10/s32ds/build_tools/gcc_v10.2/gcc-10.2-arm32-eabi/bin/../lib/gcc/arm-none-eabi/10.2.0/../../../../arm-none-eabi/lib/thumb/v7e-m+fp/hard\libc_nano.a(lib_a-memset.o)
                0x2040172c                memset
 .text.logf     0x2040173c       0x6c c:/nxp/s32ds.3.6.10/s32ds/build_tools/gcc_v10.2/gcc-10.2-arm32-eabi/bin/../lib/gcc/arm-none-eabi/10.2.0/../../../../arm-none-eabi/lib/thumb/v7e-m+fp/hard\libm.a(lib_a-wf_log.o)
                0x2040173c                logf
 .text.__ieee754_logf
                0x204017a8      0x1e0 c:/nxp/s32ds.3.6.10/s32ds/build_tools/gcc_v10.2/gcc-10.2-arm32-eabi/bin/../lib/gcc/arm-none-eabi/10.2.0/../../../../arm-none-eabi/lib/thumb/v7e-m+fp/hard\libm.a(lib_a-ef_log.o)
                0x204017a8                __ieee754_logf
 .text.nanf     0x20401988        0xc c:/nxp/s32ds.3.6.10/s32ds/build_tools/gcc_v10.2/gcc-10.2-arm32-eabi/bin/../lib/gcc/arm-none-eabi/10.2.0/../../../../arm-none-eabi/lib/thumb/v7e-m+fp/hard\libm.a(lib_a-sf_nan.o)
                0x20401988                nanf
 .text.__errno  0x20401994        0xc c:/nxp/s32ds.3.6.10/s32ds/build_tools/gcc_v10.2/gcc-10.2-arm32-eabi/bin/../lib/gcc/arm-none-eabi/10.2.0/../../../../arm-none-eabi/lib/thumb/v7e-m+fp/hard\libg_nano.a(lib_a-errno.o)
                0x20401994                __errno
                0x204019a0                . = ALIGN (0x4)
 *(.mcal_text)
 .mcal_text     0x204019a0       0x14 ./Project_Settings/Startup_Code/exceptions.o
                0x204019a0                NMI_Handler
                0x204019a2                HardFault_Handler
                0x204019a4                MemManage_Handler
                0x204019a6                BusFault_Handler
                0x204019a8                UsageFault_Handler
                0x204019aa                SVC_Handler
                0x204019ac                DebugMon_Handler
                0x204019ae                PendSV_Handler
                0x204019b0                SysTick_Handler
                0x204019b2                undefined_handler
 .mcal_text     0x204019b4       0x52 ./Project_Settings/Startup_Code/nvic.o
                0x204019b4                NVIC_SetPriorityGrouping
                0x204019c8                NVIC_EnableIRQ
                0x204019e0                NVIC_DisableIRQ
                0x204019f8                NVIC_SetPriority
 *fill*         0x20401a06        0x2 
 .mcal_text     0x20401a08       0xe8 ./Project_Settings/Startup_Code/startup.o
                0x20401a08                init_data_bss
                0x20401a94                init_data_bss_core2
 .mcal_text     0x20401af0      0x338 ./Project_Settings/Startup_Code/system.o
                0x20401af0                startup_go_to_user_mode
                0x20401af2                default_interrupt_routine
                0x20401af4                Sys_GetCoreID
                0x20401b04                SystemInit
                0x20401e0c                Enable_FPU
 .mcal_text     0x20401e28     0x154c ./RTD/src/Adc_Sar_Ip.o
                0x20402064                Adc_Sar_Ip_IRQHandler
                0x2040231a                Adc_Sar_Ip_ChainConfig
                0x20402326                Adc_Sar_Ip_EnableChannel
                0x20402378                Adc_Sar_Ip_DisableChannel
                0x204023d0                Adc_Sar_Ip_SetResolution
                0x20402404                Adc_Sar_Ip_StartConversion
                0x20402438                Adc_Sar_Ip_GetStatusFlags
                0x2040249c                Adc_Sar_Ip_ClearStatusFlags
                0x204024c0                Adc_Sar_Ip_GetConvDataToArray
                0x204024d2                Adc_Sar_Ip_GetConvResultsToArray
                0x204024e2                Adc_Sar_Ip_GetConvData
                0x2040251c                Adc_Sar_Ip_GetConvResult
                0x20402584                Adc_Sar_Ip_Powerup
                0x204025e8                Adc_Sar_Ip_Powerdown
                0x20402650                Adc_Sar_Ip_DoCalibration
                0x2040275c                Adc_Sar_Ip_EnableNotifications
                0x20402798                Adc_Sar_Ip_DisableNotifications
                0x204027d0                Adc_Sar_Ip_EnableChannelNotifications
                0x2040282c                Adc_Sar_Ip_DisableChannelNotifications
                0x20402890                Adc_Sar_Ip_SetSampleTimes
                0x204028b8                Adc_Sar_Ip_SetAveraging
                0x204028f8                Adc_Sar_Ip_SetClockMode
                0x20402974                Adc_Sar_Ip_AbortConversion
                0x20402994                Adc_Sar_Ip_AbortChain
                0x20402a08                Adc_Sar_Ip_SetPresamplingSource
                0x20402a58                Adc_Sar_Ip_EnableChannelPresampling
                0x20402a9c                Adc_Sar_Ip_DisableChannelPresampling
                0x20402ae4                Adc_Sar_Ip_EnablePresampleConversion
                0x20402b18                Adc_Sar_Ip_DisablePresampleConversion
                0x20402b4c                Adc_Sar_Ip_EnableDma
                0x20402b6c                Adc_Sar_Ip_DisableDma
                0x20402b8c                Adc_Sar_Ip_EnableChannelDma
                0x20402bc0                Adc_Sar_Ip_DisableChannelDma
                0x20402bf8                Adc_Sar_Ip_DisableChannelDmaAll
                0x20402c4c                Adc_Sar_Ip_SetDmaClearSource
                0x20402c7c                Adc_Sar_Ip_SetWdgThreshold
                0x20402d28                Adc_Sar_Ip_Init
                0x2040312c                Adc_Sar_Ip_Deinit
                0x20403250                Adc_Sar_Ip_SetConversionMode
                0x2040328c                Adc_Sar_Ip_SetCtuMode
                0x20403300                Adc_Sar_Ip_SetExternalTrigger
                0x20403344                Adc_Sar_Ip_SetUserGainAndOffset
                0x20403360                Adc_Sar_Ip_GetDataAddress
 .mcal_text     0x20403374       0x12 ./RTD/src/Adc_Sar_Ip_Irq.o
                0x20403374                Adc_Sar_0_Isr
                0x2040337a                Adc_Sar_1_Isr
                0x20403380                Adc_Sar_2_Isr
 *fill*         0x20403386        0x2 
 .mcal_text     0x20403388      0x884 ./RTD/src/Clock_Ip.o
                0x2040338a                Clock_Ip_InitClock
                0x20403930                Clock_Ip_GetPllStatus
                0x204039d4                Clock_Ip_DistributePll
                0x20403ac0                Clock_Ip_Init
                0x20403ae4                Clock_Ip_DisableClockMonitor
                0x20403b08                Clock_Ip_InstallNotificationsCallback
                0x20403b14                Clock_Ip_DisableModuleClock
                0x20403b3c                Clock_Ip_EnableModuleClock
                0x20403b64                Clock_Ip_DisableFircInStandby
                0x20403b7c                Clock_Ip_EnableFircInStandby
                0x20403b94                Clock_Ip_DisableSircInStandby
                0x20403bac                Clock_Ip_EnableSircInStandby
                0x20403bc4                Clock_Ip_ReportClockErrors
                0x20403bd0                Clock_Ip_StartTimeout
                0x20403bf0                Clock_Ip_TimeoutExpired
 .mcal_text     0x20403c0c      0x1e4 ./RTD/src/Clock_Ip_Divider.o
 .mcal_text     0x20403df0       0xb0 ./RTD/src/Clock_Ip_DividerTrigger.o
 .mcal_text     0x20403ea0      0x234 ./RTD/src/Clock_Ip_ExtOsc.o
 .mcal_text     0x204040d4        0x6 ./RTD/src/Clock_Ip_FracDiv.o
 .mcal_text     0x204040da        0x2 ./RTD/src/Clock_Ip_Frequency.o
                0x204040da                Clock_Ip_SetExternalSignalFrequency
 .mcal_text     0x204040dc      0x154 ./RTD/src/Clock_Ip_Gate.o
 .mcal_text     0x20404230      0x104 ./RTD/src/Clock_Ip_IntOsc.o
 .mcal_text     0x20404334        0x4 ./RTD/src/Clock_Ip_Irq.o
                0x20404334                Mcu_Cmu_ClockFail_IRQHandler
 .mcal_text     0x20404338      0x288 ./RTD/src/Clock_Ip_Monitor.o
                0x20404578                Clock_Ip_CMU_ClockFailInt
 .mcal_text     0x204045c0      0x184 ./RTD/src/Clock_Ip_Pll.o
 .mcal_text     0x20404744      0x1f0 ./RTD/src/Clock_Ip_ProgFreqSwitch.o
 .mcal_text     0x20404934      0x3dc ./RTD/src/Clock_Ip_Selector.o
                0x20404ce4                Clock_Ip_SetRtcRtccClksel_TrustedCall
 .mcal_text     0x20404d10      0x344 ./RTD/src/Clock_Ip_Specific.o
                0x20404d10                Clock_Ip_SetFlashWaitStates
                0x20404d14                Clock_Ip_McMeEnterKey
                0x20404d28                Clock_Ip_PowerClockIpModules
                0x20404fa8                DisableFircInStandbyMode
                0x20404fb8                EnableFircInStandbyMode
                0x20404fd4                DisableSircInStandbyMode
                0x20404fe4                EnableSircInStandbyMode
                0x20405000                Clock_Ip_Command
                0x20405050                Clock_Ip_SetRamWaitStates
 .mcal_text     0x20405054      0x504 ./RTD/src/Det.o
                0x20405054                Det_Start
                0x20405056                Det_InitDataNode
                0x204050dc                Det_LinkNodeToHead
                0x2040510c                Det_DelAllNodesSameId
                0x2040520a                Det_FreeNodesInLinkedList
                0x20405240                Det_Init
                0x20405438                Det_ReportError
                0x20405498                Det_ReportRuntimeError
                0x204054f8                Det_ReportTransientFault
 .mcal_text     0x20405558      0x1e0 ./RTD/src/Det_stub.o
                0x20405558                Det_TestLastReportError
                0x204055a8                Det_TestLastReportRuntimeError
                0x204055f8                Det_TestLastReportTransientFault
                0x20405648                Det_TestNoError
                0x20405698                Det_TestNoRuntimeError
                0x204056e8                Det_TestNoTransientFault
 .mcal_text     0x20405738     0x210c ./RTD/src/FlexCAN_Ip.o
                0x20405ea8                FlexCAN_Ip_Init_Privileged
                0x20406080                FlexCAN_Ip_Send
                0x204060f8                FlexCAN_Ip_ConfigRxMb
                0x2040618c                FlexCAN_Ip_Receive
                0x204061dc                FlexCAN_Ip_ReceiveBlocking
                0x204062cc                FlexCAN_Ip_RxFifo
                0x20406308                FlexCAN_Ip_RxFifoBlocking
                0x204064c0                FlexCAN_Ip_ConfigRxFifo_Privileged
                0x2040653c                FlexCAN_Ip_ConfigEnhancedRxFifo_Privileged
                0x204065b0                FlexCAN_Ip_ConfigRemoteResponseMb
                0x20406678                FlexCAN_Ip_GetTransferStatus
                0x204066c4                FlexCAN_IRQHandler
                0x20406860                FlexCAN_Ip_ClearErrorStatus
                0x20406880                FlexCAN_Ip_GetErrorStatus
                0x204068a0                FlexCAN_Ip_GetControllerTxErrorCounter
                0x204068c0                FlexCAN_Ip_GetControllerRxErrorCounter
                0x204068e4                FlexCAN_Busoff_Error_IRQHandler
                0x2040699c                FlexCAN_Ip_SendBlocking
                0x20406ad8                FlexCAN_Ip_SetRxMbGlobalMask_Privileged
                0x20406b30                FlexCAN_Ip_EnterFreezeMode_Privileged
                0x20406b40                FlexCAN_Ip_ExitFreezeMode_Privileged
                0x20406b50                FlexCAN_Ip_SetRxIndividualMask_Privileged
                0x20406bcc                FlexCAN_Ip_SetRxFifoGlobalMask_Privileged
                0x20406c24                FlexCAN_Ip_Deinit_Privileged
                0x20406d2c                FlexCAN_Ip_MainFunctionRead
                0x20406dc4                FlexCAN_Ip_MainFunctionBusOff_Privileged
                0x20406df8                FlexCAN_Ip_MainFunctionWrite
                0x20406e3c                FlexCAN_Ip_GetStopMode
                0x20406e54                FlexCAN_Ip_GetStartMode
                0x20406e6c                FlexCAN_Ip_SetStartMode_Privileged
                0x20406ea0                FlexCAN_Ip_SetStopMode_Privileged
                0x20406ed0                FlexCAN_Ip_SetRxMaskType_Privileged
                0x20406f3c                FlexCAN_Ip_SetBitrate_Privileged
                0x20406fe0                FlexCAN_Ip_GetBitrate
                0x20407094                FlexCAN_Ip_ClearTDCFail
                0x204070dc                FlexCAN_Ip_GetTDCFail
                0x20407110                FlexCAN_Ip_GetTDCValue
                0x20407144                FlexCAN_Ip_SetBitrateCbt_Privileged
                0x20407210                FlexCAN_Ip_GetBitrateFD
                0x204072a8                FlexCAN_Ip_SetTDCOffset_Privileged
                0x20407354                FlexCAN_Ip_SetTxArbitrationStartDelay_Privileged
                0x204073c0                FlexCAN_Ip_GetBuffStatusFlag
                0x204073f4                FlexCAN_Ip_ClearBuffStatusFlag
                0x20407424                FlexCAN_Ip_EnableInterrupts_Privileged
                0x20407478                FlexCAN_Ip_DisableInterrupts_Privileged
                0x204074c4                FlexCAN_Ip_SetErrorInt_Privileged
                0x2040755c                FlexCAN_Ip_AbortTransfer
                0x20407694                FlexCAN_Ip_SetRxMb14Mask_Privileged
                0x204076ec                FlexCAN_Ip_SetRxMb15Mask_Privileged
                0x20407744                FlexCAN_Ip_SetListenOnlyMode_Privileged
                0x204077b4                FlexCAN_Ip_GetListenOnlyMode
                0x204077c8                FlexCAN_Ip_ManualBusOffRecovery
 .mcal_text     0x20407844      0xf24 ./RTD/src/FlexCAN_Ip_HwAccess.o
                0x20407876                FlexCAN_ComputePayloadSize
                0x20407890                FlexCAN_GetMsgBuffRegion
                0x204078e0                FlexCAN_GetMaxMbNum
                0x2040792c                FlexCAN_EnterFreezeMode
                0x2040798c                FlexCAN_Enable
                0x204079d8                FlexCAN_ExitFreezeMode
                0x20407a2c                FlexCAN_Disable
                0x20407a7e                FlexCAN_SetErrIntCmd
                0x20407ae6                FlexCAN_Init
                0x20407bd0                FlexCAN_EnableRxFifo
                0x20407c1e                FlexCAN_SetPayloadSize
                0x20407c8c                FlexCAN_GetMbPayloadSize
                0x20407cc0                FlexCAN_LockRxMsgBuff
                0x20407cca                FlexCAN_SetMsgBuffIntCmd
                0x20407da0                FLEXCAN_ClearMsgBuffIntCmd
                0x20407e28                FlexCAN_DisableInterrupts
                0x20407e42                FlexCAN_EnableInterrupts
                0x20407e6c                FlexCAN_SetRxMsgBuff
                0x20407ef8                FlexCAN_GetMsgBuffTimestamp
                0x20407f04                FlexCAN_GetMsgBuff
                0x20407f9c                FlexCAN_SetTxMsgBuff
                0x204080b4                FlexCAN_SetMaxMsgBuffNum
                0x2040814e                FlexCAN_SetOperationMode
                0x20408184                FlexCAN_SetRxFifoFilter
                0x204082f0                FlexCAN_ReadRxFifo
                0x20408354                FlexCAN_ReadEnhancedRxFifo
                0x204083f8                FlexCAN_IsMbOutOfRange
                0x20408418                FlexCAN_IsEnhancedRxFifoAvailable
                0x20408428                FlexCAN_IsEnhancedRxFifoEnabled
                0x2040843a                FlexCAN_EnableEnhancedRxFifo
                0x204084de                FlexCAN_SetEnhancedRxFifoFilter
                0x2040866c                FlexCAN_ConfigCtrlOptions
                0x204086f8                FlexCAN_ResetImaskBuff
                0x20408710                FlexCAN_GetStopMode
                0x20408718                FlexCAN_GetStartMode
                0x20408726                FlexCAN_DisableMemErrorDetection
 .mcal_text     0x20408768       0x9c ./RTD/src/FlexCAN_Ip_Irq.o
                0x20408768                CAN0_ORED_IRQHandler
                0x2040876e                CAN0_ORED_0_31_MB_IRQHandler
                0x2040877a                CAN0_ORED_32_63_MB_IRQHandler
                0x20408786                CAN0_ORED_64_95_MB_IRQHandler
                0x20408792                CAN1_ORED_IRQHandler
                0x20408798                CAN1_ORED_0_31_MB_IRQHandler
                0x204087a4                CAN1_ORED_32_63_MB_IRQHandler
                0x204087b0                CAN2_ORED_IRQHandler
                0x204087b6                CAN2_ORED_0_31_MB_IRQHandler
                0x204087c2                CAN2_ORED_32_63_MB_IRQHandler
                0x204087ce                CAN3_ORED_IRQHandler
                0x204087d4                CAN3_ORED_0_31_MB_IRQHandler
                0x204087e0                CAN4_ORED_IRQHandler
                0x204087e6                CAN4_ORED_0_31_MB_IRQHandler
                0x204087f2                CAN5_ORED_IRQHandler
                0x204087f8                CAN5_ORED_0_31_MB_IRQHandler
 .mcal_text     0x20408804      0x276 ./RTD/src/IntCtrl_Ip.o
                0x20408804                IntCtrl_Ip_InstallHandlerPrivileged
                0x2040883e                IntCtrl_Ip_EnableIrqPrivileged
                0x2040887e                IntCtrl_Ip_DisableIrqPrivileged
                0x204088be                IntCtrl_Ip_SetPriorityPrivileged
                0x204088f2                IntCtrl_Ip_GetPriorityPrivileged
                0x20408916                IntCtrl_Ip_ClearPendingPrivileged
                0x20408946                IntCtrl_Ip_SetPendingPrivileged
                0x20408976                IntCtrl_Ip_GetPendingPrivileged
                0x204089a6                IntCtrl_Ip_GetActivePrivileged
                0x204089d6                IntCtrl_Ip_Init
                0x20408a42                IntCtrl_Ip_InstallHandler
                0x20408a46                IntCtrl_Ip_EnableIrq
                0x20408a4a                IntCtrl_Ip_DisableIrq
                0x20408a4e                IntCtrl_Ip_SetPriority
                0x20408a52                IntCtrl_Ip_GetPriority
                0x20408a56                IntCtrl_Ip_ClearPending
                0x20408a5a                IntCtrl_Ip_SetPending
                0x20408a5e                IntCtrl_Ip_GetPending
                0x20408a6c                IntCtrl_Ip_GetActive
 *fill*         0x20408a7a        0x2 
 .mcal_text     0x20408a7c      0x804 ./RTD/src/Lpspi_Ip.o
                0x20408d94                Lpspi_Ip_DeInit
                0x20408dc8                Lpspi_Ip_SyncTransmit
                0x20409020                Lpspi_Ip_AsyncTransmit
                0x204090a4                Lpspi_Ip_ManageBuffers
                0x204090d4                Lpspi_Ip_UpdateTransferParam
                0x20409108                Lpspi_Ip_UpdateFrameSize
                0x20409124                Lpspi_Ip_UpdateLsb
                0x20409140                Lpspi_Ip_UpdateByteSwap
                0x2040915c                Lpspi_Ip_UpdateDefaultTransmitData
                0x20409178                Lpspi_Ip_UpdateTransferMode
                0x20409190                Lpspi_Ip_Init
                0x204091e0                Lpspi_Ip_Cancel
                0x2040922c                Lpspi_Ip_IrqHandler
                0x20409270                Lpspi_Ip_GetStatus
 .mcal_text     0x20409280        0x6 ./RTD/src/Lpspi_Ip_Irq.o
                0x20409280                Lpspi_Ip_LPSPI_1_IRQHandler
 .mcal_text     0x20409286       0x44 ./RTD/src/OsIf_Timer.o
                0x20409286                OsIf_Init
                0x20409290                OsIf_GetCounter
                0x2040929c                OsIf_GetElapsed
                0x204092ae                OsIf_SetTimerFrequency
                0x204092b8                OsIf_MicrosToTicks
 *fill*         0x204092ca        0x2 
 .mcal_text     0x204092cc       0xdc ./RTD/src/OsIf_Timer_System.o
                0x204092cc                OsIf_Timer_System_Init
                0x204092fc                OsIf_Timer_System_GetCounter
                0x2040931c                OsIf_Timer_System_GetElapsed
                0x2040933c                OsIf_Timer_System_SetTimerFrequency
                0x20409364                OsIf_Timer_System_MicrosToTicks
 .mcal_text     0x204093a8       0x4c ./RTD/src/OsIf_Timer_System_Internal_Systick.o
                0x204093a8                OsIf_Timer_System_Internal_Init
                0x204093be                OsIf_Timer_System_Internal_GetCounter
                0x204093ca                OsIf_Timer_System_Internal_GetElapsed
 .mcal_text     0x204093f4      0x3a0 ./RTD/src/Pit_Ip.o
                0x20409448                Pit_Ip_GetLoadValue
                0x2040945c                Pit_Ip_GetInterruptStatusFlag
                0x20409480                Pit_Ip_Init
                0x204094ac                Pit_Ip_InitChannel
                0x2040950c                Pit_Ip_Deinit
                0x20409590                Pit_Ip_StartChannel
                0x204095c4                Pit_Ip_StopChannel
                0x204095da                Pit_Ip_GetCurrentTimer
                0x204095f0                Pit_Ip_EnableChannelInterrupt
                0x20409620                Pit_Ip_DisableChannelInterrupt
                0x20409650                Pit_Ip_SetLifetimeTimer
                0x204096ec                Pit_Ip_GetLifetimeTimer
                0x20409718                PIT_0_ISR
 .mcal_text     0x20409794     0x2648 ./RTD/src/SchM_Adc.o
                0x20409794                SchM_Enter_Adc_ADC_EXCLUSIVE_AREA_00
                0x204097c8                SchM_Exit_Adc_ADC_EXCLUSIVE_AREA_00
                0x204097f8                SchM_Enter_Adc_ADC_EXCLUSIVE_AREA_01
                0x2040982c                SchM_Exit_Adc_ADC_EXCLUSIVE_AREA_01
                0x2040985c                SchM_Enter_Adc_ADC_EXCLUSIVE_AREA_02
                0x20409890                SchM_Exit_Adc_ADC_EXCLUSIVE_AREA_02
                0x204098c0                SchM_Enter_Adc_ADC_EXCLUSIVE_AREA_03
                0x204098f4                SchM_Exit_Adc_ADC_EXCLUSIVE_AREA_03
                0x20409924                SchM_Enter_Adc_ADC_EXCLUSIVE_AREA_04
                0x20409958                SchM_Exit_Adc_ADC_EXCLUSIVE_AREA_04
                0x20409988                SchM_Enter_Adc_ADC_EXCLUSIVE_AREA_05
                0x204099bc                SchM_Exit_Adc_ADC_EXCLUSIVE_AREA_05
                0x204099ec                SchM_Enter_Adc_ADC_EXCLUSIVE_AREA_10
                0x20409a20                SchM_Exit_Adc_ADC_EXCLUSIVE_AREA_10
                0x20409a50                SchM_Enter_Adc_ADC_EXCLUSIVE_AREA_100
                0x20409a84                SchM_Exit_Adc_ADC_EXCLUSIVE_AREA_100
                0x20409ab4                SchM_Enter_Adc_ADC_EXCLUSIVE_AREA_101
                0x20409ae8                SchM_Exit_Adc_ADC_EXCLUSIVE_AREA_101
                0x20409b18                SchM_Enter_Adc_ADC_EXCLUSIVE_AREA_102
                0x20409b4c                SchM_Exit_Adc_ADC_EXCLUSIVE_AREA_102
                0x20409b7c                SchM_Enter_Adc_ADC_EXCLUSIVE_AREA_103
                0x20409bb0                SchM_Exit_Adc_ADC_EXCLUSIVE_AREA_103
                0x20409be0                SchM_Enter_Adc_ADC_EXCLUSIVE_AREA_11
                0x20409c14                SchM_Exit_Adc_ADC_EXCLUSIVE_AREA_11
                0x20409c44                SchM_Enter_Adc_ADC_EXCLUSIVE_AREA_12
                0x20409c78                SchM_Exit_Adc_ADC_EXCLUSIVE_AREA_12
                0x20409ca8                SchM_Enter_Adc_ADC_EXCLUSIVE_AREA_13
                0x20409cdc                SchM_Exit_Adc_ADC_EXCLUSIVE_AREA_13
                0x20409d0c                SchM_Enter_Adc_ADC_EXCLUSIVE_AREA_14
                0x20409d40                SchM_Exit_Adc_ADC_EXCLUSIVE_AREA_14
                0x20409d70                SchM_Enter_Adc_ADC_EXCLUSIVE_AREA_15
                0x20409da4                SchM_Exit_Adc_ADC_EXCLUSIVE_AREA_15
                0x20409dd4                SchM_Enter_Adc_ADC_EXCLUSIVE_AREA_16
                0x20409e08                SchM_Exit_Adc_ADC_EXCLUSIVE_AREA_16
                0x20409e38                SchM_Enter_Adc_ADC_EXCLUSIVE_AREA_17
                0x20409e6c                SchM_Exit_Adc_ADC_EXCLUSIVE_AREA_17
                0x20409e9c                SchM_Enter_Adc_ADC_EXCLUSIVE_AREA_18
                0x20409ed0                SchM_Exit_Adc_ADC_EXCLUSIVE_AREA_18
                0x20409f00                SchM_Enter_Adc_ADC_EXCLUSIVE_AREA_19
                0x20409f34                SchM_Exit_Adc_ADC_EXCLUSIVE_AREA_19
                0x20409f64                SchM_Enter_Adc_ADC_EXCLUSIVE_AREA_20
                0x20409f98                SchM_Exit_Adc_ADC_EXCLUSIVE_AREA_20
                0x20409fc8                SchM_Enter_Adc_ADC_EXCLUSIVE_AREA_21
                0x20409ffc                SchM_Exit_Adc_ADC_EXCLUSIVE_AREA_21
                0x2040a02c                SchM_Enter_Adc_ADC_EXCLUSIVE_AREA_22
                0x2040a060                SchM_Exit_Adc_ADC_EXCLUSIVE_AREA_22
                0x2040a090                SchM_Enter_Adc_ADC_EXCLUSIVE_AREA_23
                0x2040a0c4                SchM_Exit_Adc_ADC_EXCLUSIVE_AREA_23
                0x2040a0f4                SchM_Enter_Adc_ADC_EXCLUSIVE_AREA_24
                0x2040a128                SchM_Exit_Adc_ADC_EXCLUSIVE_AREA_24
                0x2040a158                SchM_Enter_Adc_ADC_EXCLUSIVE_AREA_25
                0x2040a18c                SchM_Exit_Adc_ADC_EXCLUSIVE_AREA_25
                0x2040a1bc                SchM_Enter_Adc_ADC_EXCLUSIVE_AREA_26
                0x2040a1f0                SchM_Exit_Adc_ADC_EXCLUSIVE_AREA_26
                0x2040a220                SchM_Enter_Adc_ADC_EXCLUSIVE_AREA_27
                0x2040a254                SchM_Exit_Adc_ADC_EXCLUSIVE_AREA_27
                0x2040a284                SchM_Enter_Adc_ADC_EXCLUSIVE_AREA_28
                0x2040a2b8                SchM_Exit_Adc_ADC_EXCLUSIVE_AREA_28
                0x2040a2e8                SchM_Enter_Adc_ADC_EXCLUSIVE_AREA_29
                0x2040a31c                SchM_Exit_Adc_ADC_EXCLUSIVE_AREA_29
                0x2040a34c                SchM_Enter_Adc_ADC_EXCLUSIVE_AREA_30
                0x2040a380                SchM_Exit_Adc_ADC_EXCLUSIVE_AREA_30
                0x2040a3b0                SchM_Enter_Adc_ADC_EXCLUSIVE_AREA_31
                0x2040a3e4                SchM_Exit_Adc_ADC_EXCLUSIVE_AREA_31
                0x2040a414                SchM_Enter_Adc_ADC_EXCLUSIVE_AREA_32
                0x2040a448                SchM_Exit_Adc_ADC_EXCLUSIVE_AREA_32
                0x2040a478                SchM_Enter_Adc_ADC_EXCLUSIVE_AREA_33
                0x2040a4ac                SchM_Exit_Adc_ADC_EXCLUSIVE_AREA_33
                0x2040a4dc                SchM_Enter_Adc_ADC_EXCLUSIVE_AREA_34
                0x2040a510                SchM_Exit_Adc_ADC_EXCLUSIVE_AREA_34
                0x2040a540                SchM_Enter_Adc_ADC_EXCLUSIVE_AREA_35
                0x2040a574                SchM_Exit_Adc_ADC_EXCLUSIVE_AREA_35
                0x2040a5a4                SchM_Enter_Adc_ADC_EXCLUSIVE_AREA_36
                0x2040a5d8                SchM_Exit_Adc_ADC_EXCLUSIVE_AREA_36
                0x2040a608                SchM_Enter_Adc_ADC_EXCLUSIVE_AREA_37
                0x2040a63c                SchM_Exit_Adc_ADC_EXCLUSIVE_AREA_37
                0x2040a66c                SchM_Enter_Adc_ADC_EXCLUSIVE_AREA_38
                0x2040a6a0                SchM_Exit_Adc_ADC_EXCLUSIVE_AREA_38
                0x2040a6d0                SchM_Enter_Adc_ADC_EXCLUSIVE_AREA_39
                0x2040a704                SchM_Exit_Adc_ADC_EXCLUSIVE_AREA_39
                0x2040a734                SchM_Enter_Adc_ADC_EXCLUSIVE_AREA_40
                0x2040a768                SchM_Exit_Adc_ADC_EXCLUSIVE_AREA_40
                0x2040a798                SchM_Enter_Adc_ADC_EXCLUSIVE_AREA_41
                0x2040a7cc                SchM_Exit_Adc_ADC_EXCLUSIVE_AREA_41
                0x2040a7fc                SchM_Enter_Adc_ADC_EXCLUSIVE_AREA_42
                0x2040a830                SchM_Exit_Adc_ADC_EXCLUSIVE_AREA_42
                0x2040a860                SchM_Enter_Adc_ADC_EXCLUSIVE_AREA_43
                0x2040a894                SchM_Exit_Adc_ADC_EXCLUSIVE_AREA_43
                0x2040a8c4                SchM_Enter_Adc_ADC_EXCLUSIVE_AREA_44
                0x2040a8f8                SchM_Exit_Adc_ADC_EXCLUSIVE_AREA_44
                0x2040a928                SchM_Enter_Adc_ADC_EXCLUSIVE_AREA_45
                0x2040a95c                SchM_Exit_Adc_ADC_EXCLUSIVE_AREA_45
                0x2040a98c                SchM_Enter_Adc_ADC_EXCLUSIVE_AREA_46
                0x2040a9c0                SchM_Exit_Adc_ADC_EXCLUSIVE_AREA_46
                0x2040a9f0                SchM_Enter_Adc_ADC_EXCLUSIVE_AREA_47
                0x2040aa24                SchM_Exit_Adc_ADC_EXCLUSIVE_AREA_47
                0x2040aa54                SchM_Enter_Adc_ADC_EXCLUSIVE_AREA_48
                0x2040aa88                SchM_Exit_Adc_ADC_EXCLUSIVE_AREA_48
                0x2040aab8                SchM_Enter_Adc_ADC_EXCLUSIVE_AREA_49
                0x2040aaec                SchM_Exit_Adc_ADC_EXCLUSIVE_AREA_49
                0x2040ab1c                SchM_Enter_Adc_ADC_EXCLUSIVE_AREA_50
                0x2040ab50                SchM_Exit_Adc_ADC_EXCLUSIVE_AREA_50
                0x2040ab80                SchM_Enter_Adc_ADC_EXCLUSIVE_AREA_51
                0x2040abb4                SchM_Exit_Adc_ADC_EXCLUSIVE_AREA_51
                0x2040abe4                SchM_Enter_Adc_ADC_EXCLUSIVE_AREA_54
                0x2040ac18                SchM_Exit_Adc_ADC_EXCLUSIVE_AREA_54
                0x2040ac48                SchM_Enter_Adc_ADC_EXCLUSIVE_AREA_55
                0x2040ac7c                SchM_Exit_Adc_ADC_EXCLUSIVE_AREA_55
                0x2040acac                SchM_Enter_Adc_ADC_EXCLUSIVE_AREA_56
                0x2040ace0                SchM_Exit_Adc_ADC_EXCLUSIVE_AREA_56
                0x2040ad10                SchM_Enter_Adc_ADC_EXCLUSIVE_AREA_57
                0x2040ad44                SchM_Exit_Adc_ADC_EXCLUSIVE_AREA_57
                0x2040ad74                SchM_Enter_Adc_ADC_EXCLUSIVE_AREA_58
                0x2040ada8                SchM_Exit_Adc_ADC_EXCLUSIVE_AREA_58
                0x2040add8                SchM_Enter_Adc_ADC_EXCLUSIVE_AREA_59
                0x2040ae0c                SchM_Exit_Adc_ADC_EXCLUSIVE_AREA_59
                0x2040ae3c                SchM_Enter_Adc_ADC_EXCLUSIVE_AREA_60
                0x2040ae70                SchM_Exit_Adc_ADC_EXCLUSIVE_AREA_60
                0x2040aea0                SchM_Enter_Adc_ADC_EXCLUSIVE_AREA_61
                0x2040aed4                SchM_Exit_Adc_ADC_EXCLUSIVE_AREA_61
                0x2040af04                SchM_Enter_Adc_ADC_EXCLUSIVE_AREA_62
                0x2040af38                SchM_Exit_Adc_ADC_EXCLUSIVE_AREA_62
                0x2040af68                SchM_Enter_Adc_ADC_EXCLUSIVE_AREA_63
                0x2040af9c                SchM_Exit_Adc_ADC_EXCLUSIVE_AREA_63
                0x2040afcc                SchM_Enter_Adc_ADC_EXCLUSIVE_AREA_64
                0x2040b000                SchM_Exit_Adc_ADC_EXCLUSIVE_AREA_64
                0x2040b030                SchM_Enter_Adc_ADC_EXCLUSIVE_AREA_65
                0x2040b064                SchM_Exit_Adc_ADC_EXCLUSIVE_AREA_65
                0x2040b094                SchM_Enter_Adc_ADC_EXCLUSIVE_AREA_66
                0x2040b0c8                SchM_Exit_Adc_ADC_EXCLUSIVE_AREA_66
                0x2040b0f8                SchM_Enter_Adc_ADC_EXCLUSIVE_AREA_67
                0x2040b12c                SchM_Exit_Adc_ADC_EXCLUSIVE_AREA_67
                0x2040b15c                SchM_Enter_Adc_ADC_EXCLUSIVE_AREA_68
                0x2040b190                SchM_Exit_Adc_ADC_EXCLUSIVE_AREA_68
                0x2040b1c0                SchM_Enter_Adc_ADC_EXCLUSIVE_AREA_69
                0x2040b1f4                SchM_Exit_Adc_ADC_EXCLUSIVE_AREA_69
                0x2040b224                SchM_Enter_Adc_ADC_EXCLUSIVE_AREA_70
                0x2040b258                SchM_Exit_Adc_ADC_EXCLUSIVE_AREA_70
                0x2040b288                SchM_Enter_Adc_ADC_EXCLUSIVE_AREA_71
                0x2040b2bc                SchM_Exit_Adc_ADC_EXCLUSIVE_AREA_71
                0x2040b2ec                SchM_Enter_Adc_ADC_EXCLUSIVE_AREA_72
                0x2040b320                SchM_Exit_Adc_ADC_EXCLUSIVE_AREA_72
                0x2040b350                SchM_Enter_Adc_ADC_EXCLUSIVE_AREA_73
                0x2040b384                SchM_Exit_Adc_ADC_EXCLUSIVE_AREA_73
                0x2040b3b4                SchM_Enter_Adc_ADC_EXCLUSIVE_AREA_74
                0x2040b3e8                SchM_Exit_Adc_ADC_EXCLUSIVE_AREA_74
                0x2040b418                SchM_Enter_Adc_ADC_EXCLUSIVE_AREA_75
                0x2040b44c                SchM_Exit_Adc_ADC_EXCLUSIVE_AREA_75
                0x2040b47c                SchM_Enter_Adc_ADC_EXCLUSIVE_AREA_76
                0x2040b4b0                SchM_Exit_Adc_ADC_EXCLUSIVE_AREA_76
                0x2040b4e0                SchM_Enter_Adc_ADC_EXCLUSIVE_AREA_77
                0x2040b514                SchM_Exit_Adc_ADC_EXCLUSIVE_AREA_77
                0x2040b544                SchM_Enter_Adc_ADC_EXCLUSIVE_AREA_78
                0x2040b578                SchM_Exit_Adc_ADC_EXCLUSIVE_AREA_78
                0x2040b5a8                SchM_Enter_Adc_ADC_EXCLUSIVE_AREA_79
                0x2040b5dc                SchM_Exit_Adc_ADC_EXCLUSIVE_AREA_79
                0x2040b60c                SchM_Enter_Adc_ADC_EXCLUSIVE_AREA_80
                0x2040b640                SchM_Exit_Adc_ADC_EXCLUSIVE_AREA_80
                0x2040b670                SchM_Enter_Adc_ADC_EXCLUSIVE_AREA_81
                0x2040b6a4                SchM_Exit_Adc_ADC_EXCLUSIVE_AREA_81
                0x2040b6d4                SchM_Enter_Adc_ADC_EXCLUSIVE_AREA_82
                0x2040b708                SchM_Exit_Adc_ADC_EXCLUSIVE_AREA_82
                0x2040b738                SchM_Enter_Adc_ADC_EXCLUSIVE_AREA_83
                0x2040b76c                SchM_Exit_Adc_ADC_EXCLUSIVE_AREA_83
                0x2040b79c                SchM_Enter_Adc_ADC_EXCLUSIVE_AREA_84
                0x2040b7d0                SchM_Exit_Adc_ADC_EXCLUSIVE_AREA_84
                0x2040b800                SchM_Enter_Adc_ADC_EXCLUSIVE_AREA_85
                0x2040b834                SchM_Exit_Adc_ADC_EXCLUSIVE_AREA_85
                0x2040b864                SchM_Enter_Adc_ADC_EXCLUSIVE_AREA_86
                0x2040b898                SchM_Exit_Adc_ADC_EXCLUSIVE_AREA_86
                0x2040b8c8                SchM_Enter_Adc_ADC_EXCLUSIVE_AREA_87
                0x2040b8fc                SchM_Exit_Adc_ADC_EXCLUSIVE_AREA_87
                0x2040b92c                SchM_Enter_Adc_ADC_EXCLUSIVE_AREA_88
                0x2040b960                SchM_Exit_Adc_ADC_EXCLUSIVE_AREA_88
                0x2040b990                SchM_Enter_Adc_ADC_EXCLUSIVE_AREA_89
                0x2040b9c4                SchM_Exit_Adc_ADC_EXCLUSIVE_AREA_89
                0x2040b9f4                SchM_Enter_Adc_ADC_EXCLUSIVE_AREA_90
                0x2040ba28                SchM_Exit_Adc_ADC_EXCLUSIVE_AREA_90
                0x2040ba58                SchM_Enter_Adc_ADC_EXCLUSIVE_AREA_91
                0x2040ba8c                SchM_Exit_Adc_ADC_EXCLUSIVE_AREA_91
                0x2040babc                SchM_Enter_Adc_ADC_EXCLUSIVE_AREA_92
                0x2040baf0                SchM_Exit_Adc_ADC_EXCLUSIVE_AREA_92
                0x2040bb20                SchM_Enter_Adc_ADC_EXCLUSIVE_AREA_93
                0x2040bb54                SchM_Exit_Adc_ADC_EXCLUSIVE_AREA_93
                0x2040bb84                SchM_Enter_Adc_ADC_EXCLUSIVE_AREA_94
                0x2040bbb8                SchM_Exit_Adc_ADC_EXCLUSIVE_AREA_94
                0x2040bbe8                SchM_Enter_Adc_ADC_EXCLUSIVE_AREA_95
                0x2040bc1c                SchM_Exit_Adc_ADC_EXCLUSIVE_AREA_95
                0x2040bc4c                SchM_Enter_Adc_ADC_EXCLUSIVE_AREA_96
                0x2040bc80                SchM_Exit_Adc_ADC_EXCLUSIVE_AREA_96
                0x2040bcb0                SchM_Enter_Adc_ADC_EXCLUSIVE_AREA_97
                0x2040bce4                SchM_Exit_Adc_ADC_EXCLUSIVE_AREA_97
                0x2040bd14                SchM_Enter_Adc_ADC_EXCLUSIVE_AREA_98
                0x2040bd48                SchM_Exit_Adc_ADC_EXCLUSIVE_AREA_98
                0x2040bd78                SchM_Enter_Adc_ADC_EXCLUSIVE_AREA_99
                0x2040bdac                SchM_Exit_Adc_ADC_EXCLUSIVE_AREA_99
 .mcal_text     0x2040bddc       0xc8 ./RTD/src/SchM_BaseNXP.o
                0x2040bddc                SchM_Enter_BaseNXP_BASENXP_EXCLUSIVE_AREA_00
                0x2040be10                SchM_Exit_BaseNXP_BASENXP_EXCLUSIVE_AREA_00
                0x2040be40                SchM_Enter_BaseNXP_BASENXP_EXCLUSIVE_AREA_01
                0x2040be74                SchM_Exit_BaseNXP_BASENXP_EXCLUSIVE_AREA_01
 .mcal_text     0x2040bea4      0x960 ./RTD/src/SchM_Can_43_FLEXCAN.o
                0x2040bea4                SchM_Enter_Can_43_FLEXCAN_CAN_EXCLUSIVE_AREA_00
                0x2040bed8                SchM_Exit_Can_43_FLEXCAN_CAN_EXCLUSIVE_AREA_00
                0x2040bf08                SchM_Enter_Can_43_FLEXCAN_CAN_EXCLUSIVE_AREA_01
                0x2040bf3c                SchM_Exit_Can_43_FLEXCAN_CAN_EXCLUSIVE_AREA_01
                0x2040bf6c                SchM_Enter_Can_43_FLEXCAN_CAN_EXCLUSIVE_AREA_02
                0x2040bfa0                SchM_Exit_Can_43_FLEXCAN_CAN_EXCLUSIVE_AREA_02
                0x2040bfd0                SchM_Enter_Can_43_FLEXCAN_CAN_EXCLUSIVE_AREA_03
                0x2040c004                SchM_Exit_Can_43_FLEXCAN_CAN_EXCLUSIVE_AREA_03
                0x2040c034                SchM_Enter_Can_43_FLEXCAN_CAN_EXCLUSIVE_AREA_04
                0x2040c068                SchM_Exit_Can_43_FLEXCAN_CAN_EXCLUSIVE_AREA_04
                0x2040c098                SchM_Enter_Can_43_FLEXCAN_CAN_EXCLUSIVE_AREA_05
                0x2040c0cc                SchM_Exit_Can_43_FLEXCAN_CAN_EXCLUSIVE_AREA_05
                0x2040c0fc                SchM_Enter_Can_43_FLEXCAN_CAN_EXCLUSIVE_AREA_06
                0x2040c130                SchM_Exit_Can_43_FLEXCAN_CAN_EXCLUSIVE_AREA_06
                0x2040c160                SchM_Enter_Can_43_FLEXCAN_CAN_EXCLUSIVE_AREA_07
                0x2040c194                SchM_Exit_Can_43_FLEXCAN_CAN_EXCLUSIVE_AREA_07
                0x2040c1c4                SchM_Enter_Can_43_FLEXCAN_CAN_EXCLUSIVE_AREA_08
                0x2040c1f8                SchM_Exit_Can_43_FLEXCAN_CAN_EXCLUSIVE_AREA_08
                0x2040c228                SchM_Enter_Can_43_FLEXCAN_CAN_EXCLUSIVE_AREA_09
                0x2040c25c                SchM_Exit_Can_43_FLEXCAN_CAN_EXCLUSIVE_AREA_09
                0x2040c28c                SchM_Enter_Can_43_FLEXCAN_CAN_EXCLUSIVE_AREA_10
                0x2040c2c0                SchM_Exit_Can_43_FLEXCAN_CAN_EXCLUSIVE_AREA_10
                0x2040c2f0                SchM_Enter_Can_43_FLEXCAN_CAN_EXCLUSIVE_AREA_11
                0x2040c324                SchM_Exit_Can_43_FLEXCAN_CAN_EXCLUSIVE_AREA_11
                0x2040c354                SchM_Enter_Can_43_FLEXCAN_CAN_EXCLUSIVE_AREA_12
                0x2040c388                SchM_Exit_Can_43_FLEXCAN_CAN_EXCLUSIVE_AREA_12
                0x2040c3b8                SchM_Enter_Can_43_FLEXCAN_CAN_EXCLUSIVE_AREA_13
                0x2040c3ec                SchM_Exit_Can_43_FLEXCAN_CAN_EXCLUSIVE_AREA_13
                0x2040c41c                SchM_Enter_Can_43_FLEXCAN_CAN_EXCLUSIVE_AREA_14
                0x2040c450                SchM_Exit_Can_43_FLEXCAN_CAN_EXCLUSIVE_AREA_14
                0x2040c480                SchM_Enter_Can_43_FLEXCAN_CAN_EXCLUSIVE_AREA_15
                0x2040c4b4                SchM_Exit_Can_43_FLEXCAN_CAN_EXCLUSIVE_AREA_15
                0x2040c4e4                SchM_Enter_Can_43_FLEXCAN_CAN_EXCLUSIVE_AREA_16
                0x2040c518                SchM_Exit_Can_43_FLEXCAN_CAN_EXCLUSIVE_AREA_16
                0x2040c548                SchM_Enter_Can_43_FLEXCAN_CAN_EXCLUSIVE_AREA_17
                0x2040c57c                SchM_Exit_Can_43_FLEXCAN_CAN_EXCLUSIVE_AREA_17
                0x2040c5ac                SchM_Enter_Can_43_FLEXCAN_CAN_EXCLUSIVE_AREA_18
                0x2040c5e0                SchM_Exit_Can_43_FLEXCAN_CAN_EXCLUSIVE_AREA_18
                0x2040c610                SchM_Enter_Can_43_FLEXCAN_CAN_EXCLUSIVE_AREA_19
                0x2040c644                SchM_Exit_Can_43_FLEXCAN_CAN_EXCLUSIVE_AREA_19
                0x2040c674                SchM_Enter_Can_43_FLEXCAN_CAN_EXCLUSIVE_AREA_20
                0x2040c6a8                SchM_Exit_Can_43_FLEXCAN_CAN_EXCLUSIVE_AREA_20
                0x2040c6d8                SchM_Enter_Can_43_FLEXCAN_CAN_EXCLUSIVE_AREA_21
                0x2040c70c                SchM_Exit_Can_43_FLEXCAN_CAN_EXCLUSIVE_AREA_21
                0x2040c73c                SchM_Enter_Can_43_FLEXCAN_CAN_EXCLUSIVE_AREA_22
                0x2040c770                SchM_Exit_Can_43_FLEXCAN_CAN_EXCLUSIVE_AREA_22
                0x2040c7a0                SchM_Enter_Can_43_FLEXCAN_CAN_EXCLUSIVE_AREA_23
                0x2040c7d4                SchM_Exit_Can_43_FLEXCAN_CAN_EXCLUSIVE_AREA_23
 .mcal_text     0x2040c804       0xc8 ./RTD/src/SchM_Dio.o
                0x2040c804                SchM_Enter_Dio_DIO_EXCLUSIVE_AREA_00
                0x2040c838                SchM_Exit_Dio_DIO_EXCLUSIVE_AREA_00
                0x2040c868                SchM_Enter_Dio_DIO_EXCLUSIVE_AREA_01
                0x2040c89c                SchM_Exit_Dio_DIO_EXCLUSIVE_AREA_01
 .mcal_text     0x2040c8cc     0x1a2c ./RTD/src/SchM_Gpt.o
                0x2040c8cc                SchM_Enter_Gpt_GPT_EXCLUSIVE_AREA_00
                0x2040c900                SchM_Exit_Gpt_GPT_EXCLUSIVE_AREA_00
                0x2040c930                SchM_Enter_Gpt_GPT_EXCLUSIVE_AREA_01
                0x2040c964                SchM_Exit_Gpt_GPT_EXCLUSIVE_AREA_01
                0x2040c994                SchM_Enter_Gpt_GPT_EXCLUSIVE_AREA_02
                0x2040c9c8                SchM_Exit_Gpt_GPT_EXCLUSIVE_AREA_02
                0x2040c9f8                SchM_Enter_Gpt_GPT_EXCLUSIVE_AREA_03
                0x2040ca2c                SchM_Exit_Gpt_GPT_EXCLUSIVE_AREA_03
                0x2040ca5c                SchM_Enter_Gpt_GPT_EXCLUSIVE_AREA_04
                0x2040ca90                SchM_Exit_Gpt_GPT_EXCLUSIVE_AREA_04
                0x2040cac0                SchM_Enter_Gpt_GPT_EXCLUSIVE_AREA_05
                0x2040caf4                SchM_Exit_Gpt_GPT_EXCLUSIVE_AREA_05
                0x2040cb24                SchM_Enter_Gpt_GPT_EXCLUSIVE_AREA_06
                0x2040cb58                SchM_Exit_Gpt_GPT_EXCLUSIVE_AREA_06
                0x2040cb88                SchM_Enter_Gpt_GPT_EXCLUSIVE_AREA_07
                0x2040cbbc                SchM_Exit_Gpt_GPT_EXCLUSIVE_AREA_07
                0x2040cbec                SchM_Enter_Gpt_GPT_EXCLUSIVE_AREA_08
                0x2040cc20                SchM_Exit_Gpt_GPT_EXCLUSIVE_AREA_08
                0x2040cc50                SchM_Enter_Gpt_GPT_EXCLUSIVE_AREA_09
                0x2040cc84                SchM_Exit_Gpt_GPT_EXCLUSIVE_AREA_09
                0x2040ccb4                SchM_Enter_Gpt_GPT_EXCLUSIVE_AREA_10
                0x2040cce8                SchM_Exit_Gpt_GPT_EXCLUSIVE_AREA_10
                0x2040cd18                SchM_Enter_Gpt_GPT_EXCLUSIVE_AREA_11
                0x2040cd4c                SchM_Exit_Gpt_GPT_EXCLUSIVE_AREA_11
                0x2040cd7c                SchM_Enter_Gpt_GPT_EXCLUSIVE_AREA_15
                0x2040cdb0                SchM_Exit_Gpt_GPT_EXCLUSIVE_AREA_15
                0x2040cde0                SchM_Enter_Gpt_GPT_EXCLUSIVE_AREA_16
                0x2040ce14                SchM_Exit_Gpt_GPT_EXCLUSIVE_AREA_16
                0x2040ce44                SchM_Enter_Gpt_GPT_EXCLUSIVE_AREA_17
                0x2040ce78                SchM_Exit_Gpt_GPT_EXCLUSIVE_AREA_17
                0x2040cea8                SchM_Enter_Gpt_GPT_EXCLUSIVE_AREA_18
                0x2040cedc                SchM_Exit_Gpt_GPT_EXCLUSIVE_AREA_18
                0x2040cf0c                SchM_Enter_Gpt_GPT_EXCLUSIVE_AREA_19
                0x2040cf40                SchM_Exit_Gpt_GPT_EXCLUSIVE_AREA_19
                0x2040cf70                SchM_Enter_Gpt_GPT_EXCLUSIVE_AREA_21
                0x2040cfa4                SchM_Exit_Gpt_GPT_EXCLUSIVE_AREA_21
                0x2040cfd4                SchM_Enter_Gpt_GPT_EXCLUSIVE_AREA_22
                0x2040d008                SchM_Exit_Gpt_GPT_EXCLUSIVE_AREA_22
                0x2040d038                SchM_Enter_Gpt_GPT_EXCLUSIVE_AREA_23
                0x2040d06c                SchM_Exit_Gpt_GPT_EXCLUSIVE_AREA_23
                0x2040d09c                SchM_Enter_Gpt_GPT_EXCLUSIVE_AREA_24
                0x2040d0d0                SchM_Exit_Gpt_GPT_EXCLUSIVE_AREA_24
                0x2040d100                SchM_Enter_Gpt_GPT_EXCLUSIVE_AREA_25
                0x2040d134                SchM_Exit_Gpt_GPT_EXCLUSIVE_AREA_25
                0x2040d164                SchM_Enter_Gpt_GPT_EXCLUSIVE_AREA_26
                0x2040d198                SchM_Exit_Gpt_GPT_EXCLUSIVE_AREA_26
                0x2040d1c8                SchM_Enter_Gpt_GPT_EXCLUSIVE_AREA_29
                0x2040d1fc                SchM_Exit_Gpt_GPT_EXCLUSIVE_AREA_29
                0x2040d22c                SchM_Enter_Gpt_GPT_EXCLUSIVE_AREA_30
                0x2040d260                SchM_Exit_Gpt_GPT_EXCLUSIVE_AREA_30
                0x2040d290                SchM_Enter_Gpt_GPT_EXCLUSIVE_AREA_31
                0x2040d2c4                SchM_Exit_Gpt_GPT_EXCLUSIVE_AREA_31
                0x2040d2f4                SchM_Enter_Gpt_GPT_EXCLUSIVE_AREA_35
                0x2040d328                SchM_Exit_Gpt_GPT_EXCLUSIVE_AREA_35
                0x2040d358                SchM_Enter_Gpt_GPT_EXCLUSIVE_AREA_36
                0x2040d38c                SchM_Exit_Gpt_GPT_EXCLUSIVE_AREA_36
                0x2040d3bc                SchM_Enter_Gpt_GPT_EXCLUSIVE_AREA_38
                0x2040d3f0                SchM_Exit_Gpt_GPT_EXCLUSIVE_AREA_38
                0x2040d420                SchM_Enter_Gpt_GPT_EXCLUSIVE_AREA_39
                0x2040d454                SchM_Exit_Gpt_GPT_EXCLUSIVE_AREA_39
                0x2040d484                SchM_Enter_Gpt_GPT_EXCLUSIVE_AREA_40
                0x2040d4b8                SchM_Exit_Gpt_GPT_EXCLUSIVE_AREA_40
                0x2040d4e8                SchM_Enter_Gpt_GPT_EXCLUSIVE_AREA_41
                0x2040d51c                SchM_Exit_Gpt_GPT_EXCLUSIVE_AREA_41
                0x2040d54c                SchM_Enter_Gpt_GPT_EXCLUSIVE_AREA_42
                0x2040d580                SchM_Exit_Gpt_GPT_EXCLUSIVE_AREA_42
                0x2040d5b0                SchM_Enter_Gpt_GPT_EXCLUSIVE_AREA_43
                0x2040d5e4                SchM_Exit_Gpt_GPT_EXCLUSIVE_AREA_43
                0x2040d614                SchM_Enter_Gpt_GPT_EXCLUSIVE_AREA_44
                0x2040d648                SchM_Exit_Gpt_GPT_EXCLUSIVE_AREA_44
                0x2040d678                SchM_Enter_Gpt_GPT_EXCLUSIVE_AREA_45
                0x2040d6ac                SchM_Exit_Gpt_GPT_EXCLUSIVE_AREA_45
                0x2040d6dc                SchM_Enter_Gpt_GPT_EXCLUSIVE_AREA_46
                0x2040d710                SchM_Exit_Gpt_GPT_EXCLUSIVE_AREA_46
                0x2040d740                SchM_Enter_Gpt_GPT_EXCLUSIVE_AREA_50
                0x2040d774                SchM_Exit_Gpt_GPT_EXCLUSIVE_AREA_50
                0x2040d7a4                SchM_Enter_Gpt_GPT_EXCLUSIVE_AREA_51
                0x2040d7d8                SchM_Exit_Gpt_GPT_EXCLUSIVE_AREA_51
                0x2040d808                SchM_Enter_Gpt_GPT_EXCLUSIVE_AREA_52
                0x2040d83c                SchM_Exit_Gpt_GPT_EXCLUSIVE_AREA_52
                0x2040d86c                SchM_Enter_Gpt_GPT_EXCLUSIVE_AREA_53
                0x2040d8a0                SchM_Exit_Gpt_GPT_EXCLUSIVE_AREA_53
                0x2040d8d0                SchM_Enter_Gpt_GPT_EXCLUSIVE_AREA_54
                0x2040d904                SchM_Exit_Gpt_GPT_EXCLUSIVE_AREA_54
                0x2040d934                SchM_Enter_Gpt_GPT_EXCLUSIVE_AREA_55
                0x2040d968                SchM_Exit_Gpt_GPT_EXCLUSIVE_AREA_55
                0x2040d998                SchM_Enter_Gpt_GPT_EXCLUSIVE_AREA_56
                0x2040d9cc                SchM_Exit_Gpt_GPT_EXCLUSIVE_AREA_56
                0x2040d9fc                SchM_Enter_Gpt_GPT_EXCLUSIVE_AREA_60
                0x2040da30                SchM_Exit_Gpt_GPT_EXCLUSIVE_AREA_60
                0x2040da60                SchM_Enter_Gpt_GPT_EXCLUSIVE_AREA_61
                0x2040da94                SchM_Exit_Gpt_GPT_EXCLUSIVE_AREA_61
                0x2040dac4                SchM_Enter_Gpt_GPT_EXCLUSIVE_AREA_64
                0x2040daf8                SchM_Exit_Gpt_GPT_EXCLUSIVE_AREA_64
                0x2040db28                SchM_Enter_Gpt_GPT_EXCLUSIVE_AREA_65
                0x2040db5c                SchM_Exit_Gpt_GPT_EXCLUSIVE_AREA_65
                0x2040db8c                SchM_Enter_Gpt_GPT_EXCLUSIVE_AREA_66
                0x2040dbc0                SchM_Exit_Gpt_GPT_EXCLUSIVE_AREA_66
                0x2040dbf0                SchM_Enter_Gpt_GPT_EXCLUSIVE_AREA_67
                0x2040dc24                SchM_Exit_Gpt_GPT_EXCLUSIVE_AREA_67
                0x2040dc54                SchM_Enter_Gpt_GPT_EXCLUSIVE_AREA_68
                0x2040dc88                SchM_Exit_Gpt_GPT_EXCLUSIVE_AREA_68
                0x2040dcb8                SchM_Enter_Gpt_GPT_EXCLUSIVE_AREA_69
                0x2040dcec                SchM_Exit_Gpt_GPT_EXCLUSIVE_AREA_69
                0x2040dd1c                SchM_Enter_Gpt_GPT_EXCLUSIVE_AREA_70
                0x2040dd50                SchM_Exit_Gpt_GPT_EXCLUSIVE_AREA_70
                0x2040dd80                SchM_Enter_Gpt_GPT_EXCLUSIVE_AREA_71
                0x2040ddb4                SchM_Exit_Gpt_GPT_EXCLUSIVE_AREA_71
                0x2040dde4                SchM_Enter_Gpt_GPT_EXCLUSIVE_AREA_72
                0x2040de18                SchM_Exit_Gpt_GPT_EXCLUSIVE_AREA_72
                0x2040de48                SchM_Enter_Gpt_GPT_EXCLUSIVE_AREA_73
                0x2040de7c                SchM_Exit_Gpt_GPT_EXCLUSIVE_AREA_73
                0x2040deac                SchM_Enter_Gpt_GPT_EXCLUSIVE_AREA_80
                0x2040dee0                SchM_Exit_Gpt_GPT_EXCLUSIVE_AREA_80
                0x2040df10                SchM_Enter_Gpt_GPT_EXCLUSIVE_AREA_81
                0x2040df44                SchM_Exit_Gpt_GPT_EXCLUSIVE_AREA_81
                0x2040df74                SchM_Enter_Gpt_GPT_EXCLUSIVE_AREA_82
                0x2040dfa8                SchM_Exit_Gpt_GPT_EXCLUSIVE_AREA_82
                0x2040dfd8                SchM_Enter_Gpt_GPT_EXCLUSIVE_AREA_83
                0x2040e00c                SchM_Exit_Gpt_GPT_EXCLUSIVE_AREA_83
                0x2040e03c                SchM_Enter_Gpt_GPT_EXCLUSIVE_AREA_84
                0x2040e070                SchM_Exit_Gpt_GPT_EXCLUSIVE_AREA_84
                0x2040e0a0                SchM_Enter_Gpt_GPT_EXCLUSIVE_AREA_85
                0x2040e0d4                SchM_Exit_Gpt_GPT_EXCLUSIVE_AREA_85
                0x2040e104                SchM_Enter_Gpt_GPT_EXCLUSIVE_AREA_86
                0x2040e138                SchM_Exit_Gpt_GPT_EXCLUSIVE_AREA_86
                0x2040e168                SchM_Enter_Gpt_GPT_EXCLUSIVE_AREA_87
                0x2040e19c                SchM_Exit_Gpt_GPT_EXCLUSIVE_AREA_87
                0x2040e1cc                SchM_Enter_Gpt_GPT_EXCLUSIVE_AREA_89
                0x2040e200                SchM_Exit_Gpt_GPT_EXCLUSIVE_AREA_89
                0x2040e230                SchM_Enter_Gpt_GPT_EXCLUSIVE_AREA_90
                0x2040e264                SchM_Exit_Gpt_GPT_EXCLUSIVE_AREA_90
                0x2040e294                SchM_Enter_Gpt_GPT_EXCLUSIVE_AREA_91
                0x2040e2c8                SchM_Exit_Gpt_GPT_EXCLUSIVE_AREA_91
 .mcal_text     0x2040e2f8      0x12c ./RTD/src/SchM_Mcu.o
                0x2040e2f8                SchM_Enter_Mcu_MCU_EXCLUSIVE_AREA_00
                0x2040e32c                SchM_Exit_Mcu_MCU_EXCLUSIVE_AREA_00
                0x2040e35c                SchM_Enter_Mcu_MCU_EXCLUSIVE_AREA_01
                0x2040e390                SchM_Exit_Mcu_MCU_EXCLUSIVE_AREA_01
                0x2040e3c0                SchM_Enter_Mcu_MCU_EXCLUSIVE_AREA_02
                0x2040e3f4                SchM_Exit_Mcu_MCU_EXCLUSIVE_AREA_02
 .mcal_text     0x2040e424      0xaf0 ./RTD/src/SchM_Port.o
                0x2040e424                SchM_Enter_Port_PORT_EXCLUSIVE_AREA_00
                0x2040e458                SchM_Exit_Port_PORT_EXCLUSIVE_AREA_00
                0x2040e488                SchM_Enter_Port_PORT_EXCLUSIVE_AREA_01
                0x2040e4bc                SchM_Exit_Port_PORT_EXCLUSIVE_AREA_01
                0x2040e4ec                SchM_Enter_Port_PORT_EXCLUSIVE_AREA_02
                0x2040e520                SchM_Exit_Port_PORT_EXCLUSIVE_AREA_02
                0x2040e550                SchM_Enter_Port_PORT_EXCLUSIVE_AREA_03
                0x2040e584                SchM_Exit_Port_PORT_EXCLUSIVE_AREA_03
                0x2040e5b4                SchM_Enter_Port_PORT_EXCLUSIVE_AREA_04
                0x2040e5e8                SchM_Exit_Port_PORT_EXCLUSIVE_AREA_04
                0x2040e618                SchM_Enter_Port_PORT_EXCLUSIVE_AREA_05
                0x2040e64c                SchM_Exit_Port_PORT_EXCLUSIVE_AREA_05
                0x2040e67c                SchM_Enter_Port_PORT_EXCLUSIVE_AREA_06
                0x2040e6b0                SchM_Exit_Port_PORT_EXCLUSIVE_AREA_06
                0x2040e6e0                SchM_Enter_Port_PORT_EXCLUSIVE_AREA_07
                0x2040e714                SchM_Exit_Port_PORT_EXCLUSIVE_AREA_07
                0x2040e744                SchM_Enter_Port_PORT_EXCLUSIVE_AREA_08
                0x2040e778                SchM_Exit_Port_PORT_EXCLUSIVE_AREA_08
                0x2040e7a8                SchM_Enter_Port_PORT_EXCLUSIVE_AREA_09
                0x2040e7dc                SchM_Exit_Port_PORT_EXCLUSIVE_AREA_09
                0x2040e80c                SchM_Enter_Port_PORT_EXCLUSIVE_AREA_10
                0x2040e840                SchM_Exit_Port_PORT_EXCLUSIVE_AREA_10
                0x2040e870                SchM_Enter_Port_PORT_EXCLUSIVE_AREA_11
                0x2040e8a4                SchM_Exit_Port_PORT_EXCLUSIVE_AREA_11
                0x2040e8d4                SchM_Enter_Port_PORT_EXCLUSIVE_AREA_12
                0x2040e908                SchM_Exit_Port_PORT_EXCLUSIVE_AREA_12
                0x2040e938                SchM_Enter_Port_PORT_EXCLUSIVE_AREA_13
                0x2040e96c                SchM_Exit_Port_PORT_EXCLUSIVE_AREA_13
                0x2040e99c                SchM_Enter_Port_PORT_EXCLUSIVE_AREA_14
                0x2040e9d0                SchM_Exit_Port_PORT_EXCLUSIVE_AREA_14
                0x2040ea00                SchM_Enter_Port_PORT_EXCLUSIVE_AREA_15
                0x2040ea34                SchM_Exit_Port_PORT_EXCLUSIVE_AREA_15
                0x2040ea64                SchM_Enter_Port_PORT_EXCLUSIVE_AREA_16
                0x2040ea98                SchM_Exit_Port_PORT_EXCLUSIVE_AREA_16
                0x2040eac8                SchM_Enter_Port_PORT_EXCLUSIVE_AREA_17
                0x2040eafc                SchM_Exit_Port_PORT_EXCLUSIVE_AREA_17
                0x2040eb2c                SchM_Enter_Port_PORT_EXCLUSIVE_AREA_18
                0x2040eb60                SchM_Exit_Port_PORT_EXCLUSIVE_AREA_18
                0x2040eb90                SchM_Enter_Port_PORT_EXCLUSIVE_AREA_19
                0x2040ebc4                SchM_Exit_Port_PORT_EXCLUSIVE_AREA_19
                0x2040ebf4                SchM_Enter_Port_PORT_EXCLUSIVE_AREA_20
                0x2040ec28                SchM_Exit_Port_PORT_EXCLUSIVE_AREA_20
                0x2040ec58                SchM_Enter_Port_PORT_EXCLUSIVE_AREA_21
                0x2040ec8c                SchM_Exit_Port_PORT_EXCLUSIVE_AREA_21
                0x2040ecbc                SchM_Enter_Port_PORT_EXCLUSIVE_AREA_22
                0x2040ecf0                SchM_Exit_Port_PORT_EXCLUSIVE_AREA_22
                0x2040ed20                SchM_Enter_Port_PORT_EXCLUSIVE_AREA_23
                0x2040ed54                SchM_Exit_Port_PORT_EXCLUSIVE_AREA_23
                0x2040ed84                SchM_Enter_Port_PORT_EXCLUSIVE_AREA_24
                0x2040edb8                SchM_Exit_Port_PORT_EXCLUSIVE_AREA_24
                0x2040ede8                SchM_Enter_Port_PORT_EXCLUSIVE_AREA_25
                0x2040ee1c                SchM_Exit_Port_PORT_EXCLUSIVE_AREA_25
                0x2040ee4c                SchM_Enter_Port_PORT_EXCLUSIVE_AREA_26
                0x2040ee80                SchM_Exit_Port_PORT_EXCLUSIVE_AREA_26
                0x2040eeb0                SchM_Enter_Port_PORT_EXCLUSIVE_AREA_27
                0x2040eee4                SchM_Exit_Port_PORT_EXCLUSIVE_AREA_27
 .mcal_text     0x2040ef14      0xa28 ./RTD/src/SchM_Spi.o
                0x2040ef14                SchM_Enter_Spi_SPI_EXCLUSIVE_AREA_00
                0x2040ef48                SchM_Exit_Spi_SPI_EXCLUSIVE_AREA_00
                0x2040ef78                SchM_Enter_Spi_SPI_EXCLUSIVE_AREA_01
                0x2040efac                SchM_Exit_Spi_SPI_EXCLUSIVE_AREA_01
                0x2040efdc                SchM_Enter_Spi_SPI_EXCLUSIVE_AREA_02
                0x2040f010                SchM_Exit_Spi_SPI_EXCLUSIVE_AREA_02
                0x2040f040                SchM_Enter_Spi_SPI_EXCLUSIVE_AREA_03
                0x2040f074                SchM_Exit_Spi_SPI_EXCLUSIVE_AREA_03
                0x2040f0a4                SchM_Enter_Spi_SPI_EXCLUSIVE_AREA_04
                0x2040f0d8                SchM_Exit_Spi_SPI_EXCLUSIVE_AREA_04
                0x2040f108                SchM_Enter_Spi_SPI_EXCLUSIVE_AREA_05
                0x2040f13c                SchM_Exit_Spi_SPI_EXCLUSIVE_AREA_05
                0x2040f16c                SchM_Enter_Spi_SPI_EXCLUSIVE_AREA_06
                0x2040f1a0                SchM_Exit_Spi_SPI_EXCLUSIVE_AREA_06
                0x2040f1d0                SchM_Enter_Spi_SPI_EXCLUSIVE_AREA_07
                0x2040f204                SchM_Exit_Spi_SPI_EXCLUSIVE_AREA_07
                0x2040f234                SchM_Enter_Spi_SPI_EXCLUSIVE_AREA_08
                0x2040f268                SchM_Exit_Spi_SPI_EXCLUSIVE_AREA_08
                0x2040f298                SchM_Enter_Spi_SPI_EXCLUSIVE_AREA_09
                0x2040f2cc                SchM_Exit_Spi_SPI_EXCLUSIVE_AREA_09
                0x2040f2fc                SchM_Enter_Spi_SPI_EXCLUSIVE_AREA_10
                0x2040f330                SchM_Exit_Spi_SPI_EXCLUSIVE_AREA_10
                0x2040f360                SchM_Enter_Spi_SPI_EXCLUSIVE_AREA_11
                0x2040f394                SchM_Exit_Spi_SPI_EXCLUSIVE_AREA_11
                0x2040f3c4                SchM_Enter_Spi_SPI_EXCLUSIVE_AREA_12
                0x2040f3f8                SchM_Exit_Spi_SPI_EXCLUSIVE_AREA_12
                0x2040f428                SchM_Enter_Spi_SPI_EXCLUSIVE_AREA_13
                0x2040f45c                SchM_Exit_Spi_SPI_EXCLUSIVE_AREA_13
                0x2040f48c                SchM_Enter_Spi_SPI_EXCLUSIVE_AREA_14
                0x2040f4c0                SchM_Exit_Spi_SPI_EXCLUSIVE_AREA_14
                0x2040f4f0                SchM_Enter_Spi_SPI_EXCLUSIVE_AREA_15
                0x2040f524                SchM_Exit_Spi_SPI_EXCLUSIVE_AREA_15
                0x2040f554                SchM_Enter_Spi_SPI_EXCLUSIVE_AREA_16
                0x2040f588                SchM_Exit_Spi_SPI_EXCLUSIVE_AREA_16
                0x2040f5b8                SchM_Enter_Spi_SPI_EXCLUSIVE_AREA_17
                0x2040f5ec                SchM_Exit_Spi_SPI_EXCLUSIVE_AREA_17
                0x2040f61c                SchM_Enter_Spi_SPI_EXCLUSIVE_AREA_18
                0x2040f650                SchM_Exit_Spi_SPI_EXCLUSIVE_AREA_18
                0x2040f680                SchM_Enter_Spi_SPI_EXCLUSIVE_AREA_19
                0x2040f6b4                SchM_Exit_Spi_SPI_EXCLUSIVE_AREA_19
                0x2040f6e4                SchM_Enter_Spi_SPI_EXCLUSIVE_AREA_20
                0x2040f718                SchM_Exit_Spi_SPI_EXCLUSIVE_AREA_20
                0x2040f748                SchM_Enter_Spi_SPI_EXCLUSIVE_AREA_21
                0x2040f77c                SchM_Exit_Spi_SPI_EXCLUSIVE_AREA_21
                0x2040f7ac                SchM_Enter_Spi_SPI_EXCLUSIVE_AREA_22
                0x2040f7e0                SchM_Exit_Spi_SPI_EXCLUSIVE_AREA_22
                0x2040f810                SchM_Enter_Spi_SPI_EXCLUSIVE_AREA_23
                0x2040f844                SchM_Exit_Spi_SPI_EXCLUSIVE_AREA_23
                0x2040f874                SchM_Enter_Spi_SPI_EXCLUSIVE_AREA_24
                0x2040f8a8                SchM_Exit_Spi_SPI_EXCLUSIVE_AREA_24
                0x2040f8d8                SchM_Enter_Spi_SPI_EXCLUSIVE_AREA_25
                0x2040f90c                SchM_Exit_Spi_SPI_EXCLUSIVE_AREA_25
 .mcal_text     0x2040f93c      0x1fc ./RTD/src/Siul2_Dio_Ip.o
                0x2040f970                Siul2_Dio_Ip_WritePin
                0x2040f9dc                Siul2_Dio_Ip_SetGPDO
                0x2040f9f8                Siul2_Dio_Ip_ClearGPDO
                0x2040fa14                Siul2_Dio_Ip_WritePins
                0x2040fa2c                Siul2_Dio_Ip_GetPinsOutput
                0x2040fa44                Siul2_Dio_Ip_SetPins
                0x2040fa62                Siul2_Dio_Ip_ClearPins
                0x2040fa82                Siul2_Dio_Ip_TogglePins
                0x2040faa0                Siul2_Dio_Ip_ReadPins
                0x2040faba                Siul2_Dio_Ip_ReadPin
                0x2040faec                Siul2_Dio_Ip_MaskedWritePins
 .mcal_text     0x2040fb38      0x458 ./RTD/src/Siul2_Port_Ip.o
                0x2040fc8c                Siul2_Port_Ip_Init
                0x2040fcbc                Siul2_Port_Ip_SetPullSel
                0x2040fd18                Siul2_Port_Ip_SetOutputBuffer
                0x2040fd7e                Siul2_Port_Ip_SetInputBuffer
                0x2040fdee                Siul2_Port_Ip_SetPinDirection
                0x2040fe66                Siul2_Port_Ip_RevertPinConfiguration
                0x2040fec8                Siul2_Port_Ip_GetPinConfiguration
 .mcal_text     0x2040ff90      0x11c ./RTD/src/Tspc_Port_Ip.o
                0x2040ff90                Tspc_Port_Ip_EnableObeGroup
                0x2040ffc0                Tspc_Port_Ip_DisableObeGroup
                0x2040fff0                Tspc_Port_Ip_MaskObeGroup
                0x2041000e                Tspc_Port_Ip_ConfigureObeGroup
                0x204100ac                . = ALIGN (0x4)
 *(.init)
                0x204100ac                . = ALIGN (0x4)
 *(.fini)
                0x204100ac                . = ALIGN (0x4)
 *(.rodata)
 .rodata        0x204100ac       0x16 ./RTD/src/Adc_Sar_Ip.o
 .rodata        0x204100c2        0x3 ./RTD/src/Clock_Ip_IntOsc.o
 .rodata        0x204100c5       0x48 ./RTD/src/FlexCAN_Ip_HwAccess.o
 .rodata        0x2041010d        0x6 ./RTD/src/Pit_Ip.o
 *fill*         0x20410113        0x1 
 .rodata        0x20410114        0x4 ./RTD/src/Siul2_Port_Ip.o
                0x20410114                Port_au32Siul2BaseAddr
 .rodata        0x20410118        0x8 ./src/communication/Bms_Can.o
 .rodata        0x20410120       0x18 ./src/main.o
 *(.rodata*)
 .rodata.logf.str1.1
                0x20410138        0x1 c:/nxp/s32ds.3.6.10/s32ds/build_tools/gcc_v10.2/gcc-10.2-arm32-eabi/bin/../lib/gcc/arm-none-eabi/10.2.0/../../../../arm-none-eabi/lib/thumb/v7e-m+fp/hard\libm.a(lib_a-wf_log.o)
 *fill*         0x20410139        0x3 
 .rodata._global_impure_ptr
                0x2041013c        0x4 c:/nxp/s32ds.3.6.10/s32ds/build_tools/gcc_v10.2/gcc-10.2-arm32-eabi/bin/../lib/gcc/arm-none-eabi/10.2.0/../../../../arm-none-eabi/lib/thumb/v7e-m+fp/hard\libg_nano.a(lib_a-impure.o)
                0x2041013c                _global_impure_ptr
                0x20410140                . = ALIGN (0x4)
 *(.mcal_const_cfg)
 .mcal_const_cfg
                0x20410140      0xb40 ./board/Siul2_Port_Ip_Cfg.o
                0x20410140                g_pin_mux_InitConfigArr_PortContainer_0_BOARD_InitPeripherals
 .mcal_const_cfg
                0x20410c80      0x120 ./generate/src/Adc_Sar_Ip_PBcfg.o
                0x20410c80                AdcHwUnit_0
                0x20410d10                AdcHwUnit_1
 .mcal_const_cfg
                0x20410da0      0x5fc ./generate/src/Clock_Ip_Cfg.o
                0x20410da0                Clock_Ip_aClockConfig
 .mcal_const_cfg
                0x2041139c       0x68 ./generate/src/FlexCAN_Ip_Sa_PBcfg.o
                0x2041139c                FlexCAN_Config0
 .mcal_const_cfg
                0x20411404       0x14 ./generate/src/IntCtrl_Ip_Cfg.o
                0x20411404                IntCtrlConfig_0
 .mcal_const_cfg
                0x20411418       0x2c ./generate/src/Lpspi_Ip_Sa_PBcfg.o
                0x20411418                Lpspi_Ip_PhyUnitConfig_SpiPhyUnit_1_Instance_1
                0x2041142c                Lpspi_Ip_DeviceAttributes_SpiExternalDevice_0_Instance_1
 .mcal_const_cfg
                0x20411444        0xc ./generate/src/OsIf_Cfg.o
                0x20411444                OsIf_apxPredefinedConfig
 .mcal_const_cfg
                0x20411450       0x12 ./generate/src/Pit_Ip_SA_PBcfg.o
                0x20411450                PIT_0_ChannelConfig_PB
                0x20411460                PIT_0_InitConfig_PB
                0x20411464                . = ALIGN (0x4)
 *fill*         0x20411462        0x2 
 *(.mcal_const)
 .mcal_const    0x20411464       0x40 ./RTD/src/Adc_Sar_Ip.o
 .mcal_const    0x204114a4     0x1130 ./RTD/src/Clock_Ip_Data.o
                0x204114a4                Clock_Ip_axGateInfo
                0x20411b8c                Clock_Ip_axFeatureExtensions
                0x20411ddc                Clock_Ip_aeHwDfsName
                0x20411de0                Clock_Ip_aeHwPllName
                0x20411de4                Clock_Ip_aeSourceTypeClockName
                0x20411e3c                Clock_Ip_apxMcMeTriggerPartitions
                0x20411e4c                Clock_Ip_apxMcMeGetPartitions
                0x20411e5c                Clock_Ip_apxMcMeSetPartitions
                0x20411e6c                Clock_Ip_axCmuInfo
                0x20411ef8                Clock_Ip_aeCmuNames
                0x20411f14                Clock_Ip_apxCmu
                0x20411f30                Clock_Ip_apxPll
                0x20411f40                Clock_Ip_apxXosc
                0x20411f48                Clock_Ip_apxCgmPcfs
                0x20411f4c                Clock_Ip_apxCgm
                0x20411fa0                Clock_Ip_au16SelectorEntryRtcHardwareValue
                0x20411fcc                Clock_Ip_au16SelectorEntryHardwareValue
                0x20411ff8                Clock_Ip_au8SoftwareMuxResetValue
                0x20412084                Clock_Ip_au8ClockFeatures
                0x20412570                Clock_Ip_au8CmuCallbackIndex
                0x2041257a                Clock_Ip_au8PcfsCallbackIndex
                0x20412584                Clock_Ip_au8SelectorCallbackIndex
                0x2041258e                Clock_Ip_au8PllCallbackIndex
                0x20412598                Clock_Ip_au8FractionalDividerCallbackIndex
                0x204125a2                Clock_Ip_au8GateCallbackIndex
                0x204125ac                Clock_Ip_au8IrcoscCallbackIndex
                0x204125b6                Clock_Ip_au8XoscCallbackIndex
                0x204125c0                Clock_Ip_au8DividerTriggerCallbackIndex
                0x204125ca                Clock_Ip_au8DividerCallbackIndex
 .mcal_const    0x204125d4       0x14 ./RTD/src/Clock_Ip_Divider.o
                0x204125d4                Clock_Ip_axDividerCallbacks
 .mcal_const    0x204125e8       0x10 ./RTD/src/Clock_Ip_DividerTrigger.o
                0x204125e8                Clock_Ip_axDividerTriggerCallbacks
 .mcal_const    0x204125f8       0x30 ./RTD/src/Clock_Ip_ExtOsc.o
                0x204125f8                Clock_Ip_axExtOscCallbacks
 .mcal_const    0x20412628        0xc ./RTD/src/Clock_Ip_FracDiv.o
                0x20412628                Clock_Ip_axFracDivCallbacks
 .mcal_const    0x20412634       0x10 ./RTD/src/Clock_Ip_Gate.o
                0x20412634                Clock_Ip_axGateCallbacks
 .mcal_const    0x20412644       0x30 ./RTD/src/Clock_Ip_IntOsc.o
                0x20412644                Clock_Ip_axIntOscCallbacks
 .mcal_const    0x20412674       0x20 ./RTD/src/Clock_Ip_Monitor.o
                0x20412674                Clock_Ip_axCmuCallbacks
 .mcal_const    0x20412694       0x28 ./RTD/src/Clock_Ip_Pll.o
                0x20412694                Clock_Ip_axPllCallbacks
 .mcal_const    0x204126bc        0x8 ./RTD/src/Clock_Ip_ProgFreqSwitch.o
                0x204126bc                Clock_Ip_axPcfsCallbacks
 .mcal_const    0x204126c4       0x28 ./RTD/src/Clock_Ip_Selector.o
                0x204126c4                Clock_Ip_axSelectorCallbacks
 .mcal_const    0x204126ec       0x18 ./RTD/src/FlexCAN_Ip.o
 .mcal_const    0x20412704       0x18 ./RTD/src/Lpspi_Ip.o
 .mcal_const    0x2041271c        0xc ./RTD/src/Pit_Ip.o
                0x20412728                . = ALIGN (0x4)
                0x20412728                __init_table = .
 *(.init_table)
 .init_table    0x20412728       0x4c ./Project_Settings/Startup_Code/startup_cm7.o
                0x20412774                . = ALIGN (0x4)
                0x20412774                __zero_table = .
 *(.zero_table)
 .zero_table    0x20412774       0x1c ./Project_Settings/Startup_Code/startup_cm7.o
                0x20412790                . = ALIGN (0x4)
 *(.acmcu_code_rom)
                0x20412790                . = ALIGN (0x4)
 *(.ramcode)
 .ramcode       0x20412790       0x98 ./RTD/src/Clock_Ip_Specific.o
                0x20412828                . = ALIGN (0x4)
 *(.data)
 .data          0x20412828        0x0 ./Project_Settings/Startup_Code/Vector_Table.o
 .data          0x20412828        0x0 ./Project_Settings/Startup_Code/exceptions.o
 .data          0x20412828        0x0 ./Project_Settings/Startup_Code/nvic.o
 .data          0x20412828        0x0 ./Project_Settings/Startup_Code/startup.o
 .data          0x20412828        0x0 ./Project_Settings/Startup_Code/startup_cm7.o
 .data          0x20412828        0x0 ./Project_Settings/Startup_Code/system.o
 .data          0x20412828        0x0 ./RTD/src/Adc_Sar_Ip.o
 .data          0x20412828        0x0 ./RTD/src/Adc_Sar_Ip_Irq.o
 .data          0x20412828        0x4 ./RTD/src/Clock_Ip.o
 .data          0x2041282c        0x0 ./RTD/src/Clock_Ip_Data.o
 .data          0x2041282c        0x0 ./RTD/src/Clock_Ip_Divider.o
 .data          0x2041282c        0x0 ./RTD/src/Clock_Ip_DividerTrigger.o
 .data          0x2041282c        0x0 ./RTD/src/Clock_Ip_ExtOsc.o
 .data          0x2041282c        0x0 ./RTD/src/Clock_Ip_FracDiv.o
 .data          0x2041282c        0x0 ./RTD/src/Clock_Ip_Frequency.o
 .data          0x2041282c        0x0 ./RTD/src/Clock_Ip_Gate.o
 .data          0x2041282c        0x0 ./RTD/src/Clock_Ip_IntOsc.o
 .data          0x2041282c        0x0 ./RTD/src/Clock_Ip_Irq.o
 .data          0x2041282c        0x0 ./RTD/src/Clock_Ip_Monitor.o
 .data          0x2041282c        0x0 ./RTD/src/Clock_Ip_Pll.o
 .data          0x2041282c        0x0 ./RTD/src/Clock_Ip_ProgFreqSwitch.o
 .data          0x2041282c        0x0 ./RTD/src/Clock_Ip_Selector.o
 .data          0x2041282c        0x0 ./RTD/src/Clock_Ip_Specific.o
 .data          0x2041282c        0x0 ./RTD/src/Det.o
 .data          0x2041282c        0x0 ./RTD/src/Det_stub.o
 .data          0x2041282c        0x0 ./RTD/src/FlexCAN_Ip.o
 .data          0x2041282c        0x0 ./RTD/src/FlexCAN_Ip_HwAccess.o
 .data          0x2041282c        0x0 ./RTD/src/FlexCAN_Ip_Irq.o
 .data          0x2041282c        0x0 ./RTD/src/Igf_Port_Ip.o
 .data          0x2041282c        0x0 ./RTD/src/IntCtrl_Ip.o
 .data          0x2041282c        0x0 ./RTD/src/Lpspi_Ip.o
 .data          0x2041282c        0x0 ./RTD/src/Lpspi_Ip_Irq.o
 .data          0x2041282c        0x0 ./RTD/src/OsIf_Interrupts.o
 .data          0x2041282c        0x0 ./RTD/src/OsIf_Software_Semaphore.o
 .data          0x2041282c        0x0 ./RTD/src/OsIf_Timer.o
 .data          0x2041282c        0x0 ./RTD/src/OsIf_Timer_System.o
 .data          0x2041282c        0x0 ./RTD/src/OsIf_Timer_System_Internal_Systick.o
 .data          0x2041282c        0x0 ./RTD/src/Pit_Ip.o
 .data          0x2041282c        0x0 ./RTD/src/SchM_Adc.o
 .data          0x2041282c        0x0 ./RTD/src/SchM_BaseNXP.o
 .data          0x2041282c        0x0 ./RTD/src/SchM_Can_43_FLEXCAN.o
 .data          0x2041282c        0x0 ./RTD/src/SchM_Dio.o
 .data          0x2041282c        0x0 ./RTD/src/SchM_Gpt.o
 .data          0x2041282c        0x0 ./RTD/src/SchM_Mcu.o
 .data          0x2041282c        0x0 ./RTD/src/SchM_Port.o