Archive member included to satisfy reference by file (symbol)

c:/nxp/s32ds.3.6.10/s32ds/build_tools/gcc_v10.2/gcc-10.2-arm32-eabi/bin/../lib/gcc/arm-none-eabi/10.2.0/../../../../arm-none-eabi/lib/thumb/v7e-m+fp/hard\libc_nano.a(lib_a-memmove.o)
                              ./RTD/src/Siul2_Port_Ip.o (memmove)
c:/nxp/s32ds.3.6.10/s32ds/build_tools/gcc_v10.2/gcc-10.2-arm32-eabi/bin/../lib/gcc/arm-none-eabi/10.2.0/../../../../arm-none-eabi/lib/thumb/v7e-m+fp/hard\libc_nano.a(lib_a-memset.o)
                              ./Project_Settings/Startup_Code/startup.o (memset)
c:/nxp/s32ds.3.6.10/s32ds/build_tools/gcc_v10.2/gcc-10.2-arm32-eabi/bin/../lib/gcc/arm-none-eabi/10.2.0/../../../../arm-none-eabi/lib/thumb/v7e-m+fp/hard\libm.a(lib_a-wf_log.o)
                              ./src/battery/Bms_Ntc.o (logf)
c:/nxp/s32ds.3.6.10/s32ds/build_tools/gcc_v10.2/gcc-10.2-arm32-eabi/bin/../lib/gcc/arm-none-eabi/10.2.0/../../../../arm-none-eabi/lib/thumb/v7e-m+fp/hard\libm.a(lib_a-ef_log.o)
                              c:/nxp/s32ds.3.6.10/s32ds/build_tools/gcc_v10.2/gcc-10.2-arm32-eabi/bin/../lib/gcc/arm-none-eabi/10.2.0/../../../../arm-none-eabi/lib/thumb/v7e-m+fp/hard\libm.a(lib_a-wf_log.o) (__ieee754_logf)
c:/nxp/s32ds.3.6.10/s32ds/build_tools/gcc_v10.2/gcc-10.2-arm32-eabi/bin/../lib/gcc/arm-none-eabi/10.2.0/../../../../arm-none-eabi/lib/thumb/v7e-m+fp/hard\libm.a(lib_a-sf_nan.o)
                              c:/nxp/s32ds.3.6.10/s32ds/build_tools/gcc_v10.2/gcc-10.2-arm32-eabi/bin/../lib/gcc/arm-none-eabi/10.2.0/../../../../arm-none-eabi/lib/thumb/v7e-m+fp/hard\libm.a(lib_a-wf_log.o) (nanf)
c:/nxp/s32ds.3.6.10/s32ds/build_tools/gcc_v10.2/gcc-10.2-arm32-eabi/bin/../lib/gcc/arm-none-eabi/10.2.0/../../../../arm-none-eabi/lib/thumb/v7e-m+fp/hard\libm.a(lib_a-s_lib_ver.o)
                              c:/nxp/s32ds.3.6.10/s32ds/build_tools/gcc_v10.2/gcc-10.2-arm32-eabi/bin/../lib/gcc/arm-none-eabi/10.2.0/../../../../arm-none-eabi/lib/thumb/v7e-m+fp/hard\libm.a(lib_a-wf_log.o) (__fdlib_version)
c:/nxp/s32ds.3.6.10/s32ds/build_tools/gcc_v10.2/gcc-10.2-arm32-eabi/bin/../lib/gcc/arm-none-eabi/10.2.0/thumb/v7e-m+fp/hard\libgcc.a(_aeabi_ldivmod.o)
                              ./RTD/src/Clock_Ip_ProgFreqSwitch.o (__aeabi_ldivmod)
c:/nxp/s32ds.3.6.10/s32ds/build_tools/gcc_v10.2/gcc-10.2-arm32-eabi/bin/../lib/gcc/arm-none-eabi/10.2.0/thumb/v7e-m+fp/hard\libgcc.a(_aeabi_uldivmod.o)
                              ./RTD/src/Clock_Ip_Monitor.o (__aeabi_uldivmod)
c:/nxp/s32ds.3.6.10/s32ds/build_tools/gcc_v10.2/gcc-10.2-arm32-eabi/bin/../lib/gcc/arm-none-eabi/10.2.0/thumb/v7e-m+fp/hard\libgcc.a(_udivmoddi4.o)
                              c:/nxp/s32ds.3.6.10/s32ds/build_tools/gcc_v10.2/gcc-10.2-arm32-eabi/bin/../lib/gcc/arm-none-eabi/10.2.0/thumb/v7e-m+fp/hard\libgcc.a(_aeabi_ldivmod.o) (__udivmoddi4)
c:/nxp/s32ds.3.6.10/s32ds/build_tools/gcc_v10.2/gcc-10.2-arm32-eabi/bin/../lib/gcc/arm-none-eabi/10.2.0/thumb/v7e-m+fp/hard\libgcc.a(_dvmd_tls.o)
                              c:/nxp/s32ds.3.6.10/s32ds/build_tools/gcc_v10.2/gcc-10.2-arm32-eabi/bin/../lib/gcc/arm-none-eabi/10.2.0/thumb/v7e-m+fp/hard\libgcc.a(_aeabi_ldivmod.o) (__aeabi_ldiv0)
c:/nxp/s32ds.3.6.10/s32ds/build_tools/gcc_v10.2/gcc-10.2-arm32-eabi/bin/../lib/gcc/arm-none-eabi/10.2.0/../../../../arm-none-eabi/lib/thumb/v7e-m+fp/hard\libg_nano.a(lib_a-errno.o)
                              c:/nxp/s32ds.3.6.10/s32ds/build_tools/gcc_v10.2/gcc-10.2-arm32-eabi/bin/../lib/gcc/arm-none-eabi/10.2.0/../../../../arm-none-eabi/lib/thumb/v7e-m+fp/hard\libm.a(lib_a-wf_log.o) (__errno)
c:/nxp/s32ds.3.6.10/s32ds/build_tools/gcc_v10.2/gcc-10.2-arm32-eabi/bin/../lib/gcc/arm-none-eabi/10.2.0/../../../../arm-none-eabi/lib/thumb/v7e-m+fp/hard\libg_nano.a(lib_a-impure.o)
                              c:/nxp/s32ds.3.6.10/s32ds/build_tools/gcc_v10.2/gcc-10.2-arm32-eabi/bin/../lib/gcc/arm-none-eabi/10.2.0/../../../../arm-none-eabi/lib/thumb/v7e-m+fp/hard\libg_nano.a(lib_a-errno.o) (_impure_ptr)

Discarded input sections

 .group         0x00000000        0xc ./Project_Settings/Startup_Code/exceptions.o
 .group         0x00000000        0xc ./Project_Settings/Startup_Code/exceptions.o
 .group         0x00000000        0xc ./Project_Settings/Startup_Code/exceptions.o
 .group         0x00000000        0xc ./Project_Settings/Startup_Code/exceptions.o
 .group         0x00000000        0xc ./Project_Settings/Startup_Code/exceptions.o
 .group         0x00000000        0xc ./Project_Settings/Startup_Code/exceptions.o
 .group         0x00000000        0xc ./Project_Settings/Startup_Code/exceptions.o
 .group         0x00000000        0xc ./Project_Settings/Startup_Code/exceptions.o
 .group         0x00000000        0xc ./Project_Settings/Startup_Code/exceptions.o
 .group         0x00000000        0xc ./Project_Settings/Startup_Code/exceptions.o
 .group         0x00000000        0xc ./Project_Settings/Startup_Code/exceptions.o
 .group         0x00000000        0xc ./Project_Settings/Startup_Code/exceptions.o
[...]
Memory Configuration

Name             Origin             Length             Attributes
int_pflash       0x00400000         0x003ce000
int_dflash       0x10000000         0x00010000
int_itcm         0x00000000         0x00010000
int_dtcm         0x20000000         0x0001f000
int_stack_dtcm   0x2001f000         0x00001000
int_sram         0x20400000         0x0002ff00
int_sram_fls_rsv 0x2042ff00         0x00000100
int_sram_no_cacheable 0x20430000         0x0000ff00
int_sram_results 0x2043ff00         0x00000100
int_sram_shareable 0x20440000         0x00004000
ram_rsvd2        0x20444000         0x00000000
*default*        0x00000000         0xffffffff

Linker script and memory map

LOAD ./Project_Settings/Startup_Code/Vector_Table.o
LOAD ./Project_Settings/Startup_Code/exceptions.o
LOAD ./Project_Settings/Startup_Code/nvic.o
LOAD ./Project_Settings/Startup_Code/startup.o
LOAD ./Project_Settings/Startup_Code/startup_cm7.o
LOAD ./Project_Settings/Startup_Code/system.o
LOAD ./RTD/src/Adc_Sar_Ip.o
LOAD ./RTD/src/Adc_Sar_Ip_Irq.o
LOAD ./RTD/src/Clock_Ip.o
LOAD ./RTD/src/Clock_Ip_Data.o
LOAD ./RTD/src/Clock_Ip_Divider.o
LOAD ./RTD/src/Clock_Ip_DividerTrigger.o
LOAD ./RTD/src/Clock_Ip_ExtOsc.o
LOAD ./RTD/src/Clock_Ip_FracDiv.o
LOAD ./RTD/src/Clock_Ip_Frequency.o
LOAD ./RTD/src/Clock_Ip_Gate.o
LOAD ./RTD/src/Clock_Ip_IntOsc.o
LOAD ./RTD/src/Clock_Ip_Irq.o
LOAD ./RTD/src/Clock_Ip_Monitor.o
LOAD ./RTD/src/Clock_Ip_Pll.o
LOAD ./RTD/src/Clock_Ip_ProgFreqSwitch.o
LOAD ./RTD/src/Clock_Ip_Selector.o
LOAD ./RTD/src/Clock_Ip_Specific.o
LOAD ./RTD/src/Det.o
LOAD ./RTD/src/Det_stub.o
LOAD ./RTD/src/Igf_Port_Ip.o
LOAD ./RTD/src/IntCtrl_Ip.o
LOAD ./RTD/src/OsIf_Interrupts.o
LOAD ./RTD/src/OsIf_Software_Semaphore.o
LOAD ./RTD/src/OsIf_Timer.o
LOAD ./RTD/src/OsIf_Timer_System.o
LOAD ./RTD/src/OsIf_Timer_System_Internal_Systick.o
LOAD ./RTD/src/Pit_Ip.o
LOAD ./RTD/src/SchM_Adc.o
LOAD ./RTD/src/SchM_BaseNXP.o
LOAD ./RTD/src/SchM_Dio.o
LOAD ./RTD/src/SchM_Gpt.o
LOAD ./RTD/src/SchM_Mcu.o
LOAD ./RTD/src/SchM_Port.o
LOAD ./RTD/src/Siul2_Dio_Ip.o
LOAD ./RTD/src/Siul2_Port_Ip.o
LOAD ./RTD/src/Tspc_Port_Ip.o
LOAD ./board/Siul2_Port_Ip_Cfg.o
LOAD ./board/Tspc_Port_Ip_Cfg.o
LOAD ./generate/src/Adc_Sar_Ip_PBcfg.o
LOAD ./generate/src/Clock_Ip_Cfg.o
LOAD ./generate/src/Igf_Port_Ip_Cfg.o
LOAD ./generate/src/IntCtrl_Ip_Cfg.o
LOAD ./generate/src/OsIf_Cfg.o
LOAD ./generate/src/Pit_Ip_SA_PBcfg.o
LOAD ./src/app/Bms_Adc.o
LOAD ./src/app/Bms_App.o
LOAD ./src/app/Bms_Scheduler.o
LOAD ./src/battery/Battery_Monitor.o
LOAD ./src/battery/Bms_Ntc.o
LOAD ./src/drivers/Bms_Can.o
LOAD ./src/drivers/Bms_Gpio.o
LOAD ./src/drivers/Bms_Led.o
LOAD ./src/main.o
LOAD ./src/safety/Fault_Manager.o
LOAD c:/nxp/s32ds.3.6.10/s32ds/build_tools/gcc_v10.2/gcc-10.2-arm32-eabi/bin/../lib/gcc/arm-none-eabi/10.2.0/../../../../arm-none-eabi/lib/thumb/v7e-m+fp/hard\libc_nano.a
LOAD c:/nxp/s32ds.3.6.10/s32ds/build_tools/gcc_v10.2/gcc-10.2-arm32-eabi/bin/../lib/gcc/arm-none-eabi/10.2.0/../../../../arm-none-eabi/lib/thumb/v7e-m+fp/hard\libm.a
LOAD c:/nxp/s32ds.3.6.10/s32ds/build_tools/gcc_v10.2/gcc-10.2-arm32-eabi/bin/../lib/gcc/arm-none-eabi/10.2.0/thumb/v7e-m+fp/hard\libgcc.a
START GROUP
LOAD c:/nxp/s32ds.3.6.10/s32ds/build_tools/gcc_v10.2/gcc-10.2-arm32-eabi/bin/../lib/gcc/arm-none-eabi/10.2.0/thumb/v7e-m+fp/hard\libgcc.a
LOAD c:/nxp/s32ds.3.6.10/s32ds/build_tools/gcc_v10.2/gcc-10.2-arm32-eabi/bin/../lib/gcc/arm-none-eabi/10.2.0/../../../../arm-none-eabi/lib/thumb/v7e-m+fp/hard\libg_nano.a
LOAD c:/nxp/s32ds.3.6.10/s32ds/build_tools/gcc_v10.2/gcc-10.2-arm32-eabi/bin/../lib/gcc/arm-none-eabi/10.2.0/../../../../arm-none-eabi/lib/thumb/v7e-m+fp/hard\libc_nano.a
END GROUP
START GROUP
LOAD c:/nxp/s32ds.3.6.10/s32ds/build_tools/gcc_v10.2/gcc-10.2-arm32-eabi/bin/../lib/gcc/arm-none-eabi/10.2.0/thumb/v7e-m+fp/hard\libgcc.a
LOAD c:/nxp/s32ds.3.6.10/s32ds/build_tools/gcc_v10.2/gcc-10.2-arm32-eabi/bin/../lib/gcc/arm-none-eabi/10.2.0/../../../../arm-none-eabi/lib/thumb/v7e-m+fp/hard\libc_nano.a
LOAD c:/nxp/s32ds.3.6.10/s32ds/build_tools/gcc_v10.2/gcc-10.2-arm32-eabi/bin/../lib/gcc/arm-none-eabi/10.2.0/../../../../arm-none-eabi/lib/thumb/v7e-m+fp/hard\libnosys.a
END GROUP
START GROUP
LOAD c:/nxp/s32ds.3.6.10/s32ds/build_tools/gcc_v10.2/gcc-10.2-arm32-eabi/bin/../lib/gcc/arm-none-eabi/10.2.0/thumb/v7e-m+fp/hard\libgcc.a
LOAD c:/nxp/s32ds.3.6.10/s32ds/build_tools/gcc_v10.2/gcc-10.2-arm32-eabi/bin/../lib/gcc/arm-none-eabi/10.2.0/../../../../arm-none-eabi/lib/thumb/v7e-m+fp/hard\libc_nano.a
LOAD c:/nxp/s32ds.3.6.10/s32ds/build_tools/gcc_v10.2/gcc-10.2-arm32-eabi/bin/../lib/gcc/arm-none-eabi/10.2.0/../../../../arm-none-eabi/lib/thumb/v7e-m+fp/hard\libnosys.a
END GROUP
                0x00002000                HEAP_SIZE = DEFINED (__heap_size__)?__heap_size__:0x2000
                0x20407fff                __STANDBY_RAM_LIMIT_END = 0x20407fff
                0x00032000                __HSE_CODE_SIZE = 0x32000
                0x00010000                __HSE_DATA_SIZE = 0x10000

.pflash         0x00400000     0xebd4
 *(.boot_header)
 .boot_header   0x00400000      0x100 ./Project_Settings/Startup_Code/startup_cm7.o
                0x00402000                . = ALIGN (0x2000)
 *fill*         0x00400100     0x1f00 
                0x00402000                __text_start = .
                0x00402000                __interrupts_init_start = .
 *(.intc_vector)
 .intc_vector   0x00402000      0x408 ./Project_Settings/Startup_Code/Vector_Table.o
                0x00402000                VTABLE
                0x00402408                . = ALIGN (0x4)
                0x00402408                __interrupts_init_end = .
 *(.core_loop)
 .core_loop     0x00402408        0xc ./Project_Settings/Startup_Code/startup_cm7.o
                0x00402408                _core_loop
                0x00402414                . = ALIGN (0x4)
 *(.startup)
 *fill*         0x00402414        0xc 
 .startup       0x00402420      0x214 ./Project_Settings/Startup_Code/startup_cm7.o
                0x00402420                Reset_Handler
                0x00402420                _start
                0x004025b4                MCAL_LTB_TRACE_OFF
                0x004025b6                _end_of_eunit_test
                0x00402634                . = ALIGN (0x4)
 *(.systeminit)
                0x00402634                . = ALIGN (0x4)
 *(.text.startup)
 .text.startup  0x00402634       0x94 ./src/main.o
                0x00402634                main
                0x004026c8                . = ALIGN (0x4)
 *(.text)
 .text          0x004026c8        0x0 ./Project_Settings/Startup_Code/Vector_Table.o
 .text          0x004026c8        0x0 ./Project_Settings/Startup_Code/exceptions.o
 .text          0x004026c8        0x0 ./Project_Settings/Startup_Code/nvic.o
 .text          0x004026c8        0x0 ./Project_Settings/Startup_Code/startup.o
 .text          0x004026c8        0x0 ./Project_Settings/Startup_Code/startup_cm7.o
 .text          0x004026c8        0x0 ./Project_Settings/Startup_Code/system.o
 .text          0x004026c8        0x0 ./RTD/src/Adc_Sar_Ip.o
 .text          0x004026c8        0x0 ./RTD/src/Adc_Sar_Ip_Irq.o
 .text          0x004026c8        0x0 ./RTD/src/Clock_Ip.o
 .text          0x004026c8        0x0 ./RTD/src/Clock_Ip_Data.o
 .text          0x004026c8        0x0 ./RTD/src/Clock_Ip_Divider.o
 .text          0x004026c8       0x28 ./RTD/src/Clock_Ip_DividerTrigger.o
                0x004026c8                Clock_Ip_SetFerd_TrustedCall
                0x004026dc                Clock_Ip_ResetFerd_TrustedCall
 .text          0x004026f0        0x0 ./RTD/src/Clock_Ip_ExtOsc.o
 .text          0x004026f0        0x0 ./RTD/src/Clock_Ip_FracDiv.o
 .text          0x004026f0        0x0 ./RTD/src/Clock_Ip_Frequency.o
 .text          0x004026f0        0x0 ./RTD/src/Clock_Ip_Gate.o
 .text          0x004026f0        0x0 ./RTD/src/Clock_Ip_IntOsc.o
 .text          0x004026f0        0x0 ./RTD/src/Clock_Ip_Irq.o
 .text          0x004026f0        0x0 ./RTD/src/Clock_Ip_Monitor.o
 .text          0x004026f0        0x0 ./RTD/src/Clock_Ip_Pll.o
 .text          0x004026f0        0x0 ./RTD/src/Clock_Ip_ProgFreqSwitch.o
 .text          0x004026f0        0x0 ./RTD/src/Clock_Ip_Selector.o
 .text          0x004026f0        0x0 ./RTD/src/Clock_Ip_Specific.o
 .text          0x004026f0        0x0 ./RTD/src/Det.o
 .text          0x004026f0        0x0 ./RTD/src/Det_stub.o
 .text          0x004026f0        0x0 ./RTD/src/Igf_Port_Ip.o
 .text          0x004026f0       0x14 ./RTD/src/IntCtrl_Ip.o
 .text          0x00402704        0x0 ./RTD/src/OsIf_Interrupts.o
 .text          0x00402704        0x0 ./RTD/src/OsIf_Software_Semaphore.o
 .text          0x00402704        0x0 ./RTD/src/OsIf_Timer.o
 .text          0x00402704        0x0 ./RTD/src/OsIf_Timer_System.o
 .text          0x00402704        0x0 ./RTD/src/OsIf_Timer_System_Internal_Systick.o
 .text          0x00402704        0x0 ./RTD/src/Pit_Ip.o
 .text          0x00402704        0x6 ./RTD/src/SchM_Adc.o
                0x00402704                Adc_schm_read_msr
 .text          0x0040270a        0x6 ./RTD/src/SchM_BaseNXP.o
                0x0040270a                BaseNXP_schm_read_msr
 .text          0x00402710        0x6 ./RTD/src/SchM_Dio.o
                0x00402710                Dio_schm_read_msr
 .text          0x00402716        0x6 ./RTD/src/SchM_Gpt.o
                0x00402716                Gpt_schm_read_msr
 .text          0x0040271c        0x6 ./RTD/src/SchM_Mcu.o
                0x0040271c                Mcu_schm_read_msr
 .text          0x00402722        0x6 ./RTD/src/SchM_Port.o
                0x00402722                Port_schm_read_msr
 .text          0x00402728       0x14 ./RTD/src/Siul2_Dio_Ip.o
 .text          0x0040273c       0x14 ./RTD/src/Siul2_Port_Ip.o
 .text          0x00402750        0x0 ./RTD/src/Tspc_Port_Ip.o
 .text          0x00402750        0x0 ./board/Siul2_Port_Ip_Cfg.o
 .text          0x00402750        0x0 ./board/Tspc_Port_Ip_Cfg.o
 .text          0x00402750        0x0 ./generate/src/Adc_Sar_Ip_PBcfg.o
 .text          0x00402750        0x0 ./generate/src/Clock_Ip_Cfg.o
 .text          0x00402750        0x0 ./generate/src/Igf_Port_Ip_Cfg.o
 .text          0x00402750        0x0 ./generate/src/IntCtrl_Ip_Cfg.o
 .text          0x00402750        0x0 ./generate/src/OsIf_Cfg.o
 .text          0x00402750        0x0 ./generate/src/Pit_Ip_SA_PBcfg.o
 .text          0x00402750      0x1d0 ./src/app/Bms_Adc.o
                0x00402750                Bms_Adc_Init
                0x00402770                Bms_Adc_MainFunction
                0x00402840                Bms_Adc_GetPotRaw
                0x0040284c                Bms_Adc_GetPotVoltageMv
                0x00402868                Bms_Adc_GetNtc1Raw
                0x00402874                Bms_Adc_GetNtc2Raw
                0x00402880                Bms_Adc_GetNtc3Raw
                0x0040288c                Bms_Adc_GetPackV1Raw
                0x00402898                Bms_Adc_GetPackV1VoltageMv
                0x004028b4                Bms_Adc_GetPackV2Raw
                0x004028c0                Bms_Adc_GetPackV2VoltageMv
                0x004028dc                Bms_Adc_GetPackV3Raw
                0x004028e8                Bms_Adc_GetPackV3VoltageMv
                0x00402904                Bms_Adc_GetNtc1VoltageMv
 .text          0x00402920        0x2 ./src/app/Bms_App.o
                0x00402920                Bms_App_Init
 *fill*         0x00402922        0x2 
 .text          0x00402924       0x88 ./src/app/Bms_Scheduler.o
                0x00402924                Bms_Scheduler_Init
                0x0040294c                Bms_Scheduler_TickFromIsr
                0x0040295c                Bms_Scheduler_MainFunction
 .text          0x004029ac       0xa8 ./src/battery/Battery_Monitor.o
                0x004029ac                Battery_Monitor_Init
                0x004029c0                Battery_Monitor_Update
                0x00402a40                Battery_Monitor_GetData
 .text          0x00402a54      0x10c ./src/battery/Bms_Ntc.o
                0x00402b14                Bms_Ntc_RawToTemperature
                0x00402b1c                Bms_Ntc_MainFunction
                0x00402b48                Bms_Ntc_GetTemperature_dC
                0x00402b54                Bms_Ntc_IsValid
 .text          0x00402b60        0xc ./src/drivers/Bms_Can.o
                0x00402b60                Bms_Can_Init
                0x00402b64                Bms_Can_Transmit
                0x00402b68                Bms_Can_Receive
 .text          0x00402b6c       0x34 ./src/drivers/Bms_Gpio.o
                0x00402b6c                Bms_Gpio_Init
                0x00402b7c                Bms_Gpio_WritePin
                0x00402b8c                Bms_Gpio_ReadPin
 .text          0x00402ba0       0x5c ./src/drivers/Bms_Led.o
                0x00402bd0                Bms_Led_On
                0x00402bd4                Bms_Led_Off
                0x00402bd8                Bms_Led_AllOff
                0x00402bf6                Bms_Led_Init
 .text          0x00402bfc       0x4c ./src/main.o
                0x00402c44                Bms_Pit10msCallback
 .text          0x00402c48       0x60 ./src/safety/Fault_Manager.o
                0x00402c48                Fault_Manager_Init
                0x00402c60                Fault_Manager_ReportFault
                0x00402c70                Fault_Manager_ClearFault
                0x00402c80                Fault_Manager_IsFaultActive
                0x00402c90                Fault_Manager_HasActiveFaults
 .text          0x00402ca8        0x0 c:/nxp/s32ds.3.6.10/s32ds/build_tools/gcc_v10.2/gcc-10.2-arm32-eabi/bin/../lib/gcc/arm-none-eabi/10.2.0/../../../../arm-none-eabi/lib/thumb/v7e-m+fp/hard\libc_nano.a(lib_a-memmove.o)
 .text          0x00402ca8        0x0 c:/nxp/s32ds.3.6.10/s32ds/build_tools/gcc_v10.2/gcc-10.2-arm32-eabi/bin/../lib/gcc/arm-none-eabi/10.2.0/../../../../arm-none-eabi/lib/thumb/v7e-m+fp/hard\libc_nano.a(lib_a-memset.o)
 .text          0x00402ca8        0x0 c:/nxp/s32ds.3.6.10/s32ds/build_tools/gcc_v10.2/gcc-10.2-arm32-eabi/bin/../lib/gcc/arm-none-eabi/10.2.0/../../../../arm-none-eabi/lib/thumb/v7e-m+fp/hard\libm.a(lib_a-wf_log.o)
 .text          0x00402ca8        0x0 c:/nxp/s32ds.3.6.10/s32ds/build_tools/gcc_v10.2/gcc-10.2-arm32-eabi/bin/../lib/gcc/arm-none-eabi/10.2.0/../../../../arm-none-eabi/lib/thumb/v7e-m+fp/hard\libm.a(lib_a-ef_log.o)
 .text          0x00402ca8        0x0 c:/nxp/s32ds.3.6.10/s32ds/build_tools/gcc_v10.2/gcc-10.2-arm32-eabi/bin/../lib/gcc/arm-none-eabi/10.2.0/../../../../arm-none-eabi/lib/thumb/v7e-m+fp/hard\libm.a(lib_a-sf_nan.o)
 .text          0x00402ca8        0x0 c:/nxp/s32ds.3.6.10/s32ds/build_tools/gcc_v10.2/gcc-10.2-arm32-eabi/bin/../lib/gcc/arm-none-eabi/10.2.0/../../../../arm-none-eabi/lib/thumb/v7e-m+fp/hard\libm.a(lib_a-s_lib_ver.o)
 .text          0x00402ca8       0xa0 c:/nxp/s32ds.3.6.10/s32ds/build_tools/gcc_v10.2/gcc-10.2-arm32-eabi/bin/../lib/gcc/arm-none-eabi/10.2.0/thumb/v7e-m+fp/hard\libgcc.a(_aeabi_ldivmod.o)
                0x00402ca8                __aeabi_ldivmod
 .text          0x00402d48       0x30 c:/nxp/s32ds.3.6.10/s32ds/build_tools/gcc_v10.2/gcc-10.2-arm32-eabi/bin/../lib/gcc/arm-none-eabi/10.2.0/thumb/v7e-m+fp/hard\libgcc.a(_aeabi_uldivmod.o)
                0x00402d48                __aeabi_uldivmod
 .text          0x00402d78      0x2d8 c:/nxp/s32ds.3.6.10/s32ds/build_tools/gcc_v10.2/gcc-10.2-arm32-eabi/bin/../lib/gcc/arm-none-eabi/10.2.0/thumb/v7e-m+fp/hard\libgcc.a(_udivmoddi4.o)
                0x00402d78                __udivmoddi4
 .text          0x00403050        0x4 c:/nxp/s32ds.3.6.10/s32ds/build_tools/gcc_v10.2/gcc-10.2-arm32-eabi/bin/../lib/gcc/arm-none-eabi/10.2.0/thumb/v7e-m+fp/hard\libgcc.a(_dvmd_tls.o)
                0x00403050                __aeabi_idiv0
                0x00403050                __aeabi_ldiv0
 .text          0x00403054        0x0 c:/nxp/s32ds.3.6.10/s32ds/build_tools/gcc_v10.2/gcc-10.2-arm32-eabi/bin/../lib/gcc/arm-none-eabi/10.2.0/../../../../arm-none-eabi/lib/thumb/v7e-m+fp/hard\libg_nano.a(lib_a-errno.o)
 .text          0x00403054        0x0 c:/nxp/s32ds.3.6.10/s32ds/build_tools/gcc_v10.2/gcc-10.2-arm32-eabi/bin/../lib/gcc/arm-none-eabi/10.2.0/../../../../arm-none-eabi/lib/thumb/v7e-m+fp/hard\libg_nano.a(lib_a-impure.o)
 *(.text*)
 .text.memmove  0x00403054       0x34 c:/nxp/s32ds.3.6.10/s32ds/build_tools/gcc_v10.2/gcc-10.2-arm32-eabi/bin/../lib/gcc/arm-none-eabi/10.2.0/../../../../arm-none-eabi/lib/thumb/v7e-m+fp/hard\libc_nano.a(lib_a-memmove.o)
                0x00403054                memmove
 .text.memset   0x00403088       0x10 c:/nxp/s32ds.3.6.10/s32ds/build_tools/gcc_v10.2/gcc-10.2-arm32-eabi/bin/../lib/gcc/arm-none-eabi/10.2.0/../../../../arm-none-eabi/lib/thumb/v7e-m+fp/hard\libc_nano.a(lib_a-memset.o)
                0x00403088                memset
 .text.logf     0x00403098       0x6c c:/nxp/s32ds.3.6.10/s32ds/build_tools/gcc_v10.2/gcc-10.2-arm32-eabi/bin/../lib/gcc/arm-none-eabi/10.2.0/../../../../arm-none-eabi/lib/thumb/v7e-m+fp/hard\libm.a(lib_a-wf_log.o)
                0x00403098                logf
 .text.__ieee754_logf
                0x00403104      0x1e0 c:/nxp/s32ds.3.6.10/s32ds/build_tools/gcc_v10.2/gcc-10.2-arm32-eabi/bin/../lib/gcc/arm-none-eabi/10.2.0/../../../../arm-none-eabi/lib/thumb/v7e-m+fp/hard\libm.a(lib_a-ef_log.o)
                0x00403104                __ieee754_logf
 .text.nanf     0x004032e4        0xc c:/nxp/s32ds.3.6.10/s32ds/build_tools/gcc_v10.2/gcc-10.2-arm32-eabi/bin/../lib/gcc/arm-none-eabi/10.2.0/../../../../arm-none-eabi/lib/thumb/v7e-m+fp/hard\libm.a(lib_a-sf_nan.o)
                0x004032e4                nanf
 .text.__errno  0x004032f0        0xc c:/nxp/s32ds.3.6.10/s32ds/build_tools/gcc_v10.2/gcc-10.2-arm32-eabi/bin/../lib/gcc/arm-none-eabi/10.2.0/../../../../arm-none-eabi/lib/thumb/v7e-m+fp/hard\libg_nano.a(lib_a-errno.o)
                0x004032f0                __errno
                0x004032fc                . = ALIGN (0x4)
 *(.mcal_text)
 .mcal_text     0x004032fc       0x14 ./Project_Settings/Startup_Code/exceptions.o
                0x004032fc                NMI_Handler
                0x004032fe                HardFault_Handler
                0x00403300                MemManage_Handler
                0x00403302                BusFault_Handler
                0x00403304                UsageFault_Handler
                0x00403306                SVC_Handler
                0x00403308                DebugMon_Handler
                0x0040330a                PendSV_Handler
                0x0040330c                SysTick_Handler
                0x0040330e                undefined_handler
 .mcal_text     0x00403310       0x52 ./Project_Settings/Startup_Code/nvic.o
                0x00403310                NVIC_SetPriorityGrouping
                0x00403324                NVIC_EnableIRQ
                0x0040333c                NVIC_DisableIRQ
                0x00403354                NVIC_SetPriority
 *fill*         0x00403362        0x2 
 .mcal_text     0x00403364       0xe8 ./Project_Settings/Startup_Code/startup.o
                0x00403364                init_data_bss
                0x004033f0                init_data_bss_core2
 .mcal_text     0x0040344c      0x338 ./Project_Settings/Startup_Code/system.o
                0x0040344c                startup_go_to_user_mode
                0x0040344e                default_interrupt_routine
                0x00403450                Sys_GetCoreID
                0x00403460                SystemInit
                0x00403768                Enable_FPU
 .mcal_text     0x00403784     0x154c ./RTD/src/Adc_Sar_Ip.o
                0x004039c0                Adc_Sar_Ip_IRQHandler
                0x00403c76                Adc_Sar_Ip_ChainConfig
                0x00403c82                Adc_Sar_Ip_EnableChannel
                0x00403cd4                Adc_Sar_Ip_DisableChannel
                0x00403d2c                Adc_Sar_Ip_SetResolution
                0x00403d60                Adc_Sar_Ip_StartConversion
                0x00403d94                Adc_Sar_Ip_GetStatusFlags
                0x00403df8                Adc_Sar_Ip_ClearStatusFlags
                0x00403e1c                Adc_Sar_Ip_GetConvDataToArray
                0x00403e2e                Adc_Sar_Ip_GetConvResultsToArray
                0x00403e3e                Adc_Sar_Ip_GetConvData
                0x00403e78                Adc_Sar_Ip_GetConvResult
                0x00403ee0                Adc_Sar_Ip_Powerup
                0x00403f44                Adc_Sar_Ip_Powerdown
                0x00403fac                Adc_Sar_Ip_DoCalibration
                0x004040b8                Adc_Sar_Ip_EnableNotifications
                0x004040f4                Adc_Sar_Ip_DisableNotifications
                0x0040412c                Adc_Sar_Ip_EnableChannelNotifications
                0x00404188                Adc_Sar_Ip_DisableChannelNotifications
                0x004041ec                Adc_Sar_Ip_SetSampleTimes
                0x00404214                Adc_Sar_Ip_SetAveraging
                0x00404254                Adc_Sar_Ip_SetClockMode
                0x004042d0                Adc_Sar_Ip_AbortConversion
                0x004042f0                Adc_Sar_Ip_AbortChain
                0x00404364                Adc_Sar_Ip_SetPresamplingSource
                0x004043b4                Adc_Sar_Ip_EnableChannelPresampling
                0x004043f8                Adc_Sar_Ip_DisableChannelPresampling
                0x00404440                Adc_Sar_Ip_EnablePresampleConversion
                0x00404474                Adc_Sar_Ip_DisablePresampleConversion
                0x004044a8                Adc_Sar_Ip_EnableDma
                0x004044c8                Adc_Sar_Ip_DisableDma
                0x004044e8                Adc_Sar_Ip_EnableChannelDma
                0x0040451c                Adc_Sar_Ip_DisableChannelDma
                0x00404554                Adc_Sar_Ip_DisableChannelDmaAll
                0x004045a8                Adc_Sar_Ip_SetDmaClearSource
                0x004045d8                Adc_Sar_Ip_SetWdgThreshold
                0x00404684                Adc_Sar_Ip_Init
                0x00404a88                Adc_Sar_Ip_Deinit
                0x00404bac                Adc_Sar_Ip_SetConversionMode
                0x00404be8                Adc_Sar_Ip_SetCtuMode
                0x00404c5c                Adc_Sar_Ip_SetExternalTrigger
                0x00404ca0                Adc_Sar_Ip_SetUserGainAndOffset
                0x00404cbc                Adc_Sar_Ip_GetDataAddress
 .mcal_text     0x00404cd0       0x12 ./RTD/src/Adc_Sar_Ip_Irq.o
                0x00404cd0                Adc_Sar_0_Isr
                0x00404cd6                Adc_Sar_1_Isr
                0x00404cdc                Adc_Sar_2_Isr
 *fill*         0x00404ce2        0x2 
 .mcal_text     0x00404ce4      0x884 ./RTD/src/Clock_Ip.o
                0x00404ce6                Clock_Ip_InitClock
                0x0040528c                Clock_Ip_GetPllStatus
                0x00405330                Clock_Ip_DistributePll
                0x0040541c                Clock_Ip_Init
                0x00405440                Clock_Ip_DisableClockMonitor
                0x00405464                Clock_Ip_InstallNotificationsCallback
                0x00405470                Clock_Ip_DisableModuleClock
                0x00405498                Clock_Ip_EnableModuleClock
                0x004054c0                Clock_Ip_DisableFircInStandby
                0x004054d8                Clock_Ip_EnableFircInStandby
                0x004054f0                Clock_Ip_DisableSircInStandby
                0x00405508                Clock_Ip_EnableSircInStandby
                0x00405520                Clock_Ip_ReportClockErrors
                0x0040552c                Clock_Ip_StartTimeout
                0x0040554c                Clock_Ip_TimeoutExpired
 .mcal_text     0x00405568      0x1e4 ./RTD/src/Clock_Ip_Divider.o
 .mcal_text     0x0040574c       0xb0 ./RTD/src/Clock_Ip_DividerTrigger.o
 .mcal_text     0x004057fc      0x234 ./RTD/src/Clock_Ip_ExtOsc.o
 .mcal_text     0x00405a30        0x6 ./RTD/src/Clock_Ip_FracDiv.o
 .mcal_text     0x00405a36        0x2 ./RTD/src/Clock_Ip_Frequency.o
                0x00405a36                Clock_Ip_SetExternalSignalFrequency
 .mcal_text     0x00405a38      0x154 ./RTD/src/Clock_Ip_Gate.o
 .mcal_text     0x00405b8c      0x104 ./RTD/src/Clock_Ip_IntOsc.o
 .mcal_text     0x00405c90        0x4 ./RTD/src/Clock_Ip_Irq.o
                0x00405c90                Mcu_Cmu_ClockFail_IRQHandler
 .mcal_text     0x00405c94      0x288 ./RTD/src/Clock_Ip_Monitor.o
                0x00405ed4                Clock_Ip_CMU_ClockFailInt
 .mcal_text     0x00405f1c      0x184 ./RTD/src/Clock_Ip_Pll.o
 .mcal_text     0x004060a0      0x1f0 ./RTD/src/Clock_Ip_ProgFreqSwitch.o
 .mcal_text     0x00406290      0x3dc ./RTD/src/Clock_Ip_Selector.o
                0x00406640                Clock_Ip_SetRtcRtccClksel_TrustedCall
 .mcal_text     0x0040666c      0x344 ./RTD/src/Clock_Ip_Specific.o
                0x0040666c                Clock_Ip_SetFlashWaitStates
                0x00406670                Clock_Ip_McMeEnterKey
                0x00406684                Clock_Ip_PowerClockIpModules
                0x00406904                DisableFircInStandbyMode
                0x00406914                EnableFircInStandbyMode
                0x00406930                DisableSircInStandbyMode
                0x00406940                EnableSircInStandbyMode
                0x0040695c                Clock_Ip_Command
                0x004069ac                Clock_Ip_SetRamWaitStates
 .mcal_text     0x004069b0      0x504 ./RTD/src/Det.o
                0x004069b0                Det_Start
                0x004069b2                Det_InitDataNode
                0x00406a38                Det_LinkNodeToHead
                0x00406a68                Det_DelAllNodesSameId
                0x00406b66                Det_FreeNodesInLinkedList
                0x00406b9c                Det_Init
                0x00406d94                Det_ReportError
                0x00406df4                Det_ReportRuntimeError
                0x00406e54                Det_ReportTransientFault
 .mcal_text     0x00406eb4      0x1e0 ./RTD/src/Det_stub.o
                0x00406eb4                Det_TestLastReportError
                0x00406f04                Det_TestLastReportRuntimeError
                0x00406f54                Det_TestLastReportTransientFault
                0x00406fa4                Det_TestNoError
                0x00406ff4                Det_TestNoRuntimeError
                0x00407044                Det_TestNoTransientFault
 .mcal_text     0x00407094      0x276 ./RTD/src/IntCtrl_Ip.o
                0x00407094                IntCtrl_Ip_InstallHandlerPrivileged
                0x004070ce                IntCtrl_Ip_EnableIrqPrivileged
                0x0040710e                IntCtrl_Ip_DisableIrqPrivileged
                0x0040714e                IntCtrl_Ip_SetPriorityPrivileged
                0x00407182                IntCtrl_Ip_GetPriorityPrivileged
                0x004071a6                IntCtrl_Ip_ClearPendingPrivileged
                0x004071d6                IntCtrl_Ip_SetPendingPrivileged
                0x00407206                IntCtrl_Ip_GetPendingPrivileged
                0x00407236                IntCtrl_Ip_GetActivePrivileged
                0x00407266                IntCtrl_Ip_Init
                0x004072d2                IntCtrl_Ip_InstallHandler
                0x004072d6                IntCtrl_Ip_EnableIrq
                0x004072da                IntCtrl_Ip_DisableIrq
                0x004072de                IntCtrl_Ip_SetPriority
                0x004072e2                IntCtrl_Ip_GetPriority
                0x004072e6                IntCtrl_Ip_ClearPending
                0x004072ea                IntCtrl_Ip_SetPending
                0x004072ee                IntCtrl_Ip_GetPending
                0x004072fc                IntCtrl_Ip_GetActive
 .mcal_text     0x0040730a       0x44 ./RTD/src/OsIf_Timer.o
                0x0040730a                OsIf_Init
                0x00407314                OsIf_GetCounter
                0x00407320                OsIf_GetElapsed
                0x00407332                OsIf_SetTimerFrequency
                0x0040733c                OsIf_MicrosToTicks
 *fill*         0x0040734e        0x2 
 .mcal_text     0x00407350       0xdc ./RTD/src/OsIf_Timer_System.o
                0x00407350                OsIf_Timer_System_Init
                0x00407380                OsIf_Timer_System_GetCounter
                0x004073a0                OsIf_Timer_System_GetElapsed
                0x004073c0                OsIf_Timer_System_SetTimerFrequency
                0x004073e8                OsIf_Timer_System_MicrosToTicks
 .mcal_text     0x0040742c       0x4c ./RTD/src/OsIf_Timer_System_Internal_Systick.o
                0x0040742c                OsIf_Timer_System_Internal_Init
                0x00407442                OsIf_Timer_System_Internal_GetCounter
                0x0040744e                OsIf_Timer_System_Internal_GetElapsed
 .mcal_text     0x00407478      0x3a0 ./RTD/src/Pit_Ip.o
                0x004074cc                Pit_Ip_GetLoadValue
                0x004074e0                Pit_Ip_GetInterruptStatusFlag
                0x00407504                Pit_Ip_Init
                0x00407530                Pit_Ip_InitChannel
                0x00407590                Pit_Ip_Deinit
                0x00407614                Pit_Ip_StartChannel
                0x00407648                Pit_Ip_StopChannel
                0x0040765e                Pit_Ip_GetCurrentTimer
                0x00407674                Pit_Ip_EnableChannelInterrupt
                0x004076a4                Pit_Ip_DisableChannelInterrupt
                0x004076d4                Pit_Ip_SetLifetimeTimer
                0x00407770                Pit_Ip_GetLifetimeTimer
                0x0040779c                PIT_0_ISR
 .mcal_text     0x00407818     0x2648 ./RTD/src/SchM_Adc.o
                0x00407818                SchM_Enter_Adc_ADC_EXCLUSIVE_AREA_00
                0x0040784c                SchM_Exit_Adc_ADC_EXCLUSIVE_AREA_00
                0x0040787c                SchM_Enter_Adc_ADC_EXCLUSIVE_AREA_01
                0x004078b0                SchM_Exit_Adc_ADC_EXCLUSIVE_AREA_01
                0x004078e0                SchM_Enter_Adc_ADC_EXCLUSIVE_AREA_02
                0x00407914                SchM_Exit_Adc_ADC_EXCLUSIVE_AREA_02
                0x00407944                SchM_Enter_Adc_ADC_EXCLUSIVE_AREA_03
                0x00407978                SchM_Exit_Adc_ADC_EXCLUSIVE_AREA_03
                0x004079a8                SchM_Enter_Adc_ADC_EXCLUSIVE_AREA_04
                0x004079dc                SchM_Exit_Adc_ADC_EXCLUSIVE_AREA_04
                0x00407a0c                SchM_Enter_Adc_ADC_EXCLUSIVE_AREA_05
                0x00407a40                SchM_Exit_Adc_ADC_EXCLUSIVE_AREA_05
                0x00407a70                SchM_Enter_Adc_ADC_EXCLUSIVE_AREA_10
                0x00407aa4                SchM_Exit_Adc_ADC_EXCLUSIVE_AREA_10
                0x00407ad4                SchM_Enter_Adc_ADC_EXCLUSIVE_AREA_100
                0x00407b08                SchM_Exit_Adc_ADC_EXCLUSIVE_AREA_100
                0x00407b38                SchM_Enter_Adc_ADC_EXCLUSIVE_AREA_101
                0x00407b6c                SchM_Exit_Adc_ADC_EXCLUSIVE_AREA_101
                0x00407b9c                SchM_Enter_Adc_ADC_EXCLUSIVE_AREA_102
                0x00407bd0                SchM_Exit_Adc_ADC_EXCLUSIVE_AREA_102
                0x00407c00                SchM_Enter_Adc_ADC_EXCLUSIVE_AREA_103
                0x00407c34                SchM_Exit_Adc_ADC_EXCLUSIVE_AREA_103
                0x00407c64                SchM_Enter_Adc_ADC_EXCLUSIVE_AREA_11
                0x00407c98                SchM_Exit_Adc_ADC_EXCLUSIVE_AREA_11
                0x00407cc8                SchM_Enter_Adc_ADC_EXCLUSIVE_AREA_12
                0x00407cfc                SchM_Exit_Adc_ADC_EXCLUSIVE_AREA_12
                0x00407d2c                SchM_Enter_Adc_ADC_EXCLUSIVE_AREA_13
                0x00407d60                SchM_Exit_Adc_ADC_EXCLUSIVE_AREA_13
                0x00407d90                SchM_Enter_Adc_ADC_EXCLUSIVE_AREA_14
                0x00407dc4                SchM_Exit_Adc_ADC_EXCLUSIVE_AREA_14
                0x00407df4                SchM_Enter_Adc_ADC_EXCLUSIVE_AREA_15
                0x00407e28                SchM_Exit_Adc_ADC_EXCLUSIVE_AREA_15
                0x00407e58                SchM_Enter_Adc_ADC_EXCLUSIVE_AREA_16
                0x00407e8c                SchM_Exit_Adc_ADC_EXCLUSIVE_AREA_16
                0x00407ebc                SchM_Enter_Adc_ADC_EXCLUSIVE_AREA_17
                0x00407ef0                SchM_Exit_Adc_ADC_EXCLUSIVE_AREA_17
                0x00407f20                SchM_Enter_Adc_ADC_EXCLUSIVE_AREA_18
                0x00407f54                SchM_Exit_Adc_ADC_EXCLUSIVE_AREA_18
                0x00407f84                SchM_Enter_Adc_ADC_EXCLUSIVE_AREA_19
                0x00407fb8                SchM_Exit_Adc_ADC_EXCLUSIVE_AREA_19
                0x00407fe8                SchM_Enter_Adc_ADC_EXCLUSIVE_AREA_20
                0x0040801c                SchM_Exit_Adc_ADC_EXCLUSIVE_AREA_20
                0x0040804c                SchM_Enter_Adc_ADC_EXCLUSIVE_AREA_21
                0x00408080                SchM_Exit_Adc_ADC_EXCLUSIVE_AREA_21
                0x004080b0                SchM_Enter_Adc_ADC_EXCLUSIVE_AREA_22
                0x004080e4                SchM_Exit_Adc_ADC_EXCLUSIVE_AREA_22
                0x00408114                SchM_Enter_Adc_ADC_EXCLUSIVE_AREA_23
                0x00408148                SchM_Exit_Adc_ADC_EXCLUSIVE_AREA_23
                0x00408178                SchM_Enter_Adc_ADC_EXCLUSIVE_AREA_24
                0x004081ac                SchM_Exit_Adc_ADC_EXCLUSIVE_AREA_24
                0x004081dc                SchM_Enter_Adc_ADC_EXCLUSIVE_AREA_25
                0x00408210                SchM_Exit_Adc_ADC_EXCLUSIVE_AREA_25
                0x00408240                SchM_Enter_Adc_ADC_EXCLUSIVE_AREA_26
                0x00408274                SchM_Exit_Adc_ADC_EXCLUSIVE_AREA_26
                0x004082a4                SchM_Enter_Adc_ADC_EXCLUSIVE_AREA_27
                0x004082d8                SchM_Exit_Adc_ADC_EXCLUSIVE_AREA_27
                0x00408308                SchM_Enter_Adc_ADC_EXCLUSIVE_AREA_28
                0x0040833c                SchM_Exit_Adc_ADC_EXCLUSIVE_AREA_28
                0x0040836c                SchM_Enter_Adc_ADC_EXCLUSIVE_AREA_29
                0x004083a0                SchM_Exit_Adc_ADC_EXCLUSIVE_AREA_29
                0x004083d0                SchM_Enter_Adc_ADC_EXCLUSIVE_AREA_30
                0x00408404                SchM_Exit_Adc_ADC_EXCLUSIVE_AREA_30
                0x00408434                SchM_Enter_Adc_ADC_EXCLUSIVE_AREA_31
                0x00408468                SchM_Exit_Adc_ADC_EXCLUSIVE_AREA_31
                0x00408498                SchM_Enter_Adc_ADC_EXCLUSIVE_AREA_32
                0x004084cc                SchM_Exit_Adc_ADC_EXCLUSIVE_AREA_32
                0x004084fc                SchM_Enter_Adc_ADC_EXCLUSIVE_AREA_33
                0x00408530                SchM_Exit_Adc_ADC_EXCLUSIVE_AREA_33
                0x00408560                SchM_Enter_Adc_ADC_EXCLUSIVE_AREA_34
                0x00408594                SchM_Exit_Adc_ADC_EXCLUSIVE_AREA_34
                0x004085c4                SchM_Enter_Adc_ADC_EXCLUSIVE_AREA_35
                0x004085f8                SchM_Exit_Adc_ADC_EXCLUSIVE_AREA_35
                0x00408628                SchM_Enter_Adc_ADC_EXCLUSIVE_AREA_36
                0x0040865c                SchM_Exit_Adc_ADC_EXCLUSIVE_AREA_36
                0x0040868c                SchM_Enter_Adc_ADC_EXCLUSIVE_AREA_37
                0x004086c0                SchM_Exit_Adc_ADC_EXCLUSIVE_AREA_37
                0x004086f0                SchM_Enter_Adc_ADC_EXCLUSIVE_AREA_38
                0x00408724                SchM_Exit_Adc_ADC_EXCLUSIVE_AREA_38
                0x00408754                SchM_Enter_Adc_ADC_EXCLUSIVE_AREA_39
                0x00408788                SchM_Exit_Adc_ADC_EXCLUSIVE_AREA_39
                0x004087b8                SchM_Enter_Adc_ADC_EXCLUSIVE_AREA_40
                0x004087ec                SchM_Exit_Adc_ADC_EXCLUSIVE_AREA_40
                0x0040881c                SchM_Enter_Adc_ADC_EXCLUSIVE_AREA_41
                0x00408850                SchM_Exit_Adc_ADC_EXCLUSIVE_AREA_41
                0x00408880                SchM_Enter_Adc_ADC_EXCLUSIVE_AREA_42
                0x004088b4                SchM_Exit_Adc_ADC_EXCLUSIVE_AREA_42
                0x004088e4                SchM_Enter_Adc_ADC_EXCLUSIVE_AREA_43
                0x00408918                SchM_Exit_Adc_ADC_EXCLUSIVE_AREA_43
                0x00408948                SchM_Enter_Adc_ADC_EXCLUSIVE_AREA_44
                0x0040897c                SchM_Exit_Adc_ADC_EXCLUSIVE_AREA_44
                0x004089ac                SchM_Enter_Adc_ADC_EXCLUSIVE_AREA_45
                0x004089e0                SchM_Exit_Adc_ADC_EXCLUSIVE_AREA_45
                0x00408a10                SchM_Enter_Adc_ADC_EXCLUSIVE_AREA_46
                0x00408a44                SchM_Exit_Adc_ADC_EXCLUSIVE_AREA_46
                0x00408a74                SchM_Enter_Adc_ADC_EXCLUSIVE_AREA_47
                0x00408aa8                SchM_Exit_Adc_ADC_EXCLUSIVE_AREA_47
                0x00408ad8                SchM_Enter_Adc_ADC_EXCLUSIVE_AREA_48
                0x00408b0c                SchM_Exit_Adc_ADC_EXCLUSIVE_AREA_48
                0x00408b3c                SchM_Enter_Adc_ADC_EXCLUSIVE_AREA_49
                0x00408b70                SchM_Exit_Adc_ADC_EXCLUSIVE_AREA_49
                0x00408ba0                SchM_Enter_Adc_ADC_EXCLUSIVE_AREA_50
                0x00408bd4                SchM_Exit_Adc_ADC_EXCLUSIVE_AREA_50
                0x00408c04                SchM_Enter_Adc_ADC_EXCLUSIVE_AREA_51
                0x00408c38                SchM_Exit_Adc_ADC_EXCLUSIVE_AREA_51
                0x00408c68                SchM_Enter_Adc_ADC_EXCLUSIVE_AREA_54
                0x00408c9c                SchM_Exit_Adc_ADC_EXCLUSIVE_AREA_54
                0x00408ccc                SchM_Enter_Adc_ADC_EXCLUSIVE_AREA_55
                0x00408d00                SchM_Exit_Adc_ADC_EXCLUSIVE_AREA_55
                0x00408d30                SchM_Enter_Adc_ADC_EXCLUSIVE_AREA_56
                0x00408d64                SchM_Exit_Adc_ADC_EXCLUSIVE_AREA_56
                0x00408d94                SchM_Enter_Adc_ADC_EXCLUSIVE_AREA_57
                0x00408dc8                SchM_Exit_Adc_ADC_EXCLUSIVE_AREA_57
                0x00408df8                SchM_Enter_Adc_ADC_EXCLUSIVE_AREA_58
                0x00408e2c                SchM_Exit_Adc_ADC_EXCLUSIVE_AREA_58
                0x00408e5c                SchM_Enter_Adc_ADC_EXCLUSIVE_AREA_59
                0x00408e90                SchM_Exit_Adc_ADC_EXCLUSIVE_AREA_59
                0x00408ec0                SchM_Enter_Adc_ADC_EXCLUSIVE_AREA_60
                0x00408ef4                SchM_Exit_Adc_ADC_EXCLUSIVE_AREA_60
                0x00408f24                SchM_Enter_Adc_ADC_EXCLUSIVE_AREA_61
                0x00408f58                SchM_Exit_Adc_ADC_EXCLUSIVE_AREA_61
                0x00408f88                SchM_Enter_Adc_ADC_EXCLUSIVE_AREA_62
                0x00408fbc                SchM_Exit_Adc_ADC_EXCLUSIVE_AREA_62
                0x00408fec                SchM_Enter_Adc_ADC_EXCLUSIVE_AREA_63
                0x00409020                SchM_Exit_Adc_ADC_EXCLUSIVE_AREA_63
                0x00409050                SchM_Enter_Adc_ADC_EXCLUSIVE_AREA_64
                0x00409084                SchM_Exit_Adc_ADC_EXCLUSIVE_AREA_64
                0x004090b4                SchM_Enter_Adc_ADC_EXCLUSIVE_AREA_65
                0x004090e8                SchM_Exit_Adc_ADC_EXCLUSIVE_AREA_65
                0x00409118                SchM_Enter_Adc_ADC_EXCLUSIVE_AREA_66
                0x0040914c                SchM_Exit_Adc_ADC_EXCLUSIVE_AREA_66
                0x0040917c                SchM_Enter_Adc_ADC_EXCLUSIVE_AREA_67
                0x004091b0                SchM_Exit_Adc_ADC_EXCLUSIVE_AREA_67
                0x004091e0                SchM_Enter_Adc_ADC_EXCLUSIVE_AREA_68
                0x00409214                SchM_Exit_Adc_ADC_EXCLUSIVE_AREA_68
                0x00409244                SchM_Enter_Adc_ADC_EXCLUSIVE_AREA_69
                0x00409278                SchM_Exit_Adc_ADC_EXCLUSIVE_AREA_69
                0x004092a8                SchM_Enter_Adc_ADC_EXCLUSIVE_AREA_70
                0x004092dc                SchM_Exit_Adc_ADC_EXCLUSIVE_AREA_70
                0x0040930c                SchM_Enter_Adc_ADC_EXCLUSIVE_AREA_71
                0x00409340                SchM_Exit_Adc_ADC_EXCLUSIVE_AREA_71
                0x00409370                SchM_Enter_Adc_ADC_EXCLUSIVE_AREA_72
                0x004093a4                SchM_Exit_Adc_ADC_EXCLUSIVE_AREA_72
                0x004093d4                SchM_Enter_Adc_ADC_EXCLUSIVE_AREA_73
                0x00409408                SchM_Exit_Adc_ADC_EXCLUSIVE_AREA_73
                0x00409438                SchM_Enter_Adc_ADC_EXCLUSIVE_AREA_74
                0x0040946c                SchM_Exit_Adc_ADC_EXCLUSIVE_AREA_74
                0x0040949c                SchM_Enter_Adc_ADC_EXCLUSIVE_AREA_75
                0x004094d0                SchM_Exit_Adc_ADC_EXCLUSIVE_AREA_75
                0x00409500                SchM_Enter_Adc_ADC_EXCLUSIVE_AREA_76
                0x00409534                SchM_Exit_Adc_ADC_EXCLUSIVE_AREA_76
                0x00409564                SchM_Enter_Adc_ADC_EXCLUSIVE_AREA_77
                0x00409598                SchM_Exit_Adc_ADC_EXCLUSIVE_AREA_77
                0x004095c8                SchM_Enter_Adc_ADC_EXCLUSIVE_AREA_78
                0x004095fc                SchM_Exit_Adc_ADC_EXCLUSIVE_AREA_78
                0x0040962c                SchM_Enter_Adc_ADC_EXCLUSIVE_AREA_79
                0x00409660                SchM_Exit_Adc_ADC_EXCLUSIVE_AREA_79
                0x00409690                SchM_Enter_Adc_ADC_EXCLUSIVE_AREA_80
                0x004096c4                SchM_Exit_Adc_ADC_EXCLUSIVE_AREA_80
                0x004096f4                SchM_Enter_Adc_ADC_EXCLUSIVE_AREA_81
                0x00409728                SchM_Exit_Adc_ADC_EXCLUSIVE_AREA_81
                0x00409758                SchM_Enter_Adc_ADC_EXCLUSIVE_AREA_82
                0x0040978c                SchM_Exit_Adc_ADC_EXCLUSIVE_AREA_82
                0x004097bc                SchM_Enter_Adc_ADC_EXCLUSIVE_AREA_83
                0x004097f0                SchM_Exit_Adc_ADC_EXCLUSIVE_AREA_83
                0x00409820                SchM_Enter_Adc_ADC_EXCLUSIVE_AREA_84
                0x00409854                SchM_Exit_Adc_ADC_EXCLUSIVE_AREA_84
                0x00409884                SchM_Enter_Adc_ADC_EXCLUSIVE_AREA_85
                0x004098b8                SchM_Exit_Adc_ADC_EXCLUSIVE_AREA_85
                0x004098e8                SchM_Enter_Adc_ADC_EXCLUSIVE_AREA_86
                0x0040991c                SchM_Exit_Adc_ADC_EXCLUSIVE_AREA_86
                0x0040994c                SchM_Enter_Adc_ADC_EXCLUSIVE_AREA_87
                0x00409980                SchM_Exit_Adc_ADC_EXCLUSIVE_AREA_87
                0x004099b0                SchM_Enter_Adc_ADC_EXCLUSIVE_AREA_88
                0x004099e4                SchM_Exit_Adc_ADC_EXCLUSIVE_AREA_88
                0x00409a14                SchM_Enter_Adc_ADC_EXCLUSIVE_AREA_89
                0x00409a48                SchM_Exit_Adc_ADC_EXCLUSIVE_AREA_89
                0x00409a78                SchM_Enter_Adc_ADC_EXCLUSIVE_AREA_90
                0x00409aac                SchM_Exit_Adc_ADC_EXCLUSIVE_AREA_90
                0x00409adc                SchM_Enter_Adc_ADC_EXCLUSIVE_AREA_91
                0x00409b10                SchM_Exit_Adc_ADC_EXCLUSIVE_AREA_91
                0x00409b40                SchM_Enter_Adc_ADC_EXCLUSIVE_AREA_92
                0x00409b74                SchM_Exit_Adc_ADC_EXCLUSIVE_AREA_92
                0x00409ba4                SchM_Enter_Adc_ADC_EXCLUSIVE_AREA_93
                0x00409bd8                SchM_Exit_Adc_ADC_EXCLUSIVE_AREA_93
                0x00409c08                SchM_Enter_Adc_ADC_EXCLUSIVE_AREA_94
                0x00409c3c                SchM_Exit_Adc_ADC_EXCLUSIVE_AREA_94
                0x00409c6c                SchM_Enter_Adc_ADC_EXCLUSIVE_AREA_95
                0x00409ca0                SchM_Exit_Adc_ADC_EXCLUSIVE_AREA_95
                0x00409cd0                SchM_Enter_Adc_ADC_EXCLUSIVE_AREA_96
                0x00409d04                SchM_Exit_Adc_ADC_EXCLUSIVE_AREA_96
                0x00409d34                SchM_Enter_Adc_ADC_EXCLUSIVE_AREA_97
                0x00409d68                SchM_Exit_Adc_ADC_EXCLUSIVE_AREA_97
                0x00409d98                SchM_Enter_Adc_ADC_EXCLUSIVE_AREA_98
                0x00409dcc                SchM_Exit_Adc_ADC_EXCLUSIVE_AREA_98
                0x00409dfc                SchM_Enter_Adc_ADC_EXCLUSIVE_AREA_99
                0x00409e30                SchM_Exit_Adc_ADC_EXCLUSIVE_AREA_99
 .mcal_text     0x00409e60       0xc8 ./RTD/src/SchM_BaseNXP.o
                0x00409e60                SchM_Enter_BaseNXP_BASENXP_EXCLUSIVE_AREA_00
                0x00409e94                SchM_Exit_BaseNXP_BASENXP_EXCLUSIVE_AREA_00
                0x00409ec4                SchM_Enter_BaseNXP_BASENXP_EXCLUSIVE_AREA_01
                0x00409ef8                SchM_Exit_BaseNXP_BASENXP_EXCLUSIVE_AREA_01
 .mcal_text     0x00409f28       0xc8 ./RTD/src/SchM_Dio.o
                0x00409f28                SchM_Enter_Dio_DIO_EXCLUSIVE_AREA_00
                0x00409f5c                SchM_Exit_Dio_DIO_EXCLUSIVE_AREA_00
                0x00409f8c                SchM_Enter_Dio_DIO_EXCLUSIVE_AREA_01
                0x00409fc0                SchM_Exit_Dio_DIO_EXCLUSIVE_AREA_01
 .mcal_text     0x00409ff0     0x1a2c ./RTD/src/SchM_Gpt.o
                0x00409ff0                SchM_Enter_Gpt_GPT_EXCLUSIVE_AREA_00
                0x0040a024                SchM_Exit_Gpt_GPT_EXCLUSIVE_AREA_00
                0x0040a054                SchM_Enter_Gpt_GPT_EXCLUSIVE_AREA_01
                0x0040a088                SchM_Exit_Gpt_GPT_EXCLUSIVE_AREA_01
                0x0040a0b8                SchM_Enter_Gpt_GPT_EXCLUSIVE_AREA_02
                0x0040a0ec                SchM_Exit_Gpt_GPT_EXCLUSIVE_AREA_02
                0x0040a11c                SchM_Enter_Gpt_GPT_EXCLUSIVE_AREA_03
                0x0040a150                SchM_Exit_Gpt_GPT_EXCLUSIVE_AREA_03
                0x0040a180                SchM_Enter_Gpt_GPT_EXCLUSIVE_AREA_04
                0x0040a1b4                SchM_Exit_Gpt_GPT_EXCLUSIVE_AREA_04
                0x0040a1e4                SchM_Enter_Gpt_GPT_EXCLUSIVE_AREA_05
                0x0040a218                SchM_Exit_Gpt_GPT_EXCLUSIVE_AREA_05
                0x0040a248                SchM_Enter_Gpt_GPT_EXCLUSIVE_AREA_06
                0x0040a27c                SchM_Exit_Gpt_GPT_EXCLUSIVE_AREA_06
                0x0040a2ac                SchM_Enter_Gpt_GPT_EXCLUSIVE_AREA_07
                0x0040a2e0                SchM_Exit_Gpt_GPT_EXCLUSIVE_AREA_07
                0x0040a310                SchM_Enter_Gpt_GPT_EXCLUSIVE_AREA_08
                0x0040a344                SchM_Exit_Gpt_GPT_EXCLUSIVE_AREA_08
                0x0040a374                SchM_Enter_Gpt_GPT_EXCLUSIVE_AREA_09
                0x0040a3a8                SchM_Exit_Gpt_GPT_EXCLUSIVE_AREA_09
                0x0040a3d8                SchM_Enter_Gpt_GPT_EXCLUSIVE_AREA_10
                0x0040a40c                SchM_Exit_Gpt_GPT_EXCLUSIVE_AREA_10
                0x0040a43c                SchM_Enter_Gpt_GPT_EXCLUSIVE_AREA_11
                0x0040a470                SchM_Exit_Gpt_GPT_EXCLUSIVE_AREA_11
                0x0040a4a0                SchM_Enter_Gpt_GPT_EXCLUSIVE_AREA_15
                0x0040a4d4                SchM_Exit_Gpt_GPT_EXCLUSIVE_AREA_15
                0x0040a504                SchM_Enter_Gpt_GPT_EXCLUSIVE_AREA_16
                0x0040a538                SchM_Exit_Gpt_GPT_EXCLUSIVE_AREA_16
                0x0040a568                SchM_Enter_Gpt_GPT_EXCLUSIVE_AREA_17
                0x0040a59c                SchM_Exit_Gpt_GPT_EXCLUSIVE_AREA_17
                0x0040a5cc                SchM_Enter_Gpt_GPT_EXCLUSIVE_AREA_18
                0x0040a600                SchM_Exit_Gpt_GPT_EXCLUSIVE_AREA_18
                0x0040a630                SchM_Enter_Gpt_GPT_EXCLUSIVE_AREA_19
                0x0040a664                SchM_Exit_Gpt_GPT_EXCLUSIVE_AREA_19
                0x0040a694                SchM_Enter_Gpt_GPT_EXCLUSIVE_AREA_21
                0x0040a6c8                SchM_Exit_Gpt_GPT_EXCLUSIVE_AREA_21
                0x0040a6f8                SchM_Enter_Gpt_GPT_EXCLUSIVE_AREA_22
                0x0040a72c                SchM_Exit_Gpt_GPT_EXCLUSIVE_AREA_22
                0x0040a75c                SchM_Enter_Gpt_GPT_EXCLUSIVE_AREA_23
                0x0040a790                SchM_Exit_Gpt_GPT_EXCLUSIVE_AREA_23
                0x0040a7c0                SchM_Enter_Gpt_GPT_EXCLUSIVE_AREA_24
                0x0040a7f4                SchM_Exit_Gpt_GPT_EXCLUSIVE_AREA_24
                0x0040a824                SchM_Enter_Gpt_GPT_EXCLUSIVE_AREA_25
                0x0040a858                SchM_Exit_Gpt_GPT_EXCLUSIVE_AREA_25
                0x0040a888                SchM_Enter_Gpt_GPT_EXCLUSIVE_AREA_26
                0x0040a8bc                SchM_Exit_Gpt_GPT_EXCLUSIVE_AREA_26
                0x0040a8ec                SchM_Enter_Gpt_GPT_EXCLUSIVE_AREA_29
                0x0040a920                SchM_Exit_Gpt_GPT_EXCLUSIVE_AREA_29
                0x0040a950                SchM_Enter_Gpt_GPT_EXCLUSIVE_AREA_30
                0x0040a984                SchM_Exit_Gpt_GPT_EXCLUSIVE_AREA_30
                0x0040a9b4                SchM_Enter_Gpt_GPT_EXCLUSIVE_AREA_31
                0x0040a9e8                SchM_Exit_Gpt_GPT_EXCLUSIVE_AREA_31
                0x0040aa18                SchM_Enter_Gpt_GPT_EXCLUSIVE_AREA_35
                0x0040aa4c                SchM_Exit_Gpt_GPT_EXCLUSIVE_AREA_35
                0x0040aa7c                SchM_Enter_Gpt_GPT_EXCLUSIVE_AREA_36
                0x0040aab0                SchM_Exit_Gpt_GPT_EXCLUSIVE_AREA_36
                0x0040aae0                SchM_Enter_Gpt_GPT_EXCLUSIVE_AREA_38
                0x0040ab14                SchM_Exit_Gpt_GPT_EXCLUSIVE_AREA_38
                0x0040ab44                SchM_Enter_Gpt_GPT_EXCLUSIVE_AREA_39
                0x0040ab78                SchM_Exit_Gpt_GPT_EXCLUSIVE_AREA_39
                0x0040aba8                SchM_Enter_Gpt_GPT_EXCLUSIVE_AREA_40
                0x0040abdc                SchM_Exit_Gpt_GPT_EXCLUSIVE_AREA_40
                0x0040ac0c                SchM_Enter_Gpt_GPT_EXCLUSIVE_AREA_41
                0x0040ac40                SchM_Exit_Gpt_GPT_EXCLUSIVE_AREA_41
                0x0040ac70                SchM_Enter_Gpt_GPT_EXCLUSIVE_AREA_42
                0x0040aca4                SchM_Exit_Gpt_GPT_EXCLUSIVE_AREA_42
                0x0040acd4                SchM_Enter_Gpt_GPT_EXCLUSIVE_AREA_43
                0x0040ad08                SchM_Exit_Gpt_GPT_EXCLUSIVE_AREA_43
                0x0040ad38                SchM_Enter_Gpt_GPT_EXCLUSIVE_AREA_44
                0x0040ad6c                SchM_Exit_Gpt_GPT_EXCLUSIVE_AREA_44
                0x0040ad9c                SchM_Enter_Gpt_GPT_EXCLUSIVE_AREA_45
                0x0040add0                SchM_Exit_Gpt_GPT_EXCLUSIVE_AREA_45
                0x0040ae00                SchM_Enter_Gpt_GPT_EXCLUSIVE_AREA_46
                0x0040ae34                SchM_Exit_Gpt_GPT_EXCLUSIVE_AREA_46
                0x0040ae64                SchM_Enter_Gpt_GPT_EXCLUSIVE_AREA_50
                0x0040ae98                SchM_Exit_Gpt_GPT_EXCLUSIVE_AREA_50
                0x0040aec8                SchM_Enter_Gpt_GPT_EXCLUSIVE_AREA_51
                0x0040aefc                SchM_Exit_Gpt_GPT_EXCLUSIVE_AREA_51
                0x0040af2c                SchM_Enter_Gpt_GPT_EXCLUSIVE_AREA_52
                0x0040af60                SchM_Exit_Gpt_GPT_EXCLUSIVE_AREA_52
                0x0040af90                SchM_Enter_Gpt_GPT_EXCLUSIVE_AREA_53
                0x0040afc4                SchM_Exit_Gpt_GPT_EXCLUSIVE_AREA_53
                0x0040aff4                SchM_Enter_Gpt_GPT_EXCLUSIVE_AREA_54
                0x0040b028                SchM_Exit_Gpt_GPT_EXCLUSIVE_AREA_54
                0x0040b058                SchM_Enter_Gpt_GPT_EXCLUSIVE_AREA_55
                0x0040b08c                SchM_Exit_Gpt_GPT_EXCLUSIVE_AREA_55
                0x0040b0bc                SchM_Enter_Gpt_GPT_EXCLUSIVE_AREA_56
                0x0040b0f0                SchM_Exit_Gpt_GPT_EXCLUSIVE_AREA_56
                0x0040b120                SchM_Enter_Gpt_GPT_EXCLUSIVE_AREA_60
                0x0040b154                SchM_Exit_Gpt_GPT_EXCLUSIVE_AREA_60
                0x0040b184                SchM_Enter_Gpt_GPT_EXCLUSIVE_AREA_61
                0x0040b1b8                SchM_Exit_Gpt_GPT_EXCLUSIVE_AREA_61
                0x0040b1e8                SchM_Enter_Gpt_GPT_EXCLUSIVE_AREA_64
                0x0040b21c                SchM_Exit_Gpt_GPT_EXCLUSIVE_AREA_64
                0x0040b24c                SchM_Enter_Gpt_GPT_EXCLUSIVE_AREA_65
                0x0040b280                SchM_Exit_Gpt_GPT_EXCLUSIVE_AREA_65
                0x0040b2b0                SchM_Enter_Gpt_GPT_EXCLUSIVE_AREA_66
                0x0040b2e4                SchM_Exit_Gpt_GPT_EXCLUSIVE_AREA_66
                0x0040b314                SchM_Enter_Gpt_GPT_EXCLUSIVE_AREA_67
                0x0040b348                SchM_Exit_Gpt_GPT_EXCLUSIVE_AREA_67
                0x0040b378                SchM_Enter_Gpt_GPT_EXCLUSIVE_AREA_68
                0x0040b3ac                SchM_Exit_Gpt_GPT_EXCLUSIVE_AREA_68
                0x0040b3dc                SchM_Enter_Gpt_GPT_EXCLUSIVE_AREA_69
                0x0040b410                SchM_Exit_Gpt_GPT_EXCLUSIVE_AREA_69
                0x0040b440                SchM_Enter_Gpt_GPT_EXCLUSIVE_AREA_70
                0x0040b474                SchM_Exit_Gpt_GPT_EXCLUSIVE_AREA_70
                0x0040b4a4                SchM_Enter_Gpt_GPT_EXCLUSIVE_AREA_71
                0x0040b4d8                SchM_Exit_Gpt_GPT_EXCLUSIVE_AREA_71
                0x0040b508                SchM_Enter_Gpt_GPT_EXCLUSIVE_AREA_72
                0x0040b53c                SchM_Exit_Gpt_GPT_EXCLUSIVE_AREA_72
                0x0040b56c                SchM_Enter_Gpt_GPT_EXCLUSIVE_AREA_73
                0x0040b5a0                SchM_Exit_Gpt_GPT_EXCLUSIVE_AREA_73
                0x0040b5d0                SchM_Enter_Gpt_GPT_EXCLUSIVE_AREA_80
                0x0040b604                SchM_Exit_Gpt_GPT_EXCLUSIVE_AREA_80
                0x0040b634                SchM_Enter_Gpt_GPT_EXCLUSIVE_AREA_81
                0x0040b668                SchM_Exit_Gpt_GPT_EXCLUSIVE_AREA_81
                0x0040b698                SchM_Enter_Gpt_GPT_EXCLUSIVE_AREA_82
                0x0040b6cc                SchM_Exit_Gpt_GPT_EXCLUSIVE_AREA_82
                0x0040b6fc                SchM_Enter_Gpt_GPT_EXCLUSIVE_AREA_83
                0x0040b730                SchM_Exit_Gpt_GPT_EXCLUSIVE_AREA_83
                0x0040b760                SchM_Enter_Gpt_GPT_EXCLUSIVE_AREA_84
                0x0040b794                SchM_Exit_Gpt_GPT_EXCLUSIVE_AREA_84
                0x0040b7c4                SchM_Enter_Gpt_GPT_EXCLUSIVE_AREA_85
                0x0040b7f8                SchM_Exit_Gpt_GPT_EXCLUSIVE_AREA_85
                0x0040b828                SchM_Enter_Gpt_GPT_EXCLUSIVE_AREA_86
                0x0040b85c                SchM_Exit_Gpt_GPT_EXCLUSIVE_AREA_86
                0x0040b88c                SchM_Enter_Gpt_GPT_EXCLUSIVE_AREA_87
                0x0040b8c0                SchM_Exit_Gpt_GPT_EXCLUSIVE_AREA_87
                0x0040b8f0                SchM_Enter_Gpt_GPT_EXCLUSIVE_AREA_89
                0x0040b924                SchM_Exit_Gpt_GPT_EXCLUSIVE_AREA_89
                0x0040b954                SchM_Enter_Gpt_GPT_EXCLUSIVE_AREA_90
                0x0040b988                SchM_Exit_Gpt_GPT_EXCLUSIVE_AREA_90
                0x0040b9b8                SchM_Enter_Gpt_GPT_EXCLUSIVE_AREA_91
                0x0040b9ec                SchM_Exit_Gpt_GPT_EXCLUSIVE_AREA_91
 .mcal_text     0x0040ba1c      0x12c ./RTD/src/SchM_Mcu.o
                0x0040ba1c                SchM_Enter_Mcu_MCU_EXCLUSIVE_AREA_00
                0x0040ba50                SchM_Exit_Mcu_MCU_EXCLUSIVE_AREA_00
                0x0040ba80                SchM_Enter_Mcu_MCU_EXCLUSIVE_AREA_01
                0x0040bab4                SchM_Exit_Mcu_MCU_EXCLUSIVE_AREA_01
                0x0040bae4                SchM_Enter_Mcu_MCU_EXCLUSIVE_AREA_02
                0x0040bb18                SchM_Exit_Mcu_MCU_EXCLUSIVE_AREA_02
 .mcal_text     0x0040bb48      0xaf0 ./RTD/src/SchM_Port.o
                0x0040bb48                SchM_Enter_Port_PORT_EXCLUSIVE_AREA_00
                0x0040bb7c                SchM_Exit_Port_PORT_EXCLUSIVE_AREA_00
                0x0040bbac                SchM_Enter_Port_PORT_EXCLUSIVE_AREA_01
                0x0040bbe0                SchM_Exit_Port_PORT_EXCLUSIVE_AREA_01
                0x0040bc10                SchM_Enter_Port_PORT_EXCLUSIVE_AREA_02
                0x0040bc44                SchM_Exit_Port_PORT_EXCLUSIVE_AREA_02
                0x0040bc74                SchM_Enter_Port_PORT_EXCLUSIVE_AREA_03
                0x0040bca8                SchM_Exit_Port_PORT_EXCLUSIVE_AREA_03
                0x0040bcd8                SchM_Enter_Port_PORT_EXCLUSIVE_AREA_04
                0x0040bd0c                SchM_Exit_Port_PORT_EXCLUSIVE_AREA_04
                0x0040bd3c                SchM_Enter_Port_PORT_EXCLUSIVE_AREA_05
                0x0040bd70                SchM_Exit_Port_PORT_EXCLUSIVE_AREA_05
                0x0040bda0                SchM_Enter_Port_PORT_EXCLUSIVE_AREA_06
                0x0040bdd4                SchM_Exit_Port_PORT_EXCLUSIVE_AREA_06
                0x0040be04                SchM_Enter_Port_PORT_EXCLUSIVE_AREA_07
                0x0040be38                SchM_Exit_Port_PORT_EXCLUSIVE_AREA_07
                0x0040be68                SchM_Enter_Port_PORT_EXCLUSIVE_AREA_08
                0x0040be9c                SchM_Exit_Port_PORT_EXCLUSIVE_AREA_08
                0x0040becc                SchM_Enter_Port_PORT_EXCLUSIVE_AREA_09
                0x0040bf00                SchM_Exit_Port_PORT_EXCLUSIVE_AREA_09
                0x0040bf30                SchM_Enter_Port_PORT_EXCLUSIVE_AREA_10
                0x0040bf64                SchM_Exit_Port_PORT_EXCLUSIVE_AREA_10
                0x0040bf94                SchM_Enter_Port_PORT_EXCLUSIVE_AREA_11
                0x0040bfc8                SchM_Exit_Port_PORT_EXCLUSIVE_AREA_11
                0x0040bff8                SchM_Enter_Port_PORT_EXCLUSIVE_AREA_12
                0x0040c02c                SchM_Exit_Port_PORT_EXCLUSIVE_AREA_12
                0x0040c05c                SchM_Enter_Port_PORT_EXCLUSIVE_AREA_13
                0x0040c090                SchM_Exit_Port_PORT_EXCLUSIVE_AREA_13
                0x0040c0c0                SchM_Enter_Port_PORT_EXCLUSIVE_AREA_14
                0x0040c0f4                SchM_Exit_Port_PORT_EXCLUSIVE_AREA_14
                0x0040c124                SchM_Enter_Port_PORT_EXCLUSIVE_AREA_15
                0x0040c158                SchM_Exit_Port_PORT_EXCLUSIVE_AREA_15
                0x0040c188                SchM_Enter_Port_PORT_EXCLUSIVE_AREA_16
                0x0040c1bc                SchM_Exit_Port_PORT_EXCLUSIVE_AREA_16
                0x0040c1ec                SchM_Enter_Port_PORT_EXCLUSIVE_AREA_17
                0x0040c220                SchM_Exit_Port_PORT_EXCLUSIVE_AREA_17
                0x0040c250                SchM_Enter_Port_PORT_EXCLUSIVE_AREA_18
                0x0040c284                SchM_Exit_Port_PORT_EXCLUSIVE_AREA_18
                0x0040c2b4                SchM_Enter_Port_PORT_EXCLUSIVE_AREA_19
                0x0040c2e8                SchM_Exit_Port_PORT_EXCLUSIVE_AREA_19
                0x0040c318                SchM_Enter_Port_PORT_EXCLUSIVE_AREA_20
                0x0040c34c                SchM_Exit_Port_PORT_EXCLUSIVE_AREA_20
                0x0040c37c                SchM_Enter_Port_PORT_EXCLUSIVE_AREA_21
                0x0040c3b0                SchM_Exit_Port_PORT_EXCLUSIVE_AREA_21
                0x0040c3e0                SchM_Enter_Port_PORT_EXCLUSIVE_AREA_22
                0x0040c414                SchM_Exit_Port_PORT_EXCLUSIVE_AREA_22
                0x0040c444                SchM_Enter_Port_PORT_EXCLUSIVE_AREA_23
                0x0040c478                SchM_Exit_Port_PORT_EXCLUSIVE_AREA_23
                0x0040c4a8                SchM_Enter_Port_PORT_EXCLUSIVE_AREA_24
                0x0040c4dc                SchM_Exit_Port_PORT_EXCLUSIVE_AREA_24
                0x0040c50c                SchM_Enter_Port_PORT_EXCLUSIVE_AREA_25
                0x0040c540                SchM_Exit_Port_PORT_EXCLUSIVE_AREA_25
                0x0040c570                SchM_Enter_Port_PORT_EXCLUSIVE_AREA_26
                0x0040c5a4                SchM_Exit_Port_PORT_EXCLUSIVE_AREA_26
                0x0040c5d4                SchM_Enter_Port_PORT_EXCLUSIVE_AREA_27
                0x0040c608                SchM_Exit_Port_PORT_EXCLUSIVE_AREA_27
 .mcal_text     0x0040c638      0x1fc ./RTD/src/Siul2_Dio_Ip.o
                0x0040c66c                Siul2_Dio_Ip_WritePin
                0x0040c6d8                Siul2_Dio_Ip_SetGPDO
                0x0040c6f4                Siul2_Dio_Ip_ClearGPDO
                0x0040c710                Siul2_Dio_Ip_WritePins
                0x0040c728                Siul2_Dio_Ip_GetPinsOutput
                0x0040c740                Siul2_Dio_Ip_SetPins
                0x0040c75e                Siul2_Dio_Ip_ClearPins
                0x0040c77e                Siul2_Dio_Ip_TogglePins
                0x0040c79c                Siul2_Dio_Ip_ReadPins
                0x0040c7b6                Siul2_Dio_Ip_ReadPin
                0x0040c7e8                Siul2_Dio_Ip_MaskedWritePins
 .mcal_text     0x0040c834      0x458 ./RTD/src/Siul2_Port_Ip.o
                0x0040c988                Siul2_Port_Ip_Init
                0x0040c9b8                Siul2_Port_Ip_SetPullSel
                0x0040ca14                Siul2_Port_Ip_SetOutputBuffer
                0x0040ca7a                Siul2_Port_Ip_SetInputBuffer
                0x0040caea                Siul2_Port_Ip_SetPinDirection
                0x0040cb62                Siul2_Port_Ip_RevertPinConfiguration
                0x0040cbc4                Siul2_Port_Ip_GetPinConfiguration
 .mcal_text     0x0040cc8c      0x11c ./RTD/src/Tspc_Port_Ip.o
                0x0040cc8c                Tspc_Port_Ip_EnableObeGroup
                0x0040ccbc                Tspc_Port_Ip_DisableObeGroup
                0x0040ccec                Tspc_Port_Ip_MaskObeGroup
                0x0040cd0a                Tspc_Port_Ip_ConfigureObeGroup
                0x0040cda8                . = ALIGN (0x4)
 *(.acmcu_code_rom)
                0x0040cda8                . = ALIGN (0x4)
                0x0040cda8                __acfls_code_rom_start = .
 *(.acfls_code_rom)
 .acfls_code_rom
                0x0040cda8       0x5c ./RTD/src/Clock_Ip_Specific.o
                0x0040cda8                Clock_Ip_PRAMCSetRamIWS
 *fill*         0x0040ce04        0x4 
 .acfls_code_rom.__stub
                0x0040ce08        0x8 linker stubs
                0x0040ce10                . = ALIGN (0x4)
                0x0040ce10                __acfls_code_rom_end = .
                0x0040ce10                __acmem_43_infls_code_rom_start = .
 *(.acmem_43_infls_code_rom)
                0x0040ce10                . = ALIGN (0x4)
                0x0040ce10                __acmem_43_infls_code_rom_end = .
 *(.init)
                0x0040ce10                . = ALIGN (0x4)
 *(.fini)
                0x0040ce10                . = ALIGN (0x4)
 *(.rodata)
 .rodata        0x0040ce10       0x16 ./RTD/src/Adc_Sar_Ip.o
 .rodata        0x0040ce26        0x3 ./RTD/src/Clock_Ip_IntOsc.o
 .rodata        0x0040ce29        0x6 ./RTD/src/Pit_Ip.o
 *fill*         0x0040ce2f        0x1 
 .rodata        0x0040ce30        0x4 ./RTD/src/Siul2_Port_Ip.o
                0x0040ce30                Port_au32Siul2BaseAddr
 .rodata        0x0040ce34       0x18 ./src/main.o
 *(.rodata*)
 .rodata.logf.str1.1
                0x0040ce4c        0x1 c:/nxp/s32ds.3.6.10/s32ds/build_tools/gcc_v10.2/gcc-10.2-arm32-eabi/bin/../lib/gcc/arm-none-eabi/10.2.0/../../../../arm-none-eabi/lib/thumb/v7e-m+fp/hard\libm.a(lib_a-wf_log.o)
 *fill*         0x0040ce4d        0x3 
 .rodata._global_impure_ptr
                0x0040ce50        0x4 c:/nxp/s32ds.3.6.10/s32ds/build_tools/gcc_v10.2/gcc-10.2-arm32-eabi/bin/../lib/gcc/arm-none-eabi/10.2.0/../../../../arm-none-eabi/lib/thumb/v7e-m+fp/hard\libg_nano.a(lib_a-impure.o)
                0x0040ce50                _global_impure_ptr
                0x0040ce54                . = ALIGN (0x4)
 *(.mcal_const_cfg)
 .mcal_const_cfg
                0x0040ce54      0x3c0 ./board/Siul2_Port_Ip_Cfg.o
                0x0040ce54                g_pin_mux_InitConfigArr_PortContainer_0_BOARD_InitPeripherals
 .mcal_const_cfg
                0x0040d214       0x90 ./generate/src/Adc_Sar_Ip_PBcfg.o
                0x0040d214                AdcHwUnit_0
 *fill*         0x0040d2a4        0x4 
 .mcal_const_cfg
                0x0040d2a8      0x5fc ./generate/src/Clock_Ip_Cfg.o
                0x0040d2a8                Clock_Ip_aClockConfig
 .mcal_const_cfg
                0x0040d8a4       0x14 ./generate/src/IntCtrl_Ip_Cfg.o
                0x0040d8a4                IntCtrlConfig_0
 .mcal_const_cfg
                0x0040d8b8        0xc ./generate/src/OsIf_Cfg.o
                0x0040d8b8                OsIf_apxPredefinedConfig
 .mcal_const_cfg
                0x0040d8c4       0x12 ./generate/src/Pit_Ip_SA_PBcfg.o
                0x0040d8c4                PIT_0_ChannelConfig_PB
                0x0040d8d4                PIT_0_InitConfig_PB
                0x0040d8d8                . = ALIGN (0x4)
 *fill*         0x0040d8d6        0x2 
 *(.mcal_const)
 .mcal_const    0x0040d8d8       0x40 ./RTD/src/Adc_Sar_Ip.o
 .mcal_const    0x0040d918     0x1130 ./RTD/src/Clock_Ip_Data.o
                0x0040d918                Clock_Ip_axGateInfo
                0x0040e000                Clock_Ip_axFeatureExtensions
                0x0040e250                Clock_Ip_aeHwDfsName
                0x0040e254                Clock_Ip_aeHwPllName
                0x0040e258                Clock_Ip_aeSourceTypeClockName
                0x0040e2b0                Clock_Ip_apxMcMeTriggerPartitions
                0x0040e2c0                Clock_Ip_apxMcMeGetPartitions
                0x0040e2d0                Clock_Ip_apxMcMeSetPartitions
                0x0040e2e0                Clock_Ip_axCmuInfo
                0x0040e36c                Clock_Ip_aeCmuNames
                0x0040e388                Clock_Ip_apxCmu
                0x0040e3a4                Clock_Ip_apxPll
                0x0040e3b4                Clock_Ip_apxXosc
                0x0040e3bc                Clock_Ip_apxCgmPcfs
                0x0040e3c0                Clock_Ip_apxCgm
                0x0040e414                Clock_Ip_au16SelectorEntryRtcHardwareValue
                0x0040e440                Clock_Ip_au16SelectorEntryHardwareValue
                0x0040e46c                Clock_Ip_au8SoftwareMuxResetValue
                0x0040e4f8                Clock_Ip_au8ClockFeatures
                0x0040e9e4                Clock_Ip_au8CmuCallbackIndex
                0x0040e9ee                Clock_Ip_au8PcfsCallbackIndex
                0x0040e9f8                Clock_Ip_au8SelectorCallbackIndex
                0x0040ea02                Clock_Ip_au8PllCallbackIndex
                0x0040ea0c                Clock_Ip_au8FractionalDividerCallbackIndex
                0x0040ea16                Clock_Ip_au8GateCallbackIndex
                0x0040ea20                Clock_Ip_au8IrcoscCallbackIndex
                0x0040ea2a                Clock_Ip_au8XoscCallbackIndex
                0x0040ea34                Clock_Ip_au8DividerTriggerCallbackIndex
                0x0040ea3e                Clock_Ip_au8DividerCallbackIndex
 .mcal_const    0x0040ea48       0x14 ./RTD/src/Clock_Ip_Divider.o
                0x0040ea48                Clock_Ip_axDividerCallbacks
 .mcal_const    0x0040ea5c       0x10 ./RTD/src/Clock_Ip_DividerTrigger.o
                0x0040ea5c                Clock_Ip_axDividerTriggerCallbacks
 .mcal_const    0x0040ea6c       0x30 ./RTD/src/Clock_Ip_ExtOsc.o
                0x0040ea6c                Clock_Ip_axExtOscCallbacks
 .mcal_const    0x0040ea9c        0xc ./RTD/src/Clock_Ip_FracDiv.o
                0x0040ea9c                Clock_Ip_axFracDivCallbacks
 .mcal_const    0x0040eaa8       0x10 ./RTD/src/Clock_Ip_Gate.o
                0x0040eaa8                Clock_Ip_axGateCallbacks
 .mcal_const    0x0040eab8       0x30 ./RTD/src/Clock_Ip_IntOsc.o
                0x0040eab8                Clock_Ip_axIntOscCallbacks
 .mcal_const    0x0040eae8       0x20 ./RTD/src/Clock_Ip_Monitor.o
                0x0040eae8                Clock_Ip_axCmuCallbacks
 .mcal_const    0x0040eb08       0x28 ./RTD/src/Clock_Ip_Pll.o
                0x0040eb08                Clock_Ip_axPllCallbacks
 .mcal_const    0x0040eb30        0x8 ./RTD/src/Clock_Ip_ProgFreqSwitch.o
                0x0040eb30                Clock_Ip_axPcfsCallbacks
 .mcal_const    0x0040eb38       0x28 ./RTD/src/Clock_Ip_Selector.o
                0x0040eb38                Clock_Ip_axSelectorCallbacks
 .mcal_const    0x0040eb60        0xc ./RTD/src/Pit_Ip.o
                0x0040eb6c                . = ALIGN (0x4)
                0x0040eb6c                __init_table = .
 *(.init_table)
 .init_table    0x0040eb6c       0x4c ./Project_Settings/Startup_Code/startup_cm7.o
                0x0040ebb8                . = ALIGN (0x4)
                0x0040ebb8                __zero_table = .
 *(.zero_table)
 .zero_table    0x0040ebb8       0x1c ./Project_Settings/Startup_Code/startup_cm7.o

.ARM.extab      0x0040ebd4        0x0
 .ARM.extab     0x0040ebd4        0x0 c:/nxp/s32ds.3.6.10/s32ds/build_tools/gcc_v10.2/gcc-10.2-arm32-eabi/bin/../lib/gcc/arm-none-eabi/10.2.0/thumb/v7e-m+fp/hard\libgcc.a(_udivmoddi4.o)

.ARM.exidx      0x0040ebd4        0x8
 .ARM.exidx     0x0040ebd4        0x8 c:/nxp/s32ds.3.6.10/s32ds/build_tools/gcc_v10.2/gcc-10.2-arm32-eabi/bin/../lib/gcc/arm-none-eabi/10.2.0/thumb/v7e-m+fp/hard\libgcc.a(_udivmoddi4.o)

.glue_7         0x0040ebdc        0x0
 .glue_7        0x0040ebdc        0x0 linker stubs

.glue_7t        0x0040ebdc        0x0
 .glue_7t       0x0040ebdc        0x0 linker stubs

.vfp11_veneer   0x0040ebdc        0x0
 .vfp11_veneer  0x0040ebdc        0x0 linker stubs

.v4_bx          0x0040ebdc        0x0
 .v4_bx         0x0040ebdc        0x0 linker stubs

.iplt           0x0040ebdc        0x0
 .iplt          0x0040ebdc        0x0 ./Project_Settings/Startup_Code/Vector_Table.o

.rel.dyn        0x0040ebdc        0x0
 .rel.iplt      0x0040ebdc        0x0 ./Project_Settings/Startup_Code/Vector_Table.o
                0x0040ebdc                . = ALIGN (0x4)
                0x0040ebdc                __text_end = .
                0x0040ebdc                __sram_data_rom = __text_end

.sram_bss       0x20400000      0x1c0
                0x20400000                . = ALIGN (0x8)
                0x20400000                __standby_ram_begin__ = .
 *(.standby_data)
                0x20400000                . = ALIGN (0x8)
                0x20400000                __standby_ram_end__ = .
                0x20400000                . = ALIGN (0x10)
                0x20400000                __sram_bss_start = .
 *(.bss)
 .bss           0x20400000        0x0 ./Project_Settings/Startup_Code/Vector_Table.o
 .bss           0x20400000        0x0 ./Project_Settings/Startup_Code/exceptions.o
 .bss           0x20400000        0x0 ./Project_Settings/Startup_Code/nvic.o
 .bss           0x20400000        0x0 ./Project_Settings/Startup_Code/startup.o
 .bss           0x20400000        0x0 ./Project_Settings/Startup_Code/startup_cm7.o
 .bss           0x20400000       0x80 ./Project_Settings/Startup_Code/system.o
                0x20400000                rbar
                0x20400040                rasr
 .bss           0x20400080        0x4 ./RTD/src/Adc_Sar_Ip.o
 .bss           0x20400084        0x0 ./RTD/src/Adc_Sar_Ip_Irq.o
 .bss           0x20400084        0x0 ./RTD/src/Clock_Ip.o
 .bss           0x20400084        0x0 ./RTD/src/Clock_Ip_Data.o
 .bss           0x20400084        0x0 ./RTD/src/Clock_Ip_Divider.o
 .bss           0x20400084        0x0 ./RTD/src/Clock_Ip_DividerTrigger.o
 .bss           0x20400084        0x0 ./RTD/src/Clock_Ip_ExtOsc.o
 .bss           0x20400084        0x0 ./RTD/src/Clock_Ip_FracDiv.o
 .bss           0x20400084        0x0 ./RTD/src/Clock_Ip_Frequency.o
 .bss           0x20400084        0x0 ./RTD/src/Clock_Ip_Gate.o
 .bss           0x20400084        0x0 ./RTD/src/Clock_Ip_IntOsc.o
 .bss           0x20400084        0x0 ./RTD/src/Clock_Ip_Irq.o
 .bss           0x20400084        0x0 ./RTD/src/Clock_Ip_Monitor.o
 .bss           0x20400084        0x0 ./RTD/src/Clock_Ip_Pll.o
 .bss           0x20400084        0x0 ./RTD/src/Clock_Ip_ProgFreqSwitch.o
 .bss           0x20400084        0x0 ./RTD/src/Clock_Ip_Selector.o
 .bss           0x20400084        0x0 ./RTD/src/Clock_Ip_Specific.o
 .bss           0x20400084        0x0 ./RTD/src/Det.o
 .bss           0x20400084        0x0 ./RTD/src/Det_stub.o
 .bss           0x20400084        0x0 ./RTD/src/Igf_Port_Ip.o
 .bss           0x20400084        0x0 ./RTD/src/IntCtrl_Ip.o
 .bss           0x20400084        0x0 ./RTD/src/OsIf_Interrupts.o
 .bss           0x20400084        0x0 ./RTD/src/OsIf_Software_Semaphore.o
 .bss           0x20400084        0x0 ./RTD/src/OsIf_Timer.o
 .bss           0x20400084        0x0 ./RTD/src/OsIf_Timer_System.o
 .bss           0x20400084        0x0 ./RTD/src/OsIf_Timer_System_Internal_Systick.o
 .bss           0x20400084        0x0 ./RTD/src/Pit_Ip.o
 .bss           0x20400084        0x0 ./RTD/src/SchM_Adc.o
 .bss           0x20400084        0x0 ./RTD/src/SchM_BaseNXP.o
 .bss           0x20400084        0x0 ./RTD/src/SchM_Dio.o
 .bss           0x20400084        0x0 ./RTD/src/SchM_Gpt.o
 .bss           0x20400084        0x0 ./RTD/src/SchM_Mcu.o
 .bss           0x20400084        0x0 ./RTD/src/SchM_Port.o
 .bss           0x20400084        0x0 ./RTD/src/Siul2_Dio_Ip.o
 .bss           0x20400084        0x0 ./RTD/src/Siul2_Port_Ip.o
 .bss           0x20400084        0x0 ./RTD/src/Tspc_Port_Ip.o
 .bss           0x20400084        0x0 ./board/Siul2_Port_Ip_Cfg.o
 .bss           0x20400084        0x0 ./board/Tspc_Port_Ip_Cfg.o
 .bss           0x20400084        0x0 ./generate/src/Adc_Sar_Ip_PBcfg.o
 .bss           0x20400084        0x0 ./generate/src/Clock_Ip_Cfg.o
 .bss           0x20400084        0x0 ./generate/src/Igf_Port_Ip_Cfg.o
 .bss           0x20400084        0x0 ./generate/src/IntCtrl_Ip_Cfg.o
 .bss           0x20400084        0x0 ./generate/src/OsIf_Cfg.o
 .bss           0x20400084        0x0 ./generate/src/Pit_Ip_SA_PBcfg.o
 .bss           0x20400084       0x11 ./src/app/Bms_Adc.o
 .bss           0x20400095        0x0 ./src/app/Bms_App.o
 *fill*         0x20400095        0x3 
 .bss           0x20400098       0x2c ./src/app/Bms_Scheduler.o
 .bss           0x204000c4        0xc ./src/battery/Battery_Monitor.o
 .bss           0x204000d0        0x3 ./src/battery/Bms_Ntc.o
 .bss           0x204000d3        0x0 ./src/drivers/Bms_Can.o
 *fill*         0x204000d3        0x1 
 .bss           0x204000d4        0xc ./src/drivers/Bms_Gpio.o
 .bss           0x204000e0        0x0 ./src/drivers/Bms_Led.o
 .bss           0x204000e0        0x5 ./src/main.o
 .bss           0x204000e5        0x6 ./src/safety/Fault_Manager.o
 .bss           0x204000eb        0x0 c:/nxp/s32ds.3.6.10/s32ds/build_tools/gcc_v10.2/gcc-10.2-arm32-eabi/bin/../lib/gcc/arm-none-eabi/10.2.0/../../../../arm-none-eabi/lib/thumb/v7e-m+fp/hard\libc_nano.a(lib_a-memmove.o)
 .bss           0x204000eb        0x0 c:/nxp/s32ds.3.6.10/s32ds/build_tools/gcc_v10.2/gcc-10.2-arm32-eabi/bin/../lib/gcc/arm-none-eabi/10.2.0/../../../../arm-none-eabi/lib/thumb/v7e-m+fp/hard\libc_nano.a(lib_a-memset.o)
 .bss           0x204000eb        0x0 c:/nxp/s32ds.3.6.10/s32ds/build_tools/gcc_v10.2/gcc-10.2-arm32-eabi/bin/../lib/gcc/arm-none-eabi/10.2.0/../../../../arm-none-eabi/lib/thumb/v7e-m+fp/hard\libm.a(lib_a-wf_log.o)
 .bss           0x204000eb        0x0 c:/nxp/s32ds.3.6.10/s32ds/build_tools/gcc_v10.2/gcc-10.2-arm32-eabi/bin/../lib/gcc/arm-none-eabi/10.2.0/../../../../arm-none-eabi/lib/thumb/v7e-m+fp/hard\libm.a(lib_a-ef_log.o)
 .bss           0x204000eb        0x0 c:/nxp/s32ds.3.6.10/s32ds/build_tools/gcc_v10.2/gcc-10.2-arm32-eabi/bin/../lib/gcc/arm-none-eabi/10.2.0/../../../../arm-none-eabi/lib/thumb/v7e-m+fp/hard\libm.a(lib_a-sf_nan.o)
 .bss           0x204000eb        0x0 c:/nxp/s32ds.3.6.10/s32ds/build_tools/gcc_v10.2/gcc-10.2-arm32-eabi/bin/../lib/gcc/arm-none-eabi/10.2.0/../../../../arm-none-eabi/lib/thumb/v7e-m+fp/hard\libm.a(lib_a-s_lib_ver.o)
 .bss           0x204000eb        0x0 c:/nxp/s32ds.3.6.10/s32ds/build_tools/gcc_v10.2/gcc-10.2-arm32-eabi/bin/../lib/gcc/arm-none-eabi/10.2.0/thumb/v7e-m+fp/hard\libgcc.a(_aeabi_ldivmod.o)
 .bss           0x204000eb        0x0 c:/nxp/s32ds.3.6.10/s32ds/build_tools/gcc_v10.2/gcc-10.2-arm32-eabi/bin/../lib/gcc/arm-none-eabi/10.2.0/thumb/v7e-m+fp/hard\libgcc.a(_aeabi_uldivmod.o)
 .bss           0x204000eb        0x0 c:/nxp/s32ds.3.6.10/s32ds/build_tools/gcc_v10.2/gcc-10.2-arm32-eabi/bin/../lib/gcc/arm-none-eabi/10.2.0/thumb/v7e-m+fp/hard\libgcc.a(_udivmoddi4.o)
 .bss           0x204000eb        0x0 c:/nxp/s32ds.3.6.10/s32ds/build_tools/gcc_v10.2/gcc-10.2-arm32-eabi/bin/../lib/gcc/arm-none-eabi/10.2.0/thumb/v7e-m+fp/hard\libgcc.a(_dvmd_tls.o)
 .bss           0x204000eb        0x0 c:/nxp/s32ds.3.6.10/s32ds/build_tools/gcc_v10.2/gcc-10.2-arm32-eabi/bin/../lib/gcc/arm-none-eabi/10.2.0/../../../../arm-none-eabi/lib/thumb/v7e-m+fp/hard\libg_nano.a(lib_a-errno.o)
 .bss           0x204000eb        0x0 c:/nxp/s32ds.3.6.10/s32ds/build_tools/gcc_v10.2/gcc-10.2-arm32-eabi/bin/../lib/gcc/arm-none-eabi/10.2.0/../../../../arm-none-eabi/lib/thumb/v7e-m+fp/hard\libg_nano.a(lib_a-impure.o)
 *(.bss*)
                0x204000f0                . = ALIGN (0x10)
 *fill*         0x204000eb        0x5 
 *(.mcal_bss)
 .mcal_bss      0x204000f0        0x4 ./Project_Settings/Startup_Code/system.o
                0x204000f0                RESET_CATCH_CORE
 .mcal_bss      0x204000f4       0x95 ./RTD/src/Clock_Ip.o
                0x204000f8                Clock_Ip_FreqIds
                0x20400184                Clock_Ip_pxConfig
 *fill*         0x20400189        0x3 
 .mcal_bss      0x2040018c        0xc ./RTD/src/Clock_Ip_Monitor.o
 .mcal_bss      0x20400198        0x8 ./RTD/src/Clock_Ip_ProgFreqSwitch.o
 .mcal_bss      0x204001a0        0xc ./RTD/src/Clock_Ip_Specific.o
 .mcal_bss      0x204001ac        0xc ./RTD/src/OsIf_Timer_System.o
 .mcal_bss      0x204001b8        0x8 ./RTD/src/Siul2_Port_Ip.o
                0x204001c0                . = ALIGN (0x4)
                0x204001c0                __sram_bss_end = .

.sram_data      0x204001c0      0x108 load address 0x0040ebdc
                0x204001c0                . = ALIGN (0x4)
                0x204001c0                __sram_data_begin__ = .
                0x204001c0                . = ALIGN (0x4)
 *(.ramcode)
 .ramcode       0x204001c0       0x98 ./RTD/src/Clock_Ip_Specific.o
                0x20400258                . = ALIGN (0x4)
 *(.data)
 .data          0x20400258        0x0 ./Project_Settings/Startup_Code/Vector_Table.o
 .data          0x20400258        0x0 ./Project_Settings/Startup_Code/exceptions.o
 .data          0x20400258        0x0 ./Project_Settings/Startup_Code/nvic.o
 .data          0x20400258        0x0 ./Project_Settings/Startup_Code/startup.o
 .data          0x20400258        0x0 ./Project_Settings/Startup_Code/startup_cm7.o
 .data          0x20400258        0x0 ./Project_Settings/Startup_Code/system.o
 .data          0x20400258        0x0 ./RTD/src/Adc_Sar_Ip.o
 .data          0x20400258        0x0 ./RTD/src/Adc_Sar_Ip_Irq.o
 .data          0x20400258        0x4 ./RTD/src/Clock_Ip.o
 .data          0x2040025c        0x0 ./RTD/src/Clock_Ip_Data.o
 .data          0x2040025c        0x0 ./RTD/src/Clock_Ip_Divider.o
 .data          0x2040025c        0x0 ./RTD/src/Clock_Ip_DividerTrigger.o
 .data          0x2040025c        0x0 ./RTD/src/Clock_Ip_ExtOsc.o
 .data          0x2040025c        0x0 ./RTD/src/Clock_Ip_FracDiv.o
 .data          0x2040025c        0x0 ./RTD/src/Clock_Ip_Frequency.o
 .data          0x2040025c        0x0 ./RTD/src/Clock_Ip_Gate.o
 .data          0x2040025c        0x0 ./RTD/src/Clock_Ip_IntOsc.o
 .data          0x2040025c        0x0 ./RTD/src/Clock_Ip_Irq.o
 .data          0x2040025c        0x0 ./RTD/src/Clock_Ip_Monitor.o
 .data          0x2040025c        0x0 ./RTD/src/Clock_Ip_Pll.o
 .data          0x2040025c        0x0 ./RTD/src/Clock_Ip_ProgFreqSwitch.o
 .data          0x2040025c        0x0 ./RTD/src/Clock_Ip_Selector.o
 .data          0x2040025c        0x0 ./RTD/src/Clock_Ip_Specific.o
 .data          0x2040025c        0x0 ./RTD/src/Det.o
 .data          0x2040025c        0x0 ./RTD/src/Det_stub.o
 .data          0x2040025c        0x0 ./RTD/src/Igf_Port_Ip.o
 .data          0x2040025c        0x0 ./RTD/src/IntCtrl_Ip.o
 .data          0x2040025c        0x0 ./RTD/src/OsIf_Interrupts.o
 .data          0x2040025c        0x0 ./RTD/src/OsIf_Software_Semaphore.o
 .data          0x2040025c        0x0 ./RTD/src/OsIf_Timer.o
 .data          0x2040025c        0x0 ./RTD/src/OsIf_Timer_System.o
 .data          0x2040025c        0x0 ./RTD/src/OsIf_Timer_System_Internal_Systick.o
 .data          0x2040025c        0x0 ./RTD/src/Pit_Ip.o
 .data          0x2040025c        0x0 ./RTD/src/SchM_Adc.o
 .data          0x2040025c        0x0 ./RTD/src/SchM_BaseNXP.o
 .data          0x2040025c        0x0 ./RTD/src/SchM_Dio.o
 .data          0x2040025c        0x0 ./RTD/src/SchM_Gpt.o
 .data          0x2040025c        0x0 ./RTD/src/SchM_Mcu.o
 .data          0x2040025c        0x0 ./RTD/src/SchM_Port.o
 .data          0x2040025c        0x0 ./RTD/src/Siul2_Dio_Ip.o
 .data          0x2040025c        0x0 ./RTD/src/Siul2_Port_Ip.o
 .data          0x2040025c        0x0 ./RTD/src/Tspc_Port_Ip.o
 .data          0x2040025c        0x0 ./board/Siul2_Port_Ip_Cfg.o
 .data          0x2040025c        0x0 ./board/Tspc_Port_Ip_Cfg.o
 .data          0x2040025c        0x0 ./generate/src/Adc_Sar_Ip_PBcfg.o
 .data          0x2040025c        0x0 ./generate/src/Clock_Ip_Cfg.o
 .data          0x2040025c        0x0 ./generate/src/Igf_Port_Ip_Cfg.o
 .data          0x2040025c        0x0 ./generate/src/IntCtrl_Ip_Cfg.o
 .data          0x2040025c        0x0 ./generate/src/OsIf_Cfg.o
 .data          0x2040025c        0x0 ./generate/src/Pit_Ip_SA_PBcfg.o
 .data          0x2040025c        0x0 ./src/app/Bms_Adc.o
 .data          0x2040025c        0x0 ./src/app/Bms_App.o
 .data          0x2040025c        0x0 ./src/app/Bms_Scheduler.o
 .data          0x2040025c        0x0 ./src/battery/Battery_Monitor.o
 .data          0x2040025c        0x0 ./src/battery/Bms_Ntc.o
 .data          0x2040025c        0x0 ./src/drivers/Bms_Can.o
 .data          0x2040025c        0x0 ./src/drivers/Bms_Gpio.o
 .data          0x2040025c        0x0 ./src/drivers/Bms_Led.o
 .data          0x2040025c        0x0 ./src/main.o
 .data          0x2040025c        0x0 ./src/safety/Fault_Manager.o
 .data          0x2040025c        0x0 c:/nxp/s32ds.3.6.10/s32ds/build_tools/gcc_v10.2/gcc-10.2-arm32-eabi/bin/../lib/gcc/arm-none-eabi/10.2.0/../../../../arm-none-eabi/lib/thumb/v7e-m+fp/hard\libc_nano.a(lib_a-memmove.o)
 .data          0x2040025c        0x0 c:/nxp/s32ds.3.6.10/s32ds/build_tools/gcc_v10.2/gcc-10.2-arm32-eabi/bin/../lib/gcc/arm-none-eabi/10.2.0/../../../../arm-none-eabi/lib/thumb/v7e-m+fp/hard\libc_nano.a(lib_a-memset.o)
 .data          0x2040025c        0x0 c:/nxp/s32ds.3.6.10/s32ds/build_tools/gcc_v10.2/gcc-10.2-arm32-eabi/bin/../lib/gcc/arm-none-eabi/10.2.0/../../../../arm-none-eabi/lib/thumb/v7e-m+fp/hard\libm.a(lib_a-wf_log.o)
 .data          0x2040025c        0x0 c:/nxp/s32ds.3.6.10/s32ds/build_tools/gcc_v10.2/gcc-10.2-arm32-eabi/bin/../lib/gcc/arm-none-eabi/10.2.0/../../../../arm-none-eabi/lib/thumb/v7e-m+fp/hard\libm.a(lib_a-ef_log.o)
 .data          0x2040025c        0x0 c:/nxp/s32ds.3.6.10/s32ds/build_tools/gcc_v10.2/gcc-10.2-arm32-eabi/bin/../lib/gcc/arm-none-eabi/10.2.0/../../../../arm-none-eabi/lib/thumb/v7e-m+fp/hard\libm.a(lib_a-sf_nan.o)
 .data          0x2040025c        0x0 c:/nxp/s32ds.3.6.10/s32ds/build_tools/gcc_v10.2/gcc-10.2-arm32-eabi/bin/../lib/gcc/arm-none-eabi/10.2.0/../../../../arm-none-eabi/lib/thumb/v7e-m+fp/hard\libm.a(lib_a-s_lib_ver.o)
 .data          0x2040025c        0x0 c:/nxp/s32ds.3.6.10/s32ds/build_tools/gcc_v10.2/gcc-10.2-arm32-eabi/bin/../lib/gcc/arm-none-eabi/10.2.0/thumb/v7e-m+fp/hard\libgcc.a(_aeabi_ldivmod.o)
 .data          0x2040025c        0x0 c:/nxp/s32ds.3.6.10/s32ds/build_tools/gcc_v10.2/gcc-10.2-arm32-eabi/bin/../lib/gcc/arm-none-eabi/10.2.0/thumb/v7e-m+fp/hard\libgcc.a(_aeabi_uldivmod.o)
 .data          0x2040025c        0x0 c:/nxp/s32ds.3.6.10/s32ds/build_tools/gcc_v10.2/gcc-10.2-arm32-eabi/bin/../lib/gcc/arm-none-eabi/10.2.0/thumb/v7e-m+fp/hard\libgcc.a(_udivmoddi4.o)
 .data          0x2040025c        0x0 c:/nxp/s32ds.3.6.10/s32ds/build_tools/gcc_v10.2/gcc-10.2-arm32-eabi/bin/../lib/gcc/arm-none-eabi/10.2.0/thumb/v7e-m+fp/hard\libgcc.a(_dvmd_tls.o)
 .data          0x2040025c        0x0 c:/nxp/s32ds.3.6.10/s32ds/build_tools/gcc_v10.2/gcc-10.2-arm32-eabi/bin/../lib/gcc/arm-none-eabi/10.2.0/../../../../arm-none-eabi/lib/thumb/v7e-m+fp/hard\libg_nano.a(lib_a-errno.o)
 .data          0x2040025c        0x0 c:/nxp/s32ds.3.6.10/s32ds/build_tools/gcc_v10.2/gcc-10.2-arm32-eabi/bin/../lib/gcc/arm-none-eabi/10.2.0/../../../../arm-none-eabi/lib/thumb/v7e-m+fp/hard\libg_nano.a(lib_a-impure.o)
 *(.data*)
 .data.__fdlib_version
                0x2040025c        0x1 c:/nxp/s32ds.3.6.10/s32ds/build_tools/gcc_v10.2/gcc-10.2-arm32-eabi/bin/../lib/gcc/arm-none-eabi/10.2.0/../../../../arm-none-eabi/lib/thumb/v7e-m+fp/hard\libm.a(lib_a-s_lib_ver.o)
                0x2040025c                __fdlib_version
 *fill*         0x2040025d        0x3 
 .data._impure_ptr
                0x20400260        0x4 c:/nxp/s32ds.3.6.10/s32ds/build_tools/gcc_v10.2/gcc-10.2-arm32-eabi/bin/../lib/gcc/arm-none-eabi/10.2.0/../../../../arm-none-eabi/lib/thumb/v7e-m+fp/hard\libg_nano.a(lib_a-impure.o)
                0x20400260                _impure_ptr
 .data.impure_data
                0x20400264       0x60 c:/nxp/s32ds.3.6.10/s32ds/build_tools/gcc_v10.2/gcc-10.2-arm32-eabi/bin/../lib/gcc/arm-none-eabi/10.2.0/../../../../arm-none-eabi/lib/thumb/v7e-m+fp/hard\libg_nano.a(lib_a-impure.o)
                0x204002c4                . = ALIGN (0x4)
 *(.mcal_data)
 .mcal_data     0x204002c4        0x4 ./RTD/src/Siul2_Dio_Ip.o
                0x204002c4                Siul2_Dio_Ip_au32BaseAdresses
                0x204002c8                . = ALIGN (0x4)
                0x204002c8                __sram_data_end__ = .
                0x0040ece4                __sram_data_rom_end = (__sram_data_rom + (__sram_data_end__ - __sram_data_begin__))

.heap           0x204002c8     0x2000 load address 0x0040ece4
                0x00000000                . = (. + ALIGN (0x4))
                0x204002c8                _end = .
                0x204002c8                end = .
                0x204002c8                _heap_start = .
                0x00002000                . = (. + HEAP_SIZE)
 *fill*         0x204002c8     0x2000 
                0x204022c8                _heap_end = .

.acfls_code_ram
                0x2042ff00        0x0
                0x2042ff00                __acfls_code_ram_start = .
 *(.acfls_code_ram)
                0x2042ff00                __acfls_code_ram_end = .
                0x2042ff00                __acmem_43_infls_code_ram_start = .
 *(.acmem_43_infls_code_ram)
                0x2042ff00                __acmem_43_infls_code_ram_end = .
                0x0040ece4                __non_cacheable_data_rom = __sram_data_rom_end

.non_cacheable_data
                0x20430000        0x4 load address 0x0040ece4
                0x20430000                . = ALIGN (0x4)
                0x20430000                __non_cacheable_data_start__ = .
 *(.mcal_data_no_cacheable)
                0x20430000                . = ALIGN (0x4)
 *(.mcal_const_no_cacheable)
                0x20430000                . = ALIGN (0x4)
                0x20430000                HSE_LOOP_ADDR = .
                0x20430000        0x4 LONG 0x0
                0x20430004                __non_cacheable_data_end__ = .
                0x0040ece8                __non_cacheable_data_rom_end = (__non_cacheable_data_rom + (__non_cacheable_data_end__ - __non_cacheable_data_start__))

.igot.plt       0x20430004        0x0 load address 0x0040ece8
 .igot.plt      0x20430004        0x0 ./Project_Settings/Startup_Code/Vector_Table.o

.non_cacheable_bss
                0x20430004     0x2658 load address 0x0040ece8
                0x20430010                . = ALIGN (0x10)
 *fill*         0x20430004        0xc 
                0x20430010                __non_cacheable_bss_start = .
 *(.mcal_bss_no_cacheable)
 .mcal_bss_no_cacheable
                0x20430010      0x4ec ./RTD/src/Adc_Sar_Ip.o
 .mcal_bss_no_cacheable
                0x204304fc      0x7a0 ./RTD/src/Det.o
                0x204304fc                Det_NextIdxList
                0x2043054c                Det_RuntimeErrorId
                0x20430574                Det_aErrorState
                0x20430694                Det_Runtime_NextIdxList
                0x204306e4                Det_aRuntimeErrorState
                0x20430804                Det_ModuleId
                0x20430854                Det_numTransientEventErrors
                0x20430874                Det_TransientInstanceId
                0x2043089c                Det_RuntimeModuleId
                0x204308ec                Det_TransientFaultId
                0x20430914                Det_OverflowErrorFlag
                0x2043091c                Det_Transient_Head
                0x2043092c                Det_RuntimeInstanceId
                0x20430954                Det_ModuleState
                0x20430974                Det_OverflowRuntimeErrorFlag
                0x2043097c                Det_RuntimeApiId
                0x204309a4                Det_OverflowTransientErrorFlag
                0x204309ac                Det_Head
                0x204309bc                Det_numEventErrors
                0x204309dc                Det_Runtime_Head
                0x204309ec                Det_Tail
                0x204309fc                Det_InstanceId
                0x20430a24                Det_numRuntimeEventErrors
                0x20430a44                Det_Runtime_Tail
                0x20430a54                Det_TransientApiId
                0x20430a7c                Det_ApiId
                0x20430aa4                Det_Transient_NextIdxList
                0x20430af4                Det_aTransientErrorState
                0x20430c14                Det_Transient_Tail
                0x20430c24                Det_ErrorId
                0x20430c4c                Det_TransientModuleId
 .mcal_bss_no_cacheable
                0x20430c9c       0xc0 ./RTD/src/Pit_Ip.o
 .mcal_bss_no_cacheable
                0x20430d5c      0xc40 ./RTD/src/SchM_Adc.o
 .mcal_bss_no_cacheable
                0x2043199c       0x40 ./RTD/src/SchM_BaseNXP.o
 .mcal_bss_no_cacheable
                0x204319dc       0x40 ./RTD/src/SchM_Dio.o
 .mcal_bss_no_cacheable
                0x20431a1c      0x860 ./RTD/src/SchM_Gpt.o
 .mcal_bss_no_cacheable
                0x2043227c       0x60 ./RTD/src/SchM_Mcu.o
 .mcal_bss_no_cacheable
                0x204322dc      0x380 ./RTD/src/SchM_Port.o
                0x2043265c                . = ALIGN (0x4)
                0x2043265c                __non_cacheable_bss_end = .

.int_results    0x2043ff00      0x100
                0x2043ff00                . = ALIGN (0x4)
 *(.int_results)
                0x20440000                . = (. + 0x100)
 *fill*         0x2043ff00      0x100 
                0x0040ece8                __shareable_data_rom = __non_cacheable_data_rom_end

.shareable_data
                0x20440000        0x0 load address 0x0040ece8
                0x20440000                . = ALIGN (0x4)
                0x20440000                __shareable_data_start__ = .
 *(.mcal_shared_data)
                0x20440000                . = ALIGN (0x4)
                0x20440000                __shareable_data_end__ = .
                0x0040ece8                __shareable_data_rom_end = (__shareable_data_rom + (__shareable_data_end__ - __shareable_data_start__))

.int_vector     0x20000000      0x408
                0x20000000                . = ALIGN (0x800)
                0x20000000                __interrupts_ram_start = .
                0x20000408                . = (. + (__interrupts_init_end - __interrupts_init_start))
 *fill*         0x20000000      0x408 
                0x20000408                . = ALIGN (0x4)
                0x20000408                __interrupts_ram_end = .
                0x0040ece8                __tcm_data_rom = __shareable_data_rom_end

.data_tcm_data  0x20000408        0x0 load address 0x0040ece8
                0x20000408                . = ALIGN (0x4)
                0x20000408                __dtcm_data_start__ = .
 *(.dtcm_data*)