Archive member included to satisfy reference by file (symbol)

c:/nxp/s32ds.3.6.10/s32ds/build_tools/gcc_v10.2/gcc-10.2-arm32-eabi/bin/../lib/gcc/arm-none-eabi/10.2.0/../../../../arm-none-eabi/lib/thumb/v7e-m+fp/hard\libc_nano.a(lib_a-memmove.o)
                              ./RTD/src/Siul2_Port_Ip.o (memmove)
c:/nxp/s32ds.3.6.10/s32ds/build_tools/gcc_v10.2/gcc-10.2-arm32-eabi/bin/../lib/gcc/arm-none-eabi/10.2.0/../../../../arm-none-eabi/lib/thumb/v7e-m+fp/hard\libc_nano.a(lib_a-memset.o)
                              ./Project_Settings/Startup_Code/startup.o (memset)
c:/nxp/s32ds.3.6.10/s32ds/build_tools/gcc_v10.2/gcc-10.2-arm32-eabi/bin/../lib/gcc/arm-none-eabi/10.2.0/../../../../arm-none-eabi/lib/thumb/v7e-m+fp/hard\libm.a(lib_a-wf_log.o)
                              ./src/battery/Bms_Ntc.o (logf)
c:/nxp/s32ds.3.6.10/s32ds/build_tools/gcc_v10.2/gcc-10.2-arm32-eabi/bin/../lib/gcc/arm-none-eabi/10.2.0/../../../../arm-none-eabi/lib/thumb/v7e-m+fp/hard\libm.a(lib_a-ef_log.o)
                              c:/nxp/s32ds.3.6.10/s32ds/build_tools/gcc_v10.2/gcc-10.2-arm32-eabi/bin/../lib/gcc/arm-none-eabi/10.2.0/../../../../arm-none-eabi/lib/thumb/v7e-m+fp/hard\libm.a(lib_a-wf_log.o) (__ieee754_logf)
c:/nxp/s32ds.3.6.10/s32ds/build_tools/gcc_v10.2/gcc-10.2-arm32-eabi/bin/../lib/gcc/arm-none-eabi/10.2.0/../../../../arm-none-eabi/lib/thumb/v7e-m+fp/hard\libm.a(lib_a-sf_nan.o)
                              c:/nxp/s32ds.3.6.10/s32ds/build_tools/gcc_v10.2/gcc-10.2-arm32-eabi/bin/../lib/gcc/arm-none-eabi/10.2.0/../../../../arm-none-eabi/lib/thumb/v7e-m+fp/hard\libm.a(lib_a-wf_log.o) (nanf)
c:/nxp/s32ds.3.6.10/s32ds/build_tools/gcc_v10.2/gcc-10.2-arm32-eabi/bin/../lib/gcc/arm-none-eabi/10.2.0/../../../../arm-none-eabi/lib/thumb/v7e-m+fp/hard\libm.a(lib_a-s_lib_ver.o)
                              c:/nxp/s32ds.3.6.10/s32ds/build_tools/gcc_v10.2/gcc-10.2-arm32-eabi/bin/../lib/gcc/arm-none-eabi/10.2.0/../../../../arm-none-eabi/lib/thumb/v7e-m+fp/hard\libm.a(lib_a-wf_log.o) (__fdlib_version)
c:/nxp/s32ds.3.6.10/s32ds/build_tools/gcc_v10.2/gcc-10.2-arm32-eabi/bin/../lib/gcc/arm-none-eabi/10.2.0/thumb/v7e-m+fp/hard\libgcc.a(_aeabi_ldivmod.o)
                              ./RTD/src/Clock_Ip_ProgFreqSwitch.o (__aeabi_ldivmod)
c:/nxp/s32ds.3.6.10/s32ds/build_tools/gcc_v10.2/gcc-10.2-arm32-eabi/bin/../lib/gcc/arm-none-eabi/10.2.0/thumb/v7e-m+fp/hard\libgcc.a(_aeabi_uldivmod.o)
                              ./RTD/src/Clock_Ip_Monitor.o (__aeabi_uldivmod)
c:/nxp/s32ds.3.6.10/s32ds/build_tools/gcc_v10.2/gcc-10.2-arm32-eabi/bin/../lib/gcc/arm-none-eabi/10.2.0/thumb/v7e-m+fp/hard\libgcc.a(_udivmoddi4.o)
                              c:/nxp/s32ds.3.6.10/s32ds/build_tools/gcc_v10.2/gcc-10.2-arm32-eabi/bin/../lib/gcc/arm-none-eabi/10.2.0/thumb/v7e-m+fp/hard\libgcc.a(_aeabi_ldivmod.o) (__udivmoddi4)
c:/nxp/s32ds.3.6.10/s32ds/build_tools/gcc_v10.2/gcc-10.2-arm32-eabi/bin/../lib/gcc/arm-none-eabi/10.2.0/thumb/v7e-m+fp/hard\libgcc.a(_dvmd_tls.o)
                              c:/nxp/s32ds.3.6.10/s32ds/build_tools/gcc_v10.2/gcc-10.2-arm32-eabi/bin/../lib/gcc/arm-none-eabi/10.2.0/thumb/v7e-m+fp/hard\libgcc.a(_aeabi_ldivmod.o) (__aeabi_ldiv0)
c:/nxp/s32ds.3.6.10/s32ds/build_tools/gcc_v10.2/gcc-10.2-arm32-eabi/bin/../lib/gcc/arm-none-eabi/10.2.0/../../../../arm-none-eabi/lib/thumb/v7e-m+fp/hard\libg_nano.a(lib_a-errno.o)
                              c:/nxp/s32ds.3.6.10/s32ds/build_tools/gcc_v10.2/gcc-10.2-arm32-eabi/bin/../lib/gcc/arm-none-eabi/10.2.0/../../../../arm-none-eabi/lib/thumb/v7e-m+fp/hard\libm.a(lib_a-wf_log.o) (__errno)
c:/nxp/s32ds.3.6.10/s32ds/build_tools/gcc_v10.2/gcc-10.2-arm32-eabi/bin/../lib/gcc/arm-none-eabi/10.2.0/../../../../arm-none-eabi/lib/thumb/v7e-m+fp/hard\libg_nano.a(lib_a-impure.o)
                              c:/nxp/s32ds.3.6.10/s32ds/build_tools/gcc_v10.2/gcc-10.2-arm32-eabi/bin/../lib/gcc/arm-none-eabi/10.2.0/../../../../arm-none-eabi/lib/thumb/v7e-m+fp/hard\libg_nano.a(lib_a-errno.o) (_impure_ptr)

Discarded input sections

 .group         0x00000000        0xc ./Project_Settings/Startup_Code/exceptions.o
 .group         0x00000000        0xc ./Project_Settings/Startup_Code/exceptions.o
 .group         0x00000000        0xc ./Project_Settings/Startup_Code/exceptions.o
 .group         0x00000000        0xc ./Project_Settings/Startup_Code/exceptions.o
 .group         0x00000000        0xc ./Project_Settings/Startup_Code/exceptions.o
 .group         0x00000000        0xc ./Project_Settings/Startup_Code/exceptions.o
 .group         0x00000000        0xc ./Project_Settings/Startup_Code/exceptions.o
 .group         0x00000000        0xc ./Project_Settings/Startup_Code/exceptions.o
 .group         0x00000000        0xc ./Project_Settings/Startup_Code/exceptions.o
 .group         0x00000000        0xc ./Project_Settings/Startup_Code/exceptions.o
 .group         0x00000000        0xc ./Project_Settings/Startup_Code/exceptions.o
 .group         0x00000000        0xc ./Project_Settings/Startup_Code/exceptions.o
[...]
Memory Configuration

Name             Origin             Length             Attributes
int_pflash       0x00400000         0x003ce000
int_dflash       0x10000000         0x00010000
int_itcm         0x00000000         0x00010000
int_dtcm         0x20000000         0x0001f000
int_stack_dtcm   0x2001f000         0x00001000
int_sram         0x20400000         0x0002ff00
int_sram_fls_rsv 0x2042ff00         0x00000100
int_sram_no_cacheable 0x20430000         0x0000ff00
int_sram_results 0x2043ff00         0x00000100
int_sram_shareable 0x20440000         0x00004000
ram_rsvd2        0x20444000         0x00000000
*default*        0x00000000         0xffffffff

Linker script and memory map

LOAD ./Project_Settings/Startup_Code/Vector_Table.o
LOAD ./Project_Settings/Startup_Code/exceptions.o
LOAD ./Project_Settings/Startup_Code/nvic.o
LOAD ./Project_Settings/Startup_Code/startup.o
LOAD ./Project_Settings/Startup_Code/startup_cm7.o
LOAD ./Project_Settings/Startup_Code/system.o
LOAD ./RTD/src/Adc_Sar_Ip.o
LOAD ./RTD/src/Adc_Sar_Ip_Irq.o
LOAD ./RTD/src/Clock_Ip.o
LOAD ./RTD/src/Clock_Ip_Data.o
LOAD ./RTD/src/Clock_Ip_Divider.o
LOAD ./RTD/src/Clock_Ip_DividerTrigger.o
LOAD ./RTD/src/Clock_Ip_ExtOsc.o
LOAD ./RTD/src/Clock_Ip_FracDiv.o
LOAD ./RTD/src/Clock_Ip_Frequency.o
LOAD ./RTD/src/Clock_Ip_Gate.o
LOAD ./RTD/src/Clock_Ip_IntOsc.o
LOAD ./RTD/src/Clock_Ip_Irq.o
LOAD ./RTD/src/Clock_Ip_Monitor.o
LOAD ./RTD/src/Clock_Ip_Pll.o
LOAD ./RTD/src/Clock_Ip_ProgFreqSwitch.o
LOAD ./RTD/src/Clock_Ip_Selector.o
LOAD ./RTD/src/Clock_Ip_Specific.o
LOAD ./RTD/src/Det.o
LOAD ./RTD/src/Det_stub.o
LOAD ./RTD/src/FlexCAN_Ip.o
LOAD ./RTD/src/FlexCAN_Ip_HwAccess.o
LOAD ./RTD/src/FlexCAN_Ip_Irq.o
LOAD ./RTD/src/Igf_Port_Ip.o
LOAD ./RTD/src/IntCtrl_Ip.o
LOAD ./RTD/src/OsIf_Interrupts.o
LOAD ./RTD/src/OsIf_Software_Semaphore.o
LOAD ./RTD/src/OsIf_Timer.o
LOAD ./RTD/src/OsIf_Timer_System.o
LOAD ./RTD/src/OsIf_Timer_System_Internal_Systick.o
LOAD ./RTD/src/Pit_Ip.o
LOAD ./RTD/src/SchM_Adc.o
LOAD ./RTD/src/SchM_BaseNXP.o
LOAD ./RTD/src/SchM_Can_43_FLEXCAN.o
LOAD ./RTD/src/SchM_Dio.o
LOAD ./RTD/src/SchM_Gpt.o
LOAD ./RTD/src/SchM_Mcu.o
LOAD ./RTD/src/SchM_Port.o
LOAD ./RTD/src/Siul2_Dio_Ip.o
LOAD ./RTD/src/Siul2_Port_Ip.o
LOAD ./RTD/src/Tspc_Port_Ip.o
LOAD ./board/Siul2_Port_Ip_Cfg.o
LOAD ./board/Tspc_Port_Ip_Cfg.o
LOAD ./generate/src/Adc_Sar_Ip_PBcfg.o
LOAD ./generate/src/Clock_Ip_Cfg.o
LOAD ./generate/src/FlexCAN_Ip_Sa_PBcfg.o
LOAD ./generate/src/Igf_Port_Ip_Cfg.o
LOAD ./generate/src/IntCtrl_Ip_Cfg.o
LOAD ./generate/src/OsIf_Cfg.o
LOAD ./generate/src/Pit_Ip_SA_PBcfg.o
LOAD ./src/app/Bms_Adc.o
LOAD ./src/app/Bms_App.o
LOAD ./src/app/Bms_Scheduler.o
LOAD ./src/battery/Battery_Monitor.o
LOAD ./src/battery/Bms_Ntc.o
LOAD ./src/communication/Bms_Can.o
LOAD ./src/drivers/Bms_Gpio.o
LOAD ./src/drivers/Bms_Led.o
LOAD ./src/main.o
LOAD ./src/safety/Fault_Manager.o
LOAD c:/nxp/s32ds.3.6.10/s32ds/build_tools/gcc_v10.2/gcc-10.2-arm32-eabi/bin/../lib/gcc/arm-none-eabi/10.2.0/../../../../arm-none-eabi/lib/thumb/v7e-m+fp/hard\libc_nano.a
LOAD c:/nxp/s32ds.3.6.10/s32ds/build_tools/gcc_v10.2/gcc-10.2-arm32-eabi/bin/../lib/gcc/arm-none-eabi/10.2.0/../../../../arm-none-eabi/lib/thumb/v7e-m+fp/hard\libm.a
LOAD c:/nxp/s32ds.3.6.10/s32ds/build_tools/gcc_v10.2/gcc-10.2-arm32-eabi/bin/../lib/gcc/arm-none-eabi/10.2.0/thumb/v7e-m+fp/hard\libgcc.a
START GROUP
LOAD c:/nxp/s32ds.3.6.10/s32ds/build_tools/gcc_v10.2/gcc-10.2-arm32-eabi/bin/../lib/gcc/arm-none-eabi/10.2.0/thumb/v7e-m+fp/hard\libgcc.a
LOAD c:/nxp/s32ds.3.6.10/s32ds/build_tools/gcc_v10.2/gcc-10.2-arm32-eabi/bin/../lib/gcc/arm-none-eabi/10.2.0/../../../../arm-none-eabi/lib/thumb/v7e-m+fp/hard\libg_nano.a
LOAD c:/nxp/s32ds.3.6.10/s32ds/build_tools/gcc_v10.2/gcc-10.2-arm32-eabi/bin/../lib/gcc/arm-none-eabi/10.2.0/../../../../arm-none-eabi/lib/thumb/v7e-m+fp/hard\libc_nano.a
END GROUP
START GROUP
LOAD c:/nxp/s32ds.3.6.10/s32ds/build_tools/gcc_v10.2/gcc-10.2-arm32-eabi/bin/../lib/gcc/arm-none-eabi/10.2.0/thumb/v7e-m+fp/hard\libgcc.a
LOAD c:/nxp/s32ds.3.6.10/s32ds/build_tools/gcc_v10.2/gcc-10.2-arm32-eabi/bin/../lib/gcc/arm-none-eabi/10.2.0/../../../../arm-none-eabi/lib/thumb/v7e-m+fp/hard\libc_nano.a
LOAD c:/nxp/s32ds.3.6.10/s32ds/build_tools/gcc_v10.2/gcc-10.2-arm32-eabi/bin/../lib/gcc/arm-none-eabi/10.2.0/../../../../arm-none-eabi/lib/thumb/v7e-m+fp/hard\libnosys.a
END GROUP
START GROUP
LOAD c:/nxp/s32ds.3.6.10/s32ds/build_tools/gcc_v10.2/gcc-10.2-arm32-eabi/bin/../lib/gcc/arm-none-eabi/10.2.0/thumb/v7e-m+fp/hard\libgcc.a
LOAD c:/nxp/s32ds.3.6.10/s32ds/build_tools/gcc_v10.2/gcc-10.2-arm32-eabi/bin/../lib/gcc/arm-none-eabi/10.2.0/../../../../arm-none-eabi/lib/thumb/v7e-m+fp/hard\libc_nano.a
LOAD c:/nxp/s32ds.3.6.10/s32ds/build_tools/gcc_v10.2/gcc-10.2-arm32-eabi/bin/../lib/gcc/arm-none-eabi/10.2.0/../../../../arm-none-eabi/lib/thumb/v7e-m+fp/hard\libnosys.a
END GROUP
                0x00002000                HEAP_SIZE = DEFINED (__heap_size__)?__heap_size__:0x2000
                0x20407fff                __STANDBY_RAM_LIMIT_END = 0x20407fff
                0x00032000                __HSE_CODE_SIZE = 0x32000
                0x00010000                __HSE_DATA_SIZE = 0x10000

.pflash         0x00400000    0x129d4
 *(.boot_header)
 .boot_header   0x00400000      0x100 ./Project_Settings/Startup_Code/startup_cm7.o
                0x00402000                . = ALIGN (0x2000)
 *fill*         0x00400100     0x1f00 
                0x00402000                __text_start = .
                0x00402000                __interrupts_init_start = .
 *(.intc_vector)
 .intc_vector   0x00402000      0x408 ./Project_Settings/Startup_Code/Vector_Table.o
                0x00402000                VTABLE
                0x00402408                . = ALIGN (0x4)
                0x00402408                __interrupts_init_end = .
 *(.core_loop)
 .core_loop     0x00402408        0xc ./Project_Settings/Startup_Code/startup_cm7.o
                0x00402408                _core_loop
                0x00402414                . = ALIGN (0x4)
 *(.startup)
 *fill*         0x00402414        0xc 
 .startup       0x00402420      0x214 ./Project_Settings/Startup_Code/startup_cm7.o
                0x00402420                Reset_Handler
                0x00402420                _start
                0x004025b4                MCAL_LTB_TRACE_OFF
                0x004025b6                _end_of_eunit_test
                0x00402634                . = ALIGN (0x4)
 *(.systeminit)
                0x00402634                . = ALIGN (0x4)
 *(.text.startup)
 .text.startup  0x00402634       0xa8 ./src/main.o
                0x00402634                main
                0x004026dc                . = ALIGN (0x4)
 *(.text)
 .text          0x004026dc        0x0 ./Project_Settings/Startup_Code/Vector_Table.o
 .text          0x004026dc        0x0 ./Project_Settings/Startup_Code/exceptions.o
 .text          0x004026dc        0x0 ./Project_Settings/Startup_Code/nvic.o
 .text          0x004026dc        0x0 ./Project_Settings/Startup_Code/startup.o
 .text          0x004026dc        0x0 ./Project_Settings/Startup_Code/startup_cm7.o
 .text          0x004026dc        0x0 ./Project_Settings/Startup_Code/system.o
 .text          0x004026dc        0x0 ./RTD/src/Adc_Sar_Ip.o
 .text          0x004026dc        0x0 ./RTD/src/Adc_Sar_Ip_Irq.o
 .text          0x004026dc        0x0 ./RTD/src/Clock_Ip.o
 .text          0x004026dc        0x0 ./RTD/src/Clock_Ip_Data.o
 .text          0x004026dc        0x0 ./RTD/src/Clock_Ip_Divider.o
 .text          0x004026dc       0x28 ./RTD/src/Clock_Ip_DividerTrigger.o
                0x004026dc                Clock_Ip_SetFerd_TrustedCall
                0x004026f0                Clock_Ip_ResetFerd_TrustedCall
 .text          0x00402704        0x0 ./RTD/src/Clock_Ip_ExtOsc.o
 .text          0x00402704        0x0 ./RTD/src/Clock_Ip_FracDiv.o
 .text          0x00402704        0x0 ./RTD/src/Clock_Ip_Frequency.o
 .text          0x00402704        0x0 ./RTD/src/Clock_Ip_Gate.o
 .text          0x00402704        0x0 ./RTD/src/Clock_Ip_IntOsc.o
 .text          0x00402704        0x0 ./RTD/src/Clock_Ip_Irq.o
 .text          0x00402704        0x0 ./RTD/src/Clock_Ip_Monitor.o
 .text          0x00402704        0x0 ./RTD/src/Clock_Ip_Pll.o
 .text          0x00402704        0x0 ./RTD/src/Clock_Ip_ProgFreqSwitch.o
 .text          0x00402704        0x0 ./RTD/src/Clock_Ip_Selector.o
 .text          0x00402704        0x0 ./RTD/src/Clock_Ip_Specific.o
 .text          0x00402704        0x0 ./RTD/src/Det.o
 .text          0x00402704        0x0 ./RTD/src/Det_stub.o
 .text          0x00402704       0x14 ./RTD/src/FlexCAN_Ip.o
 .text          0x00402718       0x14 ./RTD/src/FlexCAN_Ip_HwAccess.o
 .text          0x0040272c        0x0 ./RTD/src/FlexCAN_Ip_Irq.o
 .text          0x0040272c        0x0 ./RTD/src/Igf_Port_Ip.o
 .text          0x0040272c       0x14 ./RTD/src/IntCtrl_Ip.o
 .text          0x00402740        0x0 ./RTD/src/OsIf_Interrupts.o
 .text          0x00402740        0x0 ./RTD/src/OsIf_Software_Semaphore.o
 .text          0x00402740        0x0 ./RTD/src/OsIf_Timer.o
 .text          0x00402740        0x0 ./RTD/src/OsIf_Timer_System.o
 .text          0x00402740        0x0 ./RTD/src/OsIf_Timer_System_Internal_Systick.o
 .text          0x00402740        0x0 ./RTD/src/Pit_Ip.o
 .text          0x00402740        0x6 ./RTD/src/SchM_Adc.o
                0x00402740                Adc_schm_read_msr
 .text          0x00402746        0x6 ./RTD/src/SchM_BaseNXP.o
                0x00402746                BaseNXP_schm_read_msr
 .text          0x0040274c        0x6 ./RTD/src/SchM_Can_43_FLEXCAN.o
                0x0040274c                Can_43_FLEXCAN_schm_read_msr
 .text          0x00402752        0x6 ./RTD/src/SchM_Dio.o
                0x00402752                Dio_schm_read_msr
 .text          0x00402758        0x6 ./RTD/src/SchM_Gpt.o
                0x00402758                Gpt_schm_read_msr
 .text          0x0040275e        0x6 ./RTD/src/SchM_Mcu.o
                0x0040275e                Mcu_schm_read_msr
 .text          0x00402764        0x6 ./RTD/src/SchM_Port.o
                0x00402764                Port_schm_read_msr
 .text          0x0040276a       0x14 ./RTD/src/Siul2_Dio_Ip.o
 .text          0x0040277e       0x14 ./RTD/src/Siul2_Port_Ip.o
 .text          0x00402792        0x0 ./RTD/src/Tspc_Port_Ip.o
 .text          0x00402792        0x0 ./board/Siul2_Port_Ip_Cfg.o
 .text          0x00402792        0x0 ./board/Tspc_Port_Ip_Cfg.o
 .text          0x00402792        0x0 ./generate/src/Adc_Sar_Ip_PBcfg.o
 .text          0x00402792        0x0 ./generate/src/Clock_Ip_Cfg.o
 .text          0x00402792        0x0 ./generate/src/FlexCAN_Ip_Sa_PBcfg.o
 .text          0x00402792        0x0 ./generate/src/Igf_Port_Ip_Cfg.o
 .text          0x00402792        0x0 ./generate/src/IntCtrl_Ip_Cfg.o
 .text          0x00402792        0x0 ./generate/src/OsIf_Cfg.o
 .text          0x00402792        0x0 ./generate/src/Pit_Ip_SA_PBcfg.o
 *fill*         0x00402792        0x2 
 .text          0x00402794      0x1d0 ./src/app/Bms_Adc.o
                0x00402794                Bms_Adc_Init
                0x004027b4                Bms_Adc_MainFunction
                0x00402884                Bms_Adc_GetPotRaw
                0x00402890                Bms_Adc_GetPotVoltageMv
                0x004028ac                Bms_Adc_GetNtc1Raw
                0x004028b8                Bms_Adc_GetNtc2Raw
                0x004028c4                Bms_Adc_GetNtc3Raw
                0x004028d0                Bms_Adc_GetPackV1Raw
                0x004028dc                Bms_Adc_GetPackV1VoltageMv
                0x004028f8                Bms_Adc_GetPackV2Raw
                0x00402904                Bms_Adc_GetPackV2VoltageMv
                0x00402920                Bms_Adc_GetPackV3Raw
                0x0040292c                Bms_Adc_GetPackV3VoltageMv
                0x00402948                Bms_Adc_GetNtc1VoltageMv
 .text          0x00402964        0x2 ./src/app/Bms_App.o
                0x00402964                Bms_App_Init
 *fill*         0x00402966        0x2 
 .text          0x00402968       0x88 ./src/app/Bms_Scheduler.o
                0x00402968                Bms_Scheduler_Init
                0x00402990                Bms_Scheduler_TickFromIsr
                0x004029a0                Bms_Scheduler_MainFunction
 .text          0x004029f0       0xa8 ./src/battery/Battery_Monitor.o
                0x004029f0                Battery_Monitor_Init
                0x00402a04                Battery_Monitor_Update
                0x00402a84                Battery_Monitor_GetData
 .text          0x00402a98      0x10c ./src/battery/Bms_Ntc.o
                0x00402b58                Bms_Ntc_RawToTemperature
                0x00402b60                Bms_Ntc_MainFunction
                0x00402b8c                Bms_Ntc_GetTemperature_dC
                0x00402b98                Bms_Ntc_IsValid
 .text          0x00402ba4      0x144 ./src/communication/Bms_Can.o
                0x00402ba4                Bms_Can_Init
                0x00402c04                Bms_Can_SendTest
                0x00402c3c                Bms_Can_MainFunction
 .text          0x00402ce8       0x34 ./src/drivers/Bms_Gpio.o
                0x00402ce8                Bms_Gpio_Init
                0x00402cf8                Bms_Gpio_WritePin
                0x00402d08                Bms_Gpio_ReadPin
 .text          0x00402d1c       0x5c ./src/drivers/Bms_Led.o
                0x00402d4c                Bms_Led_On
                0x00402d50                Bms_Led_Off
                0x00402d54                Bms_Led_AllOff
                0x00402d72                Bms_Led_Init
 .text          0x00402d78       0x58 ./src/main.o
                0x00402dcc                Bms_Pit10msCallback
 .text          0x00402dd0       0x60 ./src/safety/Fault_Manager.o
                0x00402dd0                Fault_Manager_Init
                0x00402de8                Fault_Manager_ReportFault
                0x00402df8                Fault_Manager_ClearFault
                0x00402e08                Fault_Manager_IsFaultActive
                0x00402e18                Fault_Manager_HasActiveFaults
 .text          0x00402e30        0x0 c:/nxp/s32ds.3.6.10/s32ds/build_tools/gcc_v10.2/gcc-10.2-arm32-eabi/bin/../lib/gcc/arm-none-eabi/10.2.0/../../../../arm-none-eabi/lib/thumb/v7e-m+fp/hard\libc_nano.a(lib_a-memmove.o)
 .text          0x00402e30        0x0 c:/nxp/s32ds.3.6.10/s32ds/build_tools/gcc_v10.2/gcc-10.2-arm32-eabi/bin/../lib/gcc/arm-none-eabi/10.2.0/../../../../arm-none-eabi/lib/thumb/v7e-m+fp/hard\libc_nano.a(lib_a-memset.o)
 .text          0x00402e30        0x0 c:/nxp/s32ds.3.6.10/s32ds/build_tools/gcc_v10.2/gcc-10.2-arm32-eabi/bin/../lib/gcc/arm-none-eabi/10.2.0/../../../../arm-none-eabi/lib/thumb/v7e-m+fp/hard\libm.a(lib_a-wf_log.o)
 .text          0x00402e30        0x0 c:/nxp/s32ds.3.6.10/s32ds/build_tools/gcc_v10.2/gcc-10.2-arm32-eabi/bin/../lib/gcc/arm-none-eabi/10.2.0/../../../../arm-none-eabi/lib/thumb/v7e-m+fp/hard\libm.a(lib_a-ef_log.o)
 .text          0x00402e30        0x0 c:/nxp/s32ds.3.6.10/s32ds/build_tools/gcc_v10.2/gcc-10.2-arm32-eabi/bin/../lib/gcc/arm-none-eabi/10.2.0/../../../../arm-none-eabi/lib/thumb/v7e-m+fp/hard\libm.a(lib_a-sf_nan.o)
 .text          0x00402e30        0x0 c:/nxp/s32ds.3.6.10/s32ds/build_tools/gcc_v10.2/gcc-10.2-arm32-eabi/bin/../lib/gcc/arm-none-eabi/10.2.0/../../../../arm-none-eabi/lib/thumb/v7e-m+fp/hard\libm.a(lib_a-s_lib_ver.o)
 .text          0x00402e30       0xa0 c:/nxp/s32ds.3.6.10/s32ds/build_tools/gcc_v10.2/gcc-10.2-arm32-eabi/bin/../lib/gcc/arm-none-eabi/10.2.0/thumb/v7e-m+fp/hard\libgcc.a(_aeabi_ldivmod.o)
                0x00402e30                __aeabi_ldivmod
 .text          0x00402ed0       0x30 c:/nxp/s32ds.3.6.10/s32ds/build_tools/gcc_v10.2/gcc-10.2-arm32-eabi/bin/../lib/gcc/arm-none-eabi/10.2.0/thumb/v7e-m+fp/hard\libgcc.a(_aeabi_uldivmod.o)
                0x00402ed0                __aeabi_uldivmod
 .text          0x00402f00      0x2d8 c:/nxp/s32ds.3.6.10/s32ds/build_tools/gcc_v10.2/gcc-10.2-arm32-eabi/bin/../lib/gcc/arm-none-eabi/10.2.0/thumb/v7e-m+fp/hard\libgcc.a(_udivmoddi4.o)
                0x00402f00                __udivmoddi4
 .text          0x004031d8        0x4 c:/nxp/s32ds.3.6.10/s32ds/build_tools/gcc_v10.2/gcc-10.2-arm32-eabi/bin/../lib/gcc/arm-none-eabi/10.2.0/thumb/v7e-m+fp/hard\libgcc.a(_dvmd_tls.o)
                0x004031d8                __aeabi_idiv0
                0x004031d8                __aeabi_ldiv0
 .text          0x004031dc        0x0 c:/nxp/s32ds.3.6.10/s32ds/build_tools/gcc_v10.2/gcc-10.2-arm32-eabi/bin/../lib/gcc/arm-none-eabi/10.2.0/../../../../arm-none-eabi/lib/thumb/v7e-m+fp/hard\libg_nano.a(lib_a-errno.o)
 .text          0x004031dc        0x0 c:/nxp/s32ds.3.6.10/s32ds/build_tools/gcc_v10.2/gcc-10.2-arm32-eabi/bin/../lib/gcc/arm-none-eabi/10.2.0/../../../../arm-none-eabi/lib/thumb/v7e-m+fp/hard\libg_nano.a(lib_a-impure.o)
 *(.text*)
 .text.memmove  0x004031dc       0x34 c:/nxp/s32ds.3.6.10/s32ds/build_tools/gcc_v10.2/gcc-10.2-arm32-eabi/bin/../lib/gcc/arm-none-eabi/10.2.0/../../../../arm-none-eabi/lib/thumb/v7e-m+fp/hard\libc_nano.a(lib_a-memmove.o)
                0x004031dc                memmove
 .text.memset   0x00403210       0x10 c:/nxp/s32ds.3.6.10/s32ds/build_tools/gcc_v10.2/gcc-10.2-arm32-eabi/bin/../lib/gcc/arm-none-eabi/10.2.0/../../../../arm-none-eabi/lib/thumb/v7e-m+fp/hard\libc_nano.a(lib_a-memset.o)
                0x00403210                memset
 .text.logf     0x00403220       0x6c c:/nxp/s32ds.3.6.10/s32ds/build_tools/gcc_v10.2/gcc-10.2-arm32-eabi/bin/../lib/gcc/arm-none-eabi/10.2.0/../../../../arm-none-eabi/lib/thumb/v7e-m+fp/hard\libm.a(lib_a-wf_log.o)
                0x00403220                logf
 .text.__ieee754_logf
                0x0040328c      0x1e0 c:/nxp/s32ds.3.6.10/s32ds/build_tools/gcc_v10.2/gcc-10.2-arm32-eabi/bin/../lib/gcc/arm-none-eabi/10.2.0/../../../../arm-none-eabi/lib/thumb/v7e-m+fp/hard\libm.a(lib_a-ef_log.o)
                0x0040328c                __ieee754_logf
 .text.nanf     0x0040346c        0xc c:/nxp/s32ds.3.6.10/s32ds/build_tools/gcc_v10.2/gcc-10.2-arm32-eabi/bin/../lib/gcc/arm-none-eabi/10.2.0/../../../../arm-none-eabi/lib/thumb/v7e-m+fp/hard\libm.a(lib_a-sf_nan.o)
                0x0040346c                nanf
 .text.__errno  0x00403478        0xc c:/nxp/s32ds.3.6.10/s32ds/build_tools/gcc_v10.2/gcc-10.2-arm32-eabi/bin/../lib/gcc/arm-none-eabi/10.2.0/../../../../arm-none-eabi/lib/thumb/v7e-m+fp/hard\libg_nano.a(lib_a-errno.o)
                0x00403478                __errno
                0x00403484                . = ALIGN (0x4)
 *(.mcal_text)
 .mcal_text     0x00403484       0x14 ./Project_Settings/Startup_Code/exceptions.o
                0x00403484                NMI_Handler
                0x00403486                HardFault_Handler
                0x00403488                MemManage_Handler
                0x0040348a                BusFault_Handler
                0x0040348c                UsageFault_Handler
                0x0040348e                SVC_Handler
                0x00403490                DebugMon_Handler
                0x00403492                PendSV_Handler
                0x00403494                SysTick_Handler
                0x00403496                undefined_handler
 .mcal_text     0x00403498       0x52 ./Project_Settings/Startup_Code/nvic.o
                0x00403498                NVIC_SetPriorityGrouping
                0x004034ac                NVIC_EnableIRQ
                0x004034c4                NVIC_DisableIRQ
                0x004034dc                NVIC_SetPriority
 *fill*         0x004034ea        0x2 
 .mcal_text     0x004034ec       0xe8 ./Project_Settings/Startup_Code/startup.o
                0x004034ec                init_data_bss
                0x00403578                init_data_bss_core2
 .mcal_text     0x004035d4      0x338 ./Project_Settings/Startup_Code/system.o
                0x004035d4                startup_go_to_user_mode
                0x004035d6                default_interrupt_routine
                0x004035d8                Sys_GetCoreID
                0x004035e8                SystemInit
                0x004038f0                Enable_FPU
 .mcal_text     0x0040390c     0x154c ./RTD/src/Adc_Sar_Ip.o
                0x00403b48                Adc_Sar_Ip_IRQHandler
                0x00403dfe                Adc_Sar_Ip_ChainConfig
                0x00403e0a                Adc_Sar_Ip_EnableChannel
                0x00403e5c                Adc_Sar_Ip_DisableChannel
                0x00403eb4                Adc_Sar_Ip_SetResolution
                0x00403ee8                Adc_Sar_Ip_StartConversion
                0x00403f1c                Adc_Sar_Ip_GetStatusFlags
                0x00403f80                Adc_Sar_Ip_ClearStatusFlags
                0x00403fa4                Adc_Sar_Ip_GetConvDataToArray
                0x00403fb6                Adc_Sar_Ip_GetConvResultsToArray
                0x00403fc6                Adc_Sar_Ip_GetConvData
                0x00404000                Adc_Sar_Ip_GetConvResult
                0x00404068                Adc_Sar_Ip_Powerup
                0x004040cc                Adc_Sar_Ip_Powerdown
                0x00404134                Adc_Sar_Ip_DoCalibration
                0x00404240                Adc_Sar_Ip_EnableNotifications
                0x0040427c                Adc_Sar_Ip_DisableNotifications
                0x004042b4                Adc_Sar_Ip_EnableChannelNotifications
                0x00404310                Adc_Sar_Ip_DisableChannelNotifications
                0x00404374                Adc_Sar_Ip_SetSampleTimes
                0x0040439c                Adc_Sar_Ip_SetAveraging
                0x004043dc                Adc_Sar_Ip_SetClockMode
                0x00404458                Adc_Sar_Ip_AbortConversion
                0x00404478                Adc_Sar_Ip_AbortChain
                0x004044ec                Adc_Sar_Ip_SetPresamplingSource
                0x0040453c                Adc_Sar_Ip_EnableChannelPresampling
                0x00404580                Adc_Sar_Ip_DisableChannelPresampling
                0x004045c8                Adc_Sar_Ip_EnablePresampleConversion
                0x004045fc                Adc_Sar_Ip_DisablePresampleConversion
                0x00404630                Adc_Sar_Ip_EnableDma
                0x00404650                Adc_Sar_Ip_DisableDma
                0x00404670                Adc_Sar_Ip_EnableChannelDma
                0x004046a4                Adc_Sar_Ip_DisableChannelDma
                0x004046dc                Adc_Sar_Ip_DisableChannelDmaAll
                0x00404730                Adc_Sar_Ip_SetDmaClearSource
                0x00404760                Adc_Sar_Ip_SetWdgThreshold
                0x0040480c                Adc_Sar_Ip_Init
                0x00404c10                Adc_Sar_Ip_Deinit
                0x00404d34                Adc_Sar_Ip_SetConversionMode
                0x00404d70                Adc_Sar_Ip_SetCtuMode
                0x00404de4                Adc_Sar_Ip_SetExternalTrigger
                0x00404e28                Adc_Sar_Ip_SetUserGainAndOffset
                0x00404e44                Adc_Sar_Ip_GetDataAddress
 .mcal_text     0x00404e58       0x12 ./RTD/src/Adc_Sar_Ip_Irq.o
                0x00404e58                Adc_Sar_0_Isr
                0x00404e5e                Adc_Sar_1_Isr
                0x00404e64                Adc_Sar_2_Isr
 *fill*         0x00404e6a        0x2 
 .mcal_text     0x00404e6c      0x884 ./RTD/src/Clock_Ip.o
                0x00404e6e                Clock_Ip_InitClock
                0x00405414                Clock_Ip_GetPllStatus
                0x004054b8                Clock_Ip_DistributePll
                0x004055a4                Clock_Ip_Init
                0x004055c8                Clock_Ip_DisableClockMonitor
                0x004055ec                Clock_Ip_InstallNotificationsCallback
                0x004055f8                Clock_Ip_DisableModuleClock
                0x00405620                Clock_Ip_EnableModuleClock
                0x00405648                Clock_Ip_DisableFircInStandby
                0x00405660                Clock_Ip_EnableFircInStandby
                0x00405678                Clock_Ip_DisableSircInStandby
                0x00405690                Clock_Ip_EnableSircInStandby
                0x004056a8                Clock_Ip_ReportClockErrors
                0x004056b4                Clock_Ip_StartTimeout
                0x004056d4                Clock_Ip_TimeoutExpired
 .mcal_text     0x004056f0      0x1e4 ./RTD/src/Clock_Ip_Divider.o
 .mcal_text     0x004058d4       0xb0 ./RTD/src/Clock_Ip_DividerTrigger.o
 .mcal_text     0x00405984      0x234 ./RTD/src/Clock_Ip_ExtOsc.o
 .mcal_text     0x00405bb8        0x6 ./RTD/src/Clock_Ip_FracDiv.o
 .mcal_text     0x00405bbe        0x2 ./RTD/src/Clock_Ip_Frequency.o
                0x00405bbe                Clock_Ip_SetExternalSignalFrequency
 .mcal_text     0x00405bc0      0x154 ./RTD/src/Clock_Ip_Gate.o
 .mcal_text     0x00405d14      0x104 ./RTD/src/Clock_Ip_IntOsc.o
 .mcal_text     0x00405e18        0x4 ./RTD/src/Clock_Ip_Irq.o
                0x00405e18                Mcu_Cmu_ClockFail_IRQHandler
 .mcal_text     0x00405e1c      0x288 ./RTD/src/Clock_Ip_Monitor.o
                0x0040605c                Clock_Ip_CMU_ClockFailInt
 .mcal_text     0x004060a4      0x184 ./RTD/src/Clock_Ip_Pll.o
 .mcal_text     0x00406228      0x1f0 ./RTD/src/Clock_Ip_ProgFreqSwitch.o
 .mcal_text     0x00406418      0x3dc ./RTD/src/Clock_Ip_Selector.o
                0x004067c8                Clock_Ip_SetRtcRtccClksel_TrustedCall
 .mcal_text     0x004067f4      0x344 ./RTD/src/Clock_Ip_Specific.o
                0x004067f4                Clock_Ip_SetFlashWaitStates
                0x004067f8                Clock_Ip_McMeEnterKey
                0x0040680c                Clock_Ip_PowerClockIpModules
                0x00406a8c                DisableFircInStandbyMode
                0x00406a9c                EnableFircInStandbyMode
                0x00406ab8                DisableSircInStandbyMode
                0x00406ac8                EnableSircInStandbyMode
                0x00406ae4                Clock_Ip_Command
                0x00406b34                Clock_Ip_SetRamWaitStates
 .mcal_text     0x00406b38      0x504 ./RTD/src/Det.o
                0x00406b38                Det_Start
                0x00406b3a                Det_InitDataNode
                0x00406bc0                Det_LinkNodeToHead
                0x00406bf0                Det_DelAllNodesSameId
                0x00406cee                Det_FreeNodesInLinkedList
                0x00406d24                Det_Init
                0x00406f1c                Det_ReportError
                0x00406f7c                Det_ReportRuntimeError
                0x00406fdc                Det_ReportTransientFault
 .mcal_text     0x0040703c      0x1e0 ./RTD/src/Det_stub.o
                0x0040703c                Det_TestLastReportError
                0x0040708c                Det_TestLastReportRuntimeError
                0x004070dc                Det_TestLastReportTransientFault
                0x0040712c                Det_TestNoError
                0x0040717c                Det_TestNoRuntimeError
                0x004071cc                Det_TestNoTransientFault
 .mcal_text     0x0040721c     0x210c ./RTD/src/FlexCAN_Ip.o
                0x0040798c                FlexCAN_Ip_Init_Privileged
                0x00407b64                FlexCAN_Ip_Send
                0x00407bdc                FlexCAN_Ip_ConfigRxMb
                0x00407c70                FlexCAN_Ip_Receive
                0x00407cc0                FlexCAN_Ip_ReceiveBlocking
                0x00407db0                FlexCAN_Ip_RxFifo
                0x00407dec                FlexCAN_Ip_RxFifoBlocking
                0x00407fa4                FlexCAN_Ip_ConfigRxFifo_Privileged
                0x00408020                FlexCAN_Ip_ConfigEnhancedRxFifo_Privileged
                0x00408094                FlexCAN_Ip_ConfigRemoteResponseMb
                0x0040815c                FlexCAN_Ip_GetTransferStatus
                0x004081a8                FlexCAN_IRQHandler
                0x00408344                FlexCAN_Ip_ClearErrorStatus
                0x00408364                FlexCAN_Ip_GetErrorStatus
                0x00408384                FlexCAN_Ip_GetControllerTxErrorCounter
                0x004083a4                FlexCAN_Ip_GetControllerRxErrorCounter
                0x004083c8                FlexCAN_Busoff_Error_IRQHandler
                0x00408480                FlexCAN_Ip_SendBlocking
                0x004085bc                FlexCAN_Ip_SetRxMbGlobalMask_Privileged
                0x00408614                FlexCAN_Ip_EnterFreezeMode_Privileged
                0x00408624                FlexCAN_Ip_ExitFreezeMode_Privileged
                0x00408634                FlexCAN_Ip_SetRxIndividualMask_Privileged
                0x004086b0                FlexCAN_Ip_SetRxFifoGlobalMask_Privileged
                0x00408708                FlexCAN_Ip_Deinit_Privileged
                0x00408810                FlexCAN_Ip_MainFunctionRead
                0x004088a8                FlexCAN_Ip_MainFunctionBusOff_Privileged
                0x004088dc                FlexCAN_Ip_MainFunctionWrite
                0x00408920                FlexCAN_Ip_GetStopMode
                0x00408938                FlexCAN_Ip_GetStartMode
                0x00408950                FlexCAN_Ip_SetStartMode_Privileged
                0x00408984                FlexCAN_Ip_SetStopMode_Privileged
                0x004089b4                FlexCAN_Ip_SetRxMaskType_Privileged
                0x00408a20                FlexCAN_Ip_SetBitrate_Privileged
                0x00408ac4                FlexCAN_Ip_GetBitrate
                0x00408b78                FlexCAN_Ip_ClearTDCFail
                0x00408bc0                FlexCAN_Ip_GetTDCFail
                0x00408bf4                FlexCAN_Ip_GetTDCValue
                0x00408c28                FlexCAN_Ip_SetBitrateCbt_Privileged
                0x00408cf4                FlexCAN_Ip_GetBitrateFD
                0x00408d8c                FlexCAN_Ip_SetTDCOffset_Privileged
                0x00408e38                FlexCAN_Ip_SetTxArbitrationStartDelay_Privileged
                0x00408ea4                FlexCAN_Ip_GetBuffStatusFlag
                0x00408ed8                FlexCAN_Ip_ClearBuffStatusFlag
                0x00408f08                FlexCAN_Ip_EnableInterrupts_Privileged
                0x00408f5c                FlexCAN_Ip_DisableInterrupts_Privileged
                0x00408fa8                FlexCAN_Ip_SetErrorInt_Privileged
                0x00409040                FlexCAN_Ip_AbortTransfer
                0x00409178                FlexCAN_Ip_SetRxMb14Mask_Privileged
                0x004091d0                FlexCAN_Ip_SetRxMb15Mask_Privileged
                0x00409228                FlexCAN_Ip_SetListenOnlyMode_Privileged
                0x00409298                FlexCAN_Ip_GetListenOnlyMode
                0x004092ac                FlexCAN_Ip_ManualBusOffRecovery
 .mcal_text     0x00409328      0xf24 ./RTD/src/FlexCAN_Ip_HwAccess.o
                0x0040935a                FlexCAN_ComputePayloadSize
                0x00409374                FlexCAN_GetMsgBuffRegion
                0x004093c4                FlexCAN_GetMaxMbNum
                0x00409410                FlexCAN_EnterFreezeMode
                0x00409470                FlexCAN_Enable
                0x004094bc                FlexCAN_ExitFreezeMode
                0x00409510                FlexCAN_Disable
                0x00409562                FlexCAN_SetErrIntCmd
                0x004095ca                FlexCAN_Init
                0x004096b4                FlexCAN_EnableRxFifo
                0x00409702                FlexCAN_SetPayloadSize
                0x00409770                FlexCAN_GetMbPayloadSize
                0x004097a4                FlexCAN_LockRxMsgBuff
                0x004097ae                FlexCAN_SetMsgBuffIntCmd
                0x00409884                FLEXCAN_ClearMsgBuffIntCmd
                0x0040990c                FlexCAN_DisableInterrupts
                0x00409926                FlexCAN_EnableInterrupts
                0x00409950                FlexCAN_SetRxMsgBuff
                0x004099dc                FlexCAN_GetMsgBuffTimestamp
                0x004099e8                FlexCAN_GetMsgBuff
                0x00409a80                FlexCAN_SetTxMsgBuff
                0x00409b98                FlexCAN_SetMaxMsgBuffNum
                0x00409c32                FlexCAN_SetOperationMode
                0x00409c68                FlexCAN_SetRxFifoFilter
                0x00409dd4                FlexCAN_ReadRxFifo
                0x00409e38                FlexCAN_ReadEnhancedRxFifo
                0x00409edc                FlexCAN_IsMbOutOfRange
                0x00409efc                FlexCAN_IsEnhancedRxFifoAvailable
                0x00409f0c                FlexCAN_IsEnhancedRxFifoEnabled
                0x00409f1e                FlexCAN_EnableEnhancedRxFifo
                0x00409fc2                FlexCAN_SetEnhancedRxFifoFilter
                0x0040a150                FlexCAN_ConfigCtrlOptions
                0x0040a1dc                FlexCAN_ResetImaskBuff
                0x0040a1f4                FlexCAN_GetStopMode
                0x0040a1fc                FlexCAN_GetStartMode
                0x0040a20a                FlexCAN_DisableMemErrorDetection
 .mcal_text     0x0040a24c       0x9c ./RTD/src/FlexCAN_Ip_Irq.o
                0x0040a24c                CAN0_ORED_IRQHandler
                0x0040a252                CAN0_ORED_0_31_MB_IRQHandler
                0x0040a25e                CAN0_ORED_32_63_MB_IRQHandler
                0x0040a26a                CAN0_ORED_64_95_MB_IRQHandler
                0x0040a276                CAN1_ORED_IRQHandler
                0x0040a27c                CAN1_ORED_0_31_MB_IRQHandler
                0x0040a288                CAN1_ORED_32_63_MB_IRQHandler
                0x0040a294                CAN2_ORED_IRQHandler
                0x0040a29a                CAN2_ORED_0_31_MB_IRQHandler
                0x0040a2a6                CAN2_ORED_32_63_MB_IRQHandler
                0x0040a2b2                CAN3_ORED_IRQHandler
                0x0040a2b8                CAN3_ORED_0_31_MB_IRQHandler
                0x0040a2c4                CAN4_ORED_IRQHandler
                0x0040a2ca                CAN4_ORED_0_31_MB_IRQHandler
                0x0040a2d6                CAN5_ORED_IRQHandler
                0x0040a2dc                CAN5_ORED_0_31_MB_IRQHandler
 .mcal_text     0x0040a2e8      0x276 ./RTD/src/IntCtrl_Ip.o
                0x0040a2e8                IntCtrl_Ip_InstallHandlerPrivileged
                0x0040a322                IntCtrl_Ip_EnableIrqPrivileged
                0x0040a362                IntCtrl_Ip_DisableIrqPrivileged
                0x0040a3a2                IntCtrl_Ip_SetPriorityPrivileged
                0x0040a3d6                IntCtrl_Ip_GetPriorityPrivileged
                0x0040a3fa                IntCtrl_Ip_ClearPendingPrivileged
                0x0040a42a                IntCtrl_Ip_SetPendingPrivileged
                0x0040a45a                IntCtrl_Ip_GetPendingPrivileged
                0x0040a48a                IntCtrl_Ip_GetActivePrivileged
                0x0040a4ba                IntCtrl_Ip_Init
                0x0040a526                IntCtrl_Ip_InstallHandler
                0x0040a52a                IntCtrl_Ip_EnableIrq
                0x0040a52e                IntCtrl_Ip_DisableIrq
                0x0040a532                IntCtrl_Ip_SetPriority
                0x0040a536                IntCtrl_Ip_GetPriority
                0x0040a53a                IntCtrl_Ip_ClearPending
                0x0040a53e                IntCtrl_Ip_SetPending
                0x0040a542                IntCtrl_Ip_GetPending
                0x0040a550                IntCtrl_Ip_GetActive
 .mcal_text     0x0040a55e       0x44 ./RTD/src/OsIf_Timer.o
                0x0040a55e                OsIf_Init
                0x0040a568                OsIf_GetCounter
                0x0040a574                OsIf_GetElapsed
                0x0040a586                OsIf_SetTimerFrequency
                0x0040a590                OsIf_MicrosToTicks
 *fill*         0x0040a5a2        0x2 
 .mcal_text     0x0040a5a4       0xdc ./RTD/src/OsIf_Timer_System.o
                0x0040a5a4                OsIf_Timer_System_Init
                0x0040a5d4                OsIf_Timer_System_GetCounter
                0x0040a5f4                OsIf_Timer_System_GetElapsed
                0x0040a614                OsIf_Timer_System_SetTimerFrequency
                0x0040a63c                OsIf_Timer_System_MicrosToTicks
 .mcal_text     0x0040a680       0x4c ./RTD/src/OsIf_Timer_System_Internal_Systick.o
                0x0040a680                OsIf_Timer_System_Internal_Init
                0x0040a696                OsIf_Timer_System_Internal_GetCounter
                0x0040a6a2                OsIf_Timer_System_Internal_GetElapsed
 .mcal_text     0x0040a6cc      0x3a0 ./RTD/src/Pit_Ip.o
                0x0040a720                Pit_Ip_GetLoadValue
                0x0040a734                Pit_Ip_GetInterruptStatusFlag
                0x0040a758                Pit_Ip_Init
                0x0040a784                Pit_Ip_InitChannel
                0x0040a7e4                Pit_Ip_Deinit
                0x0040a868                Pit_Ip_StartChannel
                0x0040a89c                Pit_Ip_StopChannel
                0x0040a8b2                Pit_Ip_GetCurrentTimer
                0x0040a8c8                Pit_Ip_EnableChannelInterrupt
                0x0040a8f8                Pit_Ip_DisableChannelInterrupt
                0x0040a928                Pit_Ip_SetLifetimeTimer
                0x0040a9c4                Pit_Ip_GetLifetimeTimer
                0x0040a9f0                PIT_0_ISR
 .mcal_text     0x0040aa6c     0x2648 ./RTD/src/SchM_Adc.o
                0x0040aa6c                SchM_Enter_Adc_ADC_EXCLUSIVE_AREA_00
                0x0040aaa0                SchM_Exit_Adc_ADC_EXCLUSIVE_AREA_00
                0x0040aad0                SchM_Enter_Adc_ADC_EXCLUSIVE_AREA_01
                0x0040ab04                SchM_Exit_Adc_ADC_EXCLUSIVE_AREA_01
                0x0040ab34                SchM_Enter_Adc_ADC_EXCLUSIVE_AREA_02
                0x0040ab68                SchM_Exit_Adc_ADC_EXCLUSIVE_AREA_02
                0x0040ab98                SchM_Enter_Adc_ADC_EXCLUSIVE_AREA_03
                0x0040abcc                SchM_Exit_Adc_ADC_EXCLUSIVE_AREA_03
                0x0040abfc                SchM_Enter_Adc_ADC_EXCLUSIVE_AREA_04
                0x0040ac30                SchM_Exit_Adc_ADC_EXCLUSIVE_AREA_04
                0x0040ac60                SchM_Enter_Adc_ADC_EXCLUSIVE_AREA_05
                0x0040ac94                SchM_Exit_Adc_ADC_EXCLUSIVE_AREA_05
                0x0040acc4                SchM_Enter_Adc_ADC_EXCLUSIVE_AREA_10
                0x0040acf8                SchM_Exit_Adc_ADC_EXCLUSIVE_AREA_10
                0x0040ad28                SchM_Enter_Adc_ADC_EXCLUSIVE_AREA_100
                0x0040ad5c                SchM_Exit_Adc_ADC_EXCLUSIVE_AREA_100
                0x0040ad8c                SchM_Enter_Adc_ADC_EXCLUSIVE_AREA_101
                0x0040adc0                SchM_Exit_Adc_ADC_EXCLUSIVE_AREA_101
                0x0040adf0                SchM_Enter_Adc_ADC_EXCLUSIVE_AREA_102
                0x0040ae24                SchM_Exit_Adc_ADC_EXCLUSIVE_AREA_102
                0x0040ae54                SchM_Enter_Adc_ADC_EXCLUSIVE_AREA_103
                0x0040ae88                SchM_Exit_Adc_ADC_EXCLUSIVE_AREA_103
                0x0040aeb8                SchM_Enter_Adc_ADC_EXCLUSIVE_AREA_11
                0x0040aeec                SchM_Exit_Adc_ADC_EXCLUSIVE_AREA_11
                0x0040af1c                SchM_Enter_Adc_ADC_EXCLUSIVE_AREA_12
                0x0040af50                SchM_Exit_Adc_ADC_EXCLUSIVE_AREA_12
                0x0040af80                SchM_Enter_Adc_ADC_EXCLUSIVE_AREA_13
                0x0040afb4                SchM_Exit_Adc_ADC_EXCLUSIVE_AREA_13
                0x0040afe4                SchM_Enter_Adc_ADC_EXCLUSIVE_AREA_14
                0x0040b018                SchM_Exit_Adc_ADC_EXCLUSIVE_AREA_14
                0x0040b048                SchM_Enter_Adc_ADC_EXCLUSIVE_AREA_15
                0x0040b07c                SchM_Exit_Adc_ADC_EXCLUSIVE_AREA_15
                0x0040b0ac                SchM_Enter_Adc_ADC_EXCLUSIVE_AREA_16
                0x0040b0e0                SchM_Exit_Adc_ADC_EXCLUSIVE_AREA_16
                0x0040b110                SchM_Enter_Adc_ADC_EXCLUSIVE_AREA_17
                0x0040b144                SchM_Exit_Adc_ADC_EXCLUSIVE_AREA_17
                0x0040b174                SchM_Enter_Adc_ADC_EXCLUSIVE_AREA_18
                0x0040b1a8                SchM_Exit_Adc_ADC_EXCLUSIVE_AREA_18
                0x0040b1d8                SchM_Enter_Adc_ADC_EXCLUSIVE_AREA_19
                0x0040b20c                SchM_Exit_Adc_ADC_EXCLUSIVE_AREA_19
                0x0040b23c                SchM_Enter_Adc_ADC_EXCLUSIVE_AREA_20
                0x0040b270                SchM_Exit_Adc_ADC_EXCLUSIVE_AREA_20
                0x0040b2a0                SchM_Enter_Adc_ADC_EXCLUSIVE_AREA_21
                0x0040b2d4                SchM_Exit_Adc_ADC_EXCLUSIVE_AREA_21
                0x0040b304                SchM_Enter_Adc_ADC_EXCLUSIVE_AREA_22
                0x0040b338                SchM_Exit_Adc_ADC_EXCLUSIVE_AREA_22
                0x0040b368                SchM_Enter_Adc_ADC_EXCLUSIVE_AREA_23
                0x0040b39c                SchM_Exit_Adc_ADC_EXCLUSIVE_AREA_23
                0x0040b3cc                SchM_Enter_Adc_ADC_EXCLUSIVE_AREA_24
                0x0040b400                SchM_Exit_Adc_ADC_EXCLUSIVE_AREA_24
                0x0040b430                SchM_Enter_Adc_ADC_EXCLUSIVE_AREA_25
                0x0040b464                SchM_Exit_Adc_ADC_EXCLUSIVE_AREA_25
                0x0040b494                SchM_Enter_Adc_ADC_EXCLUSIVE_AREA_26
                0x0040b4c8                SchM_Exit_Adc_ADC_EXCLUSIVE_AREA_26
                0x0040b4f8                SchM_Enter_Adc_ADC_EXCLUSIVE_AREA_27
                0x0040b52c                SchM_Exit_Adc_ADC_EXCLUSIVE_AREA_27
                0x0040b55c                SchM_Enter_Adc_ADC_EXCLUSIVE_AREA_28
                0x0040b590                SchM_Exit_Adc_ADC_EXCLUSIVE_AREA_28
                0x0040b5c0                SchM_Enter_Adc_ADC_EXCLUSIVE_AREA_29
                0x0040b5f4                SchM_Exit_Adc_ADC_EXCLUSIVE_AREA_29
                0x0040b624                SchM_Enter_Adc_ADC_EXCLUSIVE_AREA_30
                0x0040b658                SchM_Exit_Adc_ADC_EXCLUSIVE_AREA_30
                0x0040b688                SchM_Enter_Adc_ADC_EXCLUSIVE_AREA_31
                0x0040b6bc                SchM_Exit_Adc_ADC_EXCLUSIVE_AREA_31
                0x0040b6ec                SchM_Enter_Adc_ADC_EXCLUSIVE_AREA_32
                0x0040b720                SchM_Exit_Adc_ADC_EXCLUSIVE_AREA_32
                0x0040b750                SchM_Enter_Adc_ADC_EXCLUSIVE_AREA_33
                0x0040b784                SchM_Exit_Adc_ADC_EXCLUSIVE_AREA_33
                0x0040b7b4                SchM_Enter_Adc_ADC_EXCLUSIVE_AREA_34
                0x0040b7e8                SchM_Exit_Adc_ADC_EXCLUSIVE_AREA_34
                0x0040b818                SchM_Enter_Adc_ADC_EXCLUSIVE_AREA_35
                0x0040b84c                SchM_Exit_Adc_ADC_EXCLUSIVE_AREA_35
                0x0040b87c                SchM_Enter_Adc_ADC_EXCLUSIVE_AREA_36
                0x0040b8b0                SchM_Exit_Adc_ADC_EXCLUSIVE_AREA_36
                0x0040b8e0                SchM_Enter_Adc_ADC_EXCLUSIVE_AREA_37
                0x0040b914                SchM_Exit_Adc_ADC_EXCLUSIVE_AREA_37
                0x0040b944                SchM_Enter_Adc_ADC_EXCLUSIVE_AREA_38
                0x0040b978                SchM_Exit_Adc_ADC_EXCLUSIVE_AREA_38
                0x0040b9a8                SchM_Enter_Adc_ADC_EXCLUSIVE_AREA_39
                0x0040b9dc                SchM_Exit_Adc_ADC_EXCLUSIVE_AREA_39
                0x0040ba0c                SchM_Enter_Adc_ADC_EXCLUSIVE_AREA_40
                0x0040ba40                SchM_Exit_Adc_ADC_EXCLUSIVE_AREA_40
                0x0040ba70                SchM_Enter_Adc_ADC_EXCLUSIVE_AREA_41
                0x0040baa4                SchM_Exit_Adc_ADC_EXCLUSIVE_AREA_41
                0x0040bad4                SchM_Enter_Adc_ADC_EXCLUSIVE_AREA_42
                0x0040bb08                SchM_Exit_Adc_ADC_EXCLUSIVE_AREA_42
                0x0040bb38                SchM_Enter_Adc_ADC_EXCLUSIVE_AREA_43
                0x0040bb6c                SchM_Exit_Adc_ADC_EXCLUSIVE_AREA_43
                0x0040bb9c                SchM_Enter_Adc_ADC_EXCLUSIVE_AREA_44
                0x0040bbd0                SchM_Exit_Adc_ADC_EXCLUSIVE_AREA_44
                0x0040bc00                SchM_Enter_Adc_ADC_EXCLUSIVE_AREA_45
                0x0040bc34                SchM_Exit_Adc_ADC_EXCLUSIVE_AREA_45
                0x0040bc64                SchM_Enter_Adc_ADC_EXCLUSIVE_AREA_46
                0x0040bc98                SchM_Exit_Adc_ADC_EXCLUSIVE_AREA_46
                0x0040bcc8                SchM_Enter_Adc_ADC_EXCLUSIVE_AREA_47
                0x0040bcfc                SchM_Exit_Adc_ADC_EXCLUSIVE_AREA_47
                0x0040bd2c                SchM_Enter_Adc_ADC_EXCLUSIVE_AREA_48
                0x0040bd60                SchM_Exit_Adc_ADC_EXCLUSIVE_AREA_48
                0x0040bd90                SchM_Enter_Adc_ADC_EXCLUSIVE_AREA_49
                0x0040bdc4                SchM_Exit_Adc_ADC_EXCLUSIVE_AREA_49
                0x0040bdf4                SchM_Enter_Adc_ADC_EXCLUSIVE_AREA_50
                0x0040be28                SchM_Exit_Adc_ADC_EXCLUSIVE_AREA_50
                0x0040be58                SchM_Enter_Adc_ADC_EXCLUSIVE_AREA_51
                0x0040be8c                SchM_Exit_Adc_ADC_EXCLUSIVE_AREA_51
                0x0040bebc                SchM_Enter_Adc_ADC_EXCLUSIVE_AREA_54
                0x0040bef0                SchM_Exit_Adc_ADC_EXCLUSIVE_AREA_54
                0x0040bf20                SchM_Enter_Adc_ADC_EXCLUSIVE_AREA_55
                0x0040bf54                SchM_Exit_Adc_ADC_EXCLUSIVE_AREA_55
                0x0040bf84                SchM_Enter_Adc_ADC_EXCLUSIVE_AREA_56
                0x0040bfb8                SchM_Exit_Adc_ADC_EXCLUSIVE_AREA_56
                0x0040bfe8                SchM_Enter_Adc_ADC_EXCLUSIVE_AREA_57
                0x0040c01c                SchM_Exit_Adc_ADC_EXCLUSIVE_AREA_57
                0x0040c04c                SchM_Enter_Adc_ADC_EXCLUSIVE_AREA_58
                0x0040c080                SchM_Exit_Adc_ADC_EXCLUSIVE_AREA_58
                0x0040c0b0                SchM_Enter_Adc_ADC_EXCLUSIVE_AREA_59
                0x0040c0e4                SchM_Exit_Adc_ADC_EXCLUSIVE_AREA_59
                0x0040c114                SchM_Enter_Adc_ADC_EXCLUSIVE_AREA_60
                0x0040c148                SchM_Exit_Adc_ADC_EXCLUSIVE_AREA_60
                0x0040c178                SchM_Enter_Adc_ADC_EXCLUSIVE_AREA_61
                0x0040c1ac                SchM_Exit_Adc_ADC_EXCLUSIVE_AREA_61
                0x0040c1dc                SchM_Enter_Adc_ADC_EXCLUSIVE_AREA_62
                0x0040c210                SchM_Exit_Adc_ADC_EXCLUSIVE_AREA_62
                0x0040c240                SchM_Enter_Adc_ADC_EXCLUSIVE_AREA_63
                0x0040c274                SchM_Exit_Adc_ADC_EXCLUSIVE_AREA_63
                0x0040c2a4                SchM_Enter_Adc_ADC_EXCLUSIVE_AREA_64
                0x0040c2d8                SchM_Exit_Adc_ADC_EXCLUSIVE_AREA_64
                0x0040c308                SchM_Enter_Adc_ADC_EXCLUSIVE_AREA_65
                0x0040c33c                SchM_Exit_Adc_ADC_EXCLUSIVE_AREA_65
                0x0040c36c                SchM_Enter_Adc_ADC_EXCLUSIVE_AREA_66
                0x0040c3a0                SchM_Exit_Adc_ADC_EXCLUSIVE_AREA_66
                0x0040c3d0                SchM_Enter_Adc_ADC_EXCLUSIVE_AREA_67
                0x0040c404                SchM_Exit_Adc_ADC_EXCLUSIVE_AREA_67
                0x0040c434                SchM_Enter_Adc_ADC_EXCLUSIVE_AREA_68
                0x0040c468                SchM_Exit_Adc_ADC_EXCLUSIVE_AREA_68
                0x0040c498                SchM_Enter_Adc_ADC_EXCLUSIVE_AREA_69
                0x0040c4cc                SchM_Exit_Adc_ADC_EXCLUSIVE_AREA_69
                0x0040c4fc                SchM_Enter_Adc_ADC_EXCLUSIVE_AREA_70
                0x0040c530                SchM_Exit_Adc_ADC_EXCLUSIVE_AREA_70
                0x0040c560                SchM_Enter_Adc_ADC_EXCLUSIVE_AREA_71
                0x0040c594                SchM_Exit_Adc_ADC_EXCLUSIVE_AREA_71
                0x0040c5c4                SchM_Enter_Adc_ADC_EXCLUSIVE_AREA_72
                0x0040c5f8                SchM_Exit_Adc_ADC_EXCLUSIVE_AREA_72
                0x0040c628                SchM_Enter_Adc_ADC_EXCLUSIVE_AREA_73
                0x0040c65c                SchM_Exit_Adc_ADC_EXCLUSIVE_AREA_73
                0x0040c68c                SchM_Enter_Adc_ADC_EXCLUSIVE_AREA_74
                0x0040c6c0                SchM_Exit_Adc_ADC_EXCLUSIVE_AREA_74
                0x0040c6f0                SchM_Enter_Adc_ADC_EXCLUSIVE_AREA_75
                0x0040c724                SchM_Exit_Adc_ADC_EXCLUSIVE_AREA_75
                0x0040c754                SchM_Enter_Adc_ADC_EXCLUSIVE_AREA_76
                0x0040c788                SchM_Exit_Adc_ADC_EXCLUSIVE_AREA_76
                0x0040c7b8                SchM_Enter_Adc_ADC_EXCLUSIVE_AREA_77
                0x0040c7ec                SchM_Exit_Adc_ADC_EXCLUSIVE_AREA_77
                0x0040c81c                SchM_Enter_Adc_ADC_EXCLUSIVE_AREA_78
                0x0040c850                SchM_Exit_Adc_ADC_EXCLUSIVE_AREA_78
                0x0040c880                SchM_Enter_Adc_ADC_EXCLUSIVE_AREA_79
                0x0040c8b4                SchM_Exit_Adc_ADC_EXCLUSIVE_AREA_79
                0x0040c8e4                SchM_Enter_Adc_ADC_EXCLUSIVE_AREA_80
                0x0040c918                SchM_Exit_Adc_ADC_EXCLUSIVE_AREA_80
                0x0040c948                SchM_Enter_Adc_ADC_EXCLUSIVE_AREA_81
                0x0040c97c                SchM_Exit_Adc_ADC_EXCLUSIVE_AREA_81
                0x0040c9ac                SchM_Enter_Adc_ADC_EXCLUSIVE_AREA_82
                0x0040c9e0                SchM_Exit_Adc_ADC_EXCLUSIVE_AREA_82
                0x0040ca10                SchM_Enter_Adc_ADC_EXCLUSIVE_AREA_83
                0x0040ca44                SchM_Exit_Adc_ADC_EXCLUSIVE_AREA_83
                0x0040ca74                SchM_Enter_Adc_ADC_EXCLUSIVE_AREA_84
                0x0040caa8                SchM_Exit_Adc_ADC_EXCLUSIVE_AREA_84
                0x0040cad8                SchM_Enter_Adc_ADC_EXCLUSIVE_AREA_85
                0x0040cb0c                SchM_Exit_Adc_ADC_EXCLUSIVE_AREA_85
                0x0040cb3c                SchM_Enter_Adc_ADC_EXCLUSIVE_AREA_86
                0x0040cb70                SchM_Exit_Adc_ADC_EXCLUSIVE_AREA_86
                0x0040cba0                SchM_Enter_Adc_ADC_EXCLUSIVE_AREA_87
                0x0040cbd4                SchM_Exit_Adc_ADC_EXCLUSIVE_AREA_87
                0x0040cc04                SchM_Enter_Adc_ADC_EXCLUSIVE_AREA_88
                0x0040cc38                SchM_Exit_Adc_ADC_EXCLUSIVE_AREA_88
                0x0040cc68                SchM_Enter_Adc_ADC_EXCLUSIVE_AREA_89
                0x0040cc9c                SchM_Exit_Adc_ADC_EXCLUSIVE_AREA_89
                0x0040cccc                SchM_Enter_Adc_ADC_EXCLUSIVE_AREA_90
                0x0040cd00                SchM_Exit_Adc_ADC_EXCLUSIVE_AREA_90
                0x0040cd30                SchM_Enter_Adc_ADC_EXCLUSIVE_AREA_91
                0x0040cd64                SchM_Exit_Adc_ADC_EXCLUSIVE_AREA_91
                0x0040cd94                SchM_Enter_Adc_ADC_EXCLUSIVE_AREA_92
                0x0040cdc8                SchM_Exit_Adc_ADC_EXCLUSIVE_AREA_92
                0x0040cdf8                SchM_Enter_Adc_ADC_EXCLUSIVE_AREA_93
                0x0040ce2c                SchM_Exit_Adc_ADC_EXCLUSIVE_AREA_93
                0x0040ce5c                SchM_Enter_Adc_ADC_EXCLUSIVE_AREA_94
                0x0040ce90                SchM_Exit_Adc_ADC_EXCLUSIVE_AREA_94
                0x0040cec0                SchM_Enter_Adc_ADC_EXCLUSIVE_AREA_95
                0x0040cef4                SchM_Exit_Adc_ADC_EXCLUSIVE_AREA_95
                0x0040cf24                SchM_Enter_Adc_ADC_EXCLUSIVE_AREA_96
                0x0040cf58                SchM_Exit_Adc_ADC_EXCLUSIVE_AREA_96
                0x0040cf88                SchM_Enter_Adc_ADC_EXCLUSIVE_AREA_97
                0x0040cfbc                SchM_Exit_Adc_ADC_EXCLUSIVE_AREA_97
                0x0040cfec                SchM_Enter_Adc_ADC_EXCLUSIVE_AREA_98
                0x0040d020                SchM_Exit_Adc_ADC_EXCLUSIVE_AREA_98
                0x0040d050                SchM_Enter_Adc_ADC_EXCLUSIVE_AREA_99
                0x0040d084                SchM_Exit_Adc_ADC_EXCLUSIVE_AREA_99
 .mcal_text     0x0040d0b4       0xc8 ./RTD/src/SchM_BaseNXP.o
                0x0040d0b4                SchM_Enter_BaseNXP_BASENXP_EXCLUSIVE_AREA_00
                0x0040d0e8                SchM_Exit_BaseNXP_BASENXP_EXCLUSIVE_AREA_00
                0x0040d118                SchM_Enter_BaseNXP_BASENXP_EXCLUSIVE_AREA_01
                0x0040d14c                SchM_Exit_BaseNXP_BASENXP_EXCLUSIVE_AREA_01
 .mcal_text     0x0040d17c      0x960 ./RTD/src/SchM_Can_43_FLEXCAN.o
                0x0040d17c                SchM_Enter_Can_43_FLEXCAN_CAN_EXCLUSIVE_AREA_00
                0x0040d1b0                SchM_Exit_Can_43_FLEXCAN_CAN_EXCLUSIVE_AREA_00
                0x0040d1e0                SchM_Enter_Can_43_FLEXCAN_CAN_EXCLUSIVE_AREA_01
                0x0040d214                SchM_Exit_Can_43_FLEXCAN_CAN_EXCLUSIVE_AREA_01
                0x0040d244                SchM_Enter_Can_43_FLEXCAN_CAN_EXCLUSIVE_AREA_02
                0x0040d278                SchM_Exit_Can_43_FLEXCAN_CAN_EXCLUSIVE_AREA_02
                0x0040d2a8                SchM_Enter_Can_43_FLEXCAN_CAN_EXCLUSIVE_AREA_03
                0x0040d2dc                SchM_Exit_Can_43_FLEXCAN_CAN_EXCLUSIVE_AREA_03
                0x0040d30c                SchM_Enter_Can_43_FLEXCAN_CAN_EXCLUSIVE_AREA_04
                0x0040d340                SchM_Exit_Can_43_FLEXCAN_CAN_EXCLUSIVE_AREA_04
                0x0040d370                SchM_Enter_Can_43_FLEXCAN_CAN_EXCLUSIVE_AREA_05
                0x0040d3a4                SchM_Exit_Can_43_FLEXCAN_CAN_EXCLUSIVE_AREA_05
                0x0040d3d4                SchM_Enter_Can_43_FLEXCAN_CAN_EXCLUSIVE_AREA_06
                0x0040d408                SchM_Exit_Can_43_FLEXCAN_CAN_EXCLUSIVE_AREA_06
                0x0040d438                SchM_Enter_Can_43_FLEXCAN_CAN_EXCLUSIVE_AREA_07
                0x0040d46c                SchM_Exit_Can_43_FLEXCAN_CAN_EXCLUSIVE_AREA_07
                0x0040d49c                SchM_Enter_Can_43_FLEXCAN_CAN_EXCLUSIVE_AREA_08
                0x0040d4d0                SchM_Exit_Can_43_FLEXCAN_CAN_EXCLUSIVE_AREA_08
                0x0040d500                SchM_Enter_Can_43_FLEXCAN_CAN_EXCLUSIVE_AREA_09
                0x0040d534                SchM_Exit_Can_43_FLEXCAN_CAN_EXCLUSIVE_AREA_09
                0x0040d564                SchM_Enter_Can_43_FLEXCAN_CAN_EXCLUSIVE_AREA_10
                0x0040d598                SchM_Exit_Can_43_FLEXCAN_CAN_EXCLUSIVE_AREA_10
                0x0040d5c8                SchM_Enter_Can_43_FLEXCAN_CAN_EXCLUSIVE_AREA_11
                0x0040d5fc                SchM_Exit_Can_43_FLEXCAN_CAN_EXCLUSIVE_AREA_11
                0x0040d62c                SchM_Enter_Can_43_FLEXCAN_CAN_EXCLUSIVE_AREA_12
                0x0040d660                SchM_Exit_Can_43_FLEXCAN_CAN_EXCLUSIVE_AREA_12
                0x0040d690                SchM_Enter_Can_43_FLEXCAN_CAN_EXCLUSIVE_AREA_13
                0x0040d6c4                SchM_Exit_Can_43_FLEXCAN_CAN_EXCLUSIVE_AREA_13
                0x0040d6f4                SchM_Enter_Can_43_FLEXCAN_CAN_EXCLUSIVE_AREA_14
                0x0040d728                SchM_Exit_Can_43_FLEXCAN_CAN_EXCLUSIVE_AREA_14
                0x0040d758                SchM_Enter_Can_43_FLEXCAN_CAN_EXCLUSIVE_AREA_15
                0x0040d78c                SchM_Exit_Can_43_FLEXCAN_CAN_EXCLUSIVE_AREA_15
                0x0040d7bc                SchM_Enter_Can_43_FLEXCAN_CAN_EXCLUSIVE_AREA_16
                0x0040d7f0                SchM_Exit_Can_43_FLEXCAN_CAN_EXCLUSIVE_AREA_16
                0x0040d820                SchM_Enter_Can_43_FLEXCAN_CAN_EXCLUSIVE_AREA_17
                0x0040d854                SchM_Exit_Can_43_FLEXCAN_CAN_EXCLUSIVE_AREA_17
                0x0040d884                SchM_Enter_Can_43_FLEXCAN_CAN_EXCLUSIVE_AREA_18
                0x0040d8b8                SchM_Exit_Can_43_FLEXCAN_CAN_EXCLUSIVE_AREA_18
                0x0040d8e8                SchM_Enter_Can_43_FLEXCAN_CAN_EXCLUSIVE_AREA_19
                0x0040d91c                SchM_Exit_Can_43_FLEXCAN_CAN_EXCLUSIVE_AREA_19
                0x0040d94c                SchM_Enter_Can_43_FLEXCAN_CAN_EXCLUSIVE_AREA_20
                0x0040d980                SchM_Exit_Can_43_FLEXCAN_CAN_EXCLUSIVE_AREA_20
                0x0040d9b0                SchM_Enter_Can_43_FLEXCAN_CAN_EXCLUSIVE_AREA_21
                0x0040d9e4                SchM_Exit_Can_43_FLEXCAN_CAN_EXCLUSIVE_AREA_21
                0x0040da14                SchM_Enter_Can_43_FLEXCAN_CAN_EXCLUSIVE_AREA_22
                0x0040da48                SchM_Exit_Can_43_FLEXCAN_CAN_EXCLUSIVE_AREA_22
                0x0040da78                SchM_Enter_Can_43_FLEXCAN_CAN_EXCLUSIVE_AREA_23
                0x0040daac                SchM_Exit_Can_43_FLEXCAN_CAN_EXCLUSIVE_AREA_23
 .mcal_text     0x0040dadc       0xc8 ./RTD/src/SchM_Dio.o
                0x0040dadc                SchM_Enter_Dio_DIO_EXCLUSIVE_AREA_00
                0x0040db10                SchM_Exit_Dio_DIO_EXCLUSIVE_AREA_00
                0x0040db40                SchM_Enter_Dio_DIO_EXCLUSIVE_AREA_01
                0x0040db74                SchM_Exit_Dio_DIO_EXCLUSIVE_AREA_01
 .mcal_text     0x0040dba4     0x1a2c ./RTD/src/SchM_Gpt.o
                0x0040dba4                SchM_Enter_Gpt_GPT_EXCLUSIVE_AREA_00
                0x0040dbd8                SchM_Exit_Gpt_GPT_EXCLUSIVE_AREA_00
                0x0040dc08                SchM_Enter_Gpt_GPT_EXCLUSIVE_AREA_01
                0x0040dc3c                SchM_Exit_Gpt_GPT_EXCLUSIVE_AREA_01
                0x0040dc6c                SchM_Enter_Gpt_GPT_EXCLUSIVE_AREA_02
                0x0040dca0                SchM_Exit_Gpt_GPT_EXCLUSIVE_AREA_02
                0x0040dcd0                SchM_Enter_Gpt_GPT_EXCLUSIVE_AREA_03
                0x0040dd04                SchM_Exit_Gpt_GPT_EXCLUSIVE_AREA_03
                0x0040dd34                SchM_Enter_Gpt_GPT_EXCLUSIVE_AREA_04
                0x0040dd68                SchM_Exit_Gpt_GPT_EXCLUSIVE_AREA_04
                0x0040dd98                SchM_Enter_Gpt_GPT_EXCLUSIVE_AREA_05
                0x0040ddcc                SchM_Exit_Gpt_GPT_EXCLUSIVE_AREA_05
                0x0040ddfc                SchM_Enter_Gpt_GPT_EXCLUSIVE_AREA_06
                0x0040de30                SchM_Exit_Gpt_GPT_EXCLUSIVE_AREA_06
                0x0040de60                SchM_Enter_Gpt_GPT_EXCLUSIVE_AREA_07
                0x0040de94                SchM_Exit_Gpt_GPT_EXCLUSIVE_AREA_07
                0x0040dec4                SchM_Enter_Gpt_GPT_EXCLUSIVE_AREA_08
                0x0040def8                SchM_Exit_Gpt_GPT_EXCLUSIVE_AREA_08
                0x0040df28                SchM_Enter_Gpt_GPT_EXCLUSIVE_AREA_09
                0x0040df5c                SchM_Exit_Gpt_GPT_EXCLUSIVE_AREA_09
                0x0040df8c                SchM_Enter_Gpt_GPT_EXCLUSIVE_AREA_10
                0x0040dfc0                SchM_Exit_Gpt_GPT_EXCLUSIVE_AREA_10
                0x0040dff0                SchM_Enter_Gpt_GPT_EXCLUSIVE_AREA_11
                0x0040e024                SchM_Exit_Gpt_GPT_EXCLUSIVE_AREA_11
                0x0040e054                SchM_Enter_Gpt_GPT_EXCLUSIVE_AREA_15
                0x0040e088                SchM_Exit_Gpt_GPT_EXCLUSIVE_AREA_15
                0x0040e0b8                SchM_Enter_Gpt_GPT_EXCLUSIVE_AREA_16
                0x0040e0ec                SchM_Exit_Gpt_GPT_EXCLUSIVE_AREA_16
                0x0040e11c                SchM_Enter_Gpt_GPT_EXCLUSIVE_AREA_17
                0x0040e150                SchM_Exit_Gpt_GPT_EXCLUSIVE_AREA_17
                0x0040e180                SchM_Enter_Gpt_GPT_EXCLUSIVE_AREA_18
                0x0040e1b4                SchM_Exit_Gpt_GPT_EXCLUSIVE_AREA_18
                0x0040e1e4                SchM_Enter_Gpt_GPT_EXCLUSIVE_AREA_19
                0x0040e218                SchM_Exit_Gpt_GPT_EXCLUSIVE_AREA_19
                0x0040e248                SchM_Enter_Gpt_GPT_EXCLUSIVE_AREA_21
                0x0040e27c                SchM_Exit_Gpt_GPT_EXCLUSIVE_AREA_21
                0x0040e2ac                SchM_Enter_Gpt_GPT_EXCLUSIVE_AREA_22
                0x0040e2e0                SchM_Exit_Gpt_GPT_EXCLUSIVE_AREA_22
                0x0040e310                SchM_Enter_Gpt_GPT_EXCLUSIVE_AREA_23
                0x0040e344                SchM_Exit_Gpt_GPT_EXCLUSIVE_AREA_23
                0x0040e374                SchM_Enter_Gpt_GPT_EXCLUSIVE_AREA_24
                0x0040e3a8                SchM_Exit_Gpt_GPT_EXCLUSIVE_AREA_24
                0x0040e3d8                SchM_Enter_Gpt_GPT_EXCLUSIVE_AREA_25
                0x0040e40c                SchM_Exit_Gpt_GPT_EXCLUSIVE_AREA_25
                0x0040e43c                SchM_Enter_Gpt_GPT_EXCLUSIVE_AREA_26
                0x0040e470                SchM_Exit_Gpt_GPT_EXCLUSIVE_AREA_26
                0x0040e4a0                SchM_Enter_Gpt_GPT_EXCLUSIVE_AREA_29
                0x0040e4d4                SchM_Exit_Gpt_GPT_EXCLUSIVE_AREA_29
                0x0040e504                SchM_Enter_Gpt_GPT_EXCLUSIVE_AREA_30
                0x0040e538                SchM_Exit_Gpt_GPT_EXCLUSIVE_AREA_30
                0x0040e568                SchM_Enter_Gpt_GPT_EXCLUSIVE_AREA_31
                0x0040e59c                SchM_Exit_Gpt_GPT_EXCLUSIVE_AREA_31
                0x0040e5cc                SchM_Enter_Gpt_GPT_EXCLUSIVE_AREA_35
                0x0040e600                SchM_Exit_Gpt_GPT_EXCLUSIVE_AREA_35
                0x0040e630                SchM_Enter_Gpt_GPT_EXCLUSIVE_AREA_36
                0x0040e664                SchM_Exit_Gpt_GPT_EXCLUSIVE_AREA_36
                0x0040e694                SchM_Enter_Gpt_GPT_EXCLUSIVE_AREA_38
                0x0040e6c8                SchM_Exit_Gpt_GPT_EXCLUSIVE_AREA_38
                0x0040e6f8                SchM_Enter_Gpt_GPT_EXCLUSIVE_AREA_39
                0x0040e72c                SchM_Exit_Gpt_GPT_EXCLUSIVE_AREA_39
                0x0040e75c                SchM_Enter_Gpt_GPT_EXCLUSIVE_AREA_40
                0x0040e790                SchM_Exit_Gpt_GPT_EXCLUSIVE_AREA_40
                0x0040e7c0                SchM_Enter_Gpt_GPT_EXCLUSIVE_AREA_41
                0x0040e7f4                SchM_Exit_Gpt_GPT_EXCLUSIVE_AREA_41
                0x0040e824                SchM_Enter_Gpt_GPT_EXCLUSIVE_AREA_42
                0x0040e858                SchM_Exit_Gpt_GPT_EXCLUSIVE_AREA_42
                0x0040e888                SchM_Enter_Gpt_GPT_EXCLUSIVE_AREA_43
                0x0040e8bc                SchM_Exit_Gpt_GPT_EXCLUSIVE_AREA_43
                0x0040e8ec                SchM_Enter_Gpt_GPT_EXCLUSIVE_AREA_44
                0x0040e920                SchM_Exit_Gpt_GPT_EXCLUSIVE_AREA_44
                0x0040e950                SchM_Enter_Gpt_GPT_EXCLUSIVE_AREA_45
                0x0040e984                SchM_Exit_Gpt_GPT_EXCLUSIVE_AREA_45
                0x0040e9b4                SchM_Enter_Gpt_GPT_EXCLUSIVE_AREA_46
                0x0040e9e8                SchM_Exit_Gpt_GPT_EXCLUSIVE_AREA_46
                0x0040ea18                SchM_Enter_Gpt_GPT_EXCLUSIVE_AREA_50
                0x0040ea4c                SchM_Exit_Gpt_GPT_EXCLUSIVE_AREA_50
                0x0040ea7c                SchM_Enter_Gpt_GPT_EXCLUSIVE_AREA_51
                0x0040eab0                SchM_Exit_Gpt_GPT_EXCLUSIVE_AREA_51
                0x0040eae0                SchM_Enter_Gpt_GPT_EXCLUSIVE_AREA_52
                0x0040eb14                SchM_Exit_Gpt_GPT_EXCLUSIVE_AREA_52
                0x0040eb44                SchM_Enter_Gpt_GPT_EXCLUSIVE_AREA_53
                0x0040eb78                SchM_Exit_Gpt_GPT_EXCLUSIVE_AREA_53
                0x0040eba8                SchM_Enter_Gpt_GPT_EXCLUSIVE_AREA_54
                0x0040ebdc                SchM_Exit_Gpt_GPT_EXCLUSIVE_AREA_54
                0x0040ec0c                SchM_Enter_Gpt_GPT_EXCLUSIVE_AREA_55
                0x0040ec40                SchM_Exit_Gpt_GPT_EXCLUSIVE_AREA_55
                0x0040ec70                SchM_Enter_Gpt_GPT_EXCLUSIVE_AREA_56
                0x0040eca4                SchM_Exit_Gpt_GPT_EXCLUSIVE_AREA_56
                0x0040ecd4                SchM_Enter_Gpt_GPT_EXCLUSIVE_AREA_60
                0x0040ed08                SchM_Exit_Gpt_GPT_EXCLUSIVE_AREA_60
                0x0040ed38                SchM_Enter_Gpt_GPT_EXCLUSIVE_AREA_61
                0x0040ed6c                SchM_Exit_Gpt_GPT_EXCLUSIVE_AREA_61
                0x0040ed9c                SchM_Enter_Gpt_GPT_EXCLUSIVE_AREA_64
                0x0040edd0                SchM_Exit_Gpt_GPT_EXCLUSIVE_AREA_64
                0x0040ee00                SchM_Enter_Gpt_GPT_EXCLUSIVE_AREA_65
                0x0040ee34                SchM_Exit_Gpt_GPT_EXCLUSIVE_AREA_65
                0x0040ee64                SchM_Enter_Gpt_GPT_EXCLUSIVE_AREA_66
                0x0040ee98                SchM_Exit_Gpt_GPT_EXCLUSIVE_AREA_66
                0x0040eec8                SchM_Enter_Gpt_GPT_EXCLUSIVE_AREA_67
                0x0040eefc                SchM_Exit_Gpt_GPT_EXCLUSIVE_AREA_67
                0x0040ef2c                SchM_Enter_Gpt_GPT_EXCLUSIVE_AREA_68
                0x0040ef60                SchM_Exit_Gpt_GPT_EXCLUSIVE_AREA_68
                0x0040ef90                SchM_Enter_Gpt_GPT_EXCLUSIVE_AREA_69
                0x0040efc4                SchM_Exit_Gpt_GPT_EXCLUSIVE_AREA_69
                0x0040eff4                SchM_Enter_Gpt_GPT_EXCLUSIVE_AREA_70
                0x0040f028                SchM_Exit_Gpt_GPT_EXCLUSIVE_AREA_70
                0x0040f058                SchM_Enter_Gpt_GPT_EXCLUSIVE_AREA_71
                0x0040f08c                SchM_Exit_Gpt_GPT_EXCLUSIVE_AREA_71
                0x0040f0bc                SchM_Enter_Gpt_GPT_EXCLUSIVE_AREA_72
                0x0040f0f0                SchM_Exit_Gpt_GPT_EXCLUSIVE_AREA_72
                0x0040f120                SchM_Enter_Gpt_GPT_EXCLUSIVE_AREA_73
                0x0040f154                SchM_Exit_Gpt_GPT_EXCLUSIVE_AREA_73
                0x0040f184                SchM_Enter_Gpt_GPT_EXCLUSIVE_AREA_80
                0x0040f1b8                SchM_Exit_Gpt_GPT_EXCLUSIVE_AREA_80
                0x0040f1e8                SchM_Enter_Gpt_GPT_EXCLUSIVE_AREA_81
                0x0040f21c                SchM_Exit_Gpt_GPT_EXCLUSIVE_AREA_81
                0x0040f24c                SchM_Enter_Gpt_GPT_EXCLUSIVE_AREA_82
                0x0040f280                SchM_Exit_Gpt_GPT_EXCLUSIVE_AREA_82
                0x0040f2b0                SchM_Enter_Gpt_GPT_EXCLUSIVE_AREA_83
                0x0040f2e4                SchM_Exit_Gpt_GPT_EXCLUSIVE_AREA_83
                0x0040f314                SchM_Enter_Gpt_GPT_EXCLUSIVE_AREA_84
                0x0040f348                SchM_Exit_Gpt_GPT_EXCLUSIVE_AREA_84
                0x0040f378                SchM_Enter_Gpt_GPT_EXCLUSIVE_AREA_85
                0x0040f3ac                SchM_Exit_Gpt_GPT_EXCLUSIVE_AREA_85
                0x0040f3dc                SchM_Enter_Gpt_GPT_EXCLUSIVE_AREA_86
                0x0040f410                SchM_Exit_Gpt_GPT_EXCLUSIVE_AREA_86
                0x0040f440                SchM_Enter_Gpt_GPT_EXCLUSIVE_AREA_87
                0x0040f474                SchM_Exit_Gpt_GPT_EXCLUSIVE_AREA_87
                0x0040f4a4                SchM_Enter_Gpt_GPT_EXCLUSIVE_AREA_89
                0x0040f4d8                SchM_Exit_Gpt_GPT_EXCLUSIVE_AREA_89
                0x0040f508                SchM_Enter_Gpt_GPT_EXCLUSIVE_AREA_90
                0x0040f53c                SchM_Exit_Gpt_GPT_EXCLUSIVE_AREA_90
                0x0040f56c                SchM_Enter_Gpt_GPT_EXCLUSIVE_AREA_91
                0x0040f5a0                SchM_Exit_Gpt_GPT_EXCLUSIVE_AREA_91
 .mcal_text     0x0040f5d0      0x12c ./RTD/src/SchM_Mcu.o
                0x0040f5d0                SchM_Enter_Mcu_MCU_EXCLUSIVE_AREA_00
                0x0040f604                SchM_Exit_Mcu_MCU_EXCLUSIVE_AREA_00
                0x0040f634                SchM_Enter_Mcu_MCU_EXCLUSIVE_AREA_01
                0x0040f668                SchM_Exit_Mcu_MCU_EXCLUSIVE_AREA_01
                0x0040f698                SchM_Enter_Mcu_MCU_EXCLUSIVE_AREA_02
                0x0040f6cc                SchM_Exit_Mcu_MCU_EXCLUSIVE_AREA_02
 .mcal_text     0x0040f6fc      0xaf0 ./RTD/src/SchM_Port.o
                0x0040f6fc                SchM_Enter_Port_PORT_EXCLUSIVE_AREA_00
                0x0040f730                SchM_Exit_Port_PORT_EXCLUSIVE_AREA_00
                0x0040f760                SchM_Enter_Port_PORT_EXCLUSIVE_AREA_01
                0x0040f794                SchM_Exit_Port_PORT_EXCLUSIVE_AREA_01
                0x0040f7c4                SchM_Enter_Port_PORT_EXCLUSIVE_AREA_02
                0x0040f7f8                SchM_Exit_Port_PORT_EXCLUSIVE_AREA_02
                0x0040f828                SchM_Enter_Port_PORT_EXCLUSIVE_AREA_03
                0x0040f85c                SchM_Exit_Port_PORT_EXCLUSIVE_AREA_03
                0x0040f88c                SchM_Enter_Port_PORT_EXCLUSIVE_AREA_04
                0x0040f8c0                SchM_Exit_Port_PORT_EXCLUSIVE_AREA_04
                0x0040f8f0                SchM_Enter_Port_PORT_EXCLUSIVE_AREA_05
                0x0040f924                SchM_Exit_Port_PORT_EXCLUSIVE_AREA_05
                0x0040f954                SchM_Enter_Port_PORT_EXCLUSIVE_AREA_06
                0x0040f988                SchM_Exit_Port_PORT_EXCLUSIVE_AREA_06
                0x0040f9b8                SchM_Enter_Port_PORT_EXCLUSIVE_AREA_07
                0x0040f9ec                SchM_Exit_Port_PORT_EXCLUSIVE_AREA_07
                0x0040fa1c                SchM_Enter_Port_PORT_EXCLUSIVE_AREA_08
                0x0040fa50                SchM_Exit_Port_PORT_EXCLUSIVE_AREA_08
                0x0040fa80                SchM_Enter_Port_PORT_EXCLUSIVE_AREA_09
                0x0040fab4                SchM_Exit_Port_PORT_EXCLUSIVE_AREA_09
                0x0040fae4                SchM_Enter_Port_PORT_EXCLUSIVE_AREA_10
                0x0040fb18                SchM_Exit_Port_PORT_EXCLUSIVE_AREA_10
                0x0040fb48                SchM_Enter_Port_PORT_EXCLUSIVE_AREA_11
                0x0040fb7c                SchM_Exit_Port_PORT_EXCLUSIVE_AREA_11
                0x0040fbac                SchM_Enter_Port_PORT_EXCLUSIVE_AREA_12
                0x0040fbe0                SchM_Exit_Port_PORT_EXCLUSIVE_AREA_12
                0x0040fc10                SchM_Enter_Port_PORT_EXCLUSIVE_AREA_13
                0x0040fc44                SchM_Exit_Port_PORT_EXCLUSIVE_AREA_13
                0x0040fc74                SchM_Enter_Port_PORT_EXCLUSIVE_AREA_14
                0x0040fca8                SchM_Exit_Port_PORT_EXCLUSIVE_AREA_14
                0x0040fcd8                SchM_Enter_Port_PORT_EXCLUSIVE_AREA_15
                0x0040fd0c                SchM_Exit_Port_PORT_EXCLUSIVE_AREA_15
                0x0040fd3c                SchM_Enter_Port_PORT_EXCLUSIVE_AREA_16
                0x0040fd70                SchM_Exit_Port_PORT_EXCLUSIVE_AREA_16
                0x0040fda0                SchM_Enter_Port_PORT_EXCLUSIVE_AREA_17
                0x0040fdd4                SchM_Exit_Port_PORT_EXCLUSIVE_AREA_17
                0x0040fe04                SchM_Enter_Port_PORT_EXCLUSIVE_AREA_18
                0x0040fe38                SchM_Exit_Port_PORT_EXCLUSIVE_AREA_18
                0x0040fe68                SchM_Enter_Port_PORT_EXCLUSIVE_AREA_19
                0x0040fe9c                SchM_Exit_Port_PORT_EXCLUSIVE_AREA_19
                0x0040fecc                SchM_Enter_Port_PORT_EXCLUSIVE_AREA_20
                0x0040ff00                SchM_Exit_Port_PORT_EXCLUSIVE_AREA_20
                0x0040ff30                SchM_Enter_Port_PORT_EXCLUSIVE_AREA_21
                0x0040ff64                SchM_Exit_Port_PORT_EXCLUSIVE_AREA_21
                0x0040ff94                SchM_Enter_Port_PORT_EXCLUSIVE_AREA_22
                0x0040ffc8                SchM_Exit_Port_PORT_EXCLUSIVE_AREA_22
                0x0040fff8                SchM_Enter_Port_PORT_EXCLUSIVE_AREA_23
                0x0041002c                SchM_Exit_Port_PORT_EXCLUSIVE_AREA_23
                0x0041005c                SchM_Enter_Port_PORT_EXCLUSIVE_AREA_24
                0x00410090                SchM_Exit_Port_PORT_EXCLUSIVE_AREA_24
                0x004100c0                SchM_Enter_Port_PORT_EXCLUSIVE_AREA_25
                0x004100f4                SchM_Exit_Port_PORT_EXCLUSIVE_AREA_25
                0x00410124                SchM_Enter_Port_PORT_EXCLUSIVE_AREA_26
                0x00410158                SchM_Exit_Port_PORT_EXCLUSIVE_AREA_26
                0x00410188                SchM_Enter_Port_PORT_EXCLUSIVE_AREA_27
                0x004101bc                SchM_Exit_Port_PORT_EXCLUSIVE_AREA_27
 .mcal_text     0x004101ec      0x1fc ./RTD/src/Siul2_Dio_Ip.o
                0x00410220                Siul2_Dio_Ip_WritePin
                0x0041028c                Siul2_Dio_Ip_SetGPDO
                0x004102a8                Siul2_Dio_Ip_ClearGPDO
                0x004102c4                Siul2_Dio_Ip_WritePins
                0x004102dc                Siul2_Dio_Ip_GetPinsOutput
                0x004102f4                Siul2_Dio_Ip_SetPins
                0x00410312                Siul2_Dio_Ip_ClearPins
                0x00410332                Siul2_Dio_Ip_TogglePins
                0x00410350                Siul2_Dio_Ip_ReadPins
                0x0041036a                Siul2_Dio_Ip_ReadPin
                0x0041039c                Siul2_Dio_Ip_MaskedWritePins
 .mcal_text     0x004103e8      0x458 ./RTD/src/Siul2_Port_Ip.o
                0x0041053c                Siul2_Port_Ip_Init
                0x0041056c                Siul2_Port_Ip_SetPullSel
                0x004105c8                Siul2_Port_Ip_SetOutputBuffer
                0x0041062e                Siul2_Port_Ip_SetInputBuffer
                0x0041069e                Siul2_Port_Ip_SetPinDirection
                0x00410716                Siul2_Port_Ip_RevertPinConfiguration
                0x00410778                Siul2_Port_Ip_GetPinConfiguration
 .mcal_text     0x00410840      0x11c ./RTD/src/Tspc_Port_Ip.o
                0x00410840                Tspc_Port_Ip_EnableObeGroup
                0x00410870                Tspc_Port_Ip_DisableObeGroup
                0x004108a0                Tspc_Port_Ip_MaskObeGroup
                0x004108be                Tspc_Port_Ip_ConfigureObeGroup
                0x0041095c                . = ALIGN (0x4)
 *(.acmcu_code_rom)
                0x0041095c                . = ALIGN (0x4)
                0x0041095c                __acfls_code_rom_start = .
 *(.acfls_code_rom)
 .acfls_code_rom
                0x0041095c       0x5c ./RTD/src/Clock_Ip_Specific.o
                0x0041095c                Clock_Ip_PRAMCSetRamIWS
 .acfls_code_rom.__stub
                0x004109b8        0x8 linker stubs
                0x004109c0                . = ALIGN (0x4)
                0x004109c0                __acfls_code_rom_end = .
                0x004109c0                __acmem_43_infls_code_rom_start = .
 *(.acmem_43_infls_code_rom)
                0x004109c0                . = ALIGN (0x4)
                0x004109c0                __acmem_43_infls_code_rom_end = .
 *(.init)
                0x004109c0                . = ALIGN (0x4)
 *(.fini)
                0x004109c0                . = ALIGN (0x4)
 *(.rodata)
 .rodata        0x004109c0       0x16 ./RTD/src/Adc_Sar_Ip.o
 .rodata        0x004109d6        0x3 ./RTD/src/Clock_Ip_IntOsc.o
 .rodata        0x004109d9       0x48 ./RTD/src/FlexCAN_Ip_HwAccess.o
 .rodata        0x00410a21        0x6 ./RTD/src/Pit_Ip.o
 *fill*         0x00410a27        0x1 
 .rodata        0x00410a28        0x4 ./RTD/src/Siul2_Port_Ip.o
                0x00410a28                Port_au32Siul2BaseAddr
 .rodata        0x00410a2c        0x8 ./src/communication/Bms_Can.o
 .rodata        0x00410a34       0x18 ./src/main.o
 *(.rodata*)
 .rodata.logf.str1.1
                0x00410a4c        0x1 c:/nxp/s32ds.3.6.10/s32ds/build_tools/gcc_v10.2/gcc-10.2-arm32-eabi/bin/../lib/gcc/arm-none-eabi/10.2.0/../../../../arm-none-eabi/lib/thumb/v7e-m+fp/hard\libm.a(lib_a-wf_log.o)
 *fill*         0x00410a4d        0x3 
 .rodata._global_impure_ptr
                0x00410a50        0x4 c:/nxp/s32ds.3.6.10/s32ds/build_tools/gcc_v10.2/gcc-10.2-arm32-eabi/bin/../lib/gcc/arm-none-eabi/10.2.0/../../../../arm-none-eabi/lib/thumb/v7e-m+fp/hard\libg_nano.a(lib_a-impure.o)
                0x00410a50                _global_impure_ptr
                0x00410a54                . = ALIGN (0x4)
 *(.mcal_const_cfg)
 .mcal_const_cfg
                0x00410a54      0x540 ./board/Siul2_Port_Ip_Cfg.o
                0x00410a54                g_pin_mux_InitConfigArr_PortContainer_0_BOARD_InitPeripherals
 .mcal_const_cfg
                0x00410f94       0x90 ./generate/src/Adc_Sar_Ip_PBcfg.o
                0x00410f94                AdcHwUnit_0
 *fill*         0x00411024        0x4 
 .mcal_const_cfg
                0x00411028      0x5fc ./generate/src/Clock_Ip_Cfg.o
                0x00411028                Clock_Ip_aClockConfig
 .mcal_const_cfg
                0x00411624       0x68 ./generate/src/FlexCAN_Ip_Sa_PBcfg.o
                0x00411624                FlexCAN_Config0
 .mcal_const_cfg
                0x0041168c       0x14 ./generate/src/IntCtrl_Ip_Cfg.o
                0x0041168c                IntCtrlConfig_0
 .mcal_const_cfg
                0x004116a0        0xc ./generate/src/OsIf_Cfg.o
                0x004116a0                OsIf_apxPredefinedConfig
 .mcal_const_cfg
                0x004116ac       0x12 ./generate/src/Pit_Ip_SA_PBcfg.o
                0x004116ac                PIT_0_ChannelConfig_PB
                0x004116bc                PIT_0_InitConfig_PB
                0x004116c0                . = ALIGN (0x4)
 *fill*         0x004116be        0x2 
 *(.mcal_const)
 .mcal_const    0x004116c0       0x40 ./RTD/src/Adc_Sar_Ip.o
 .mcal_const    0x00411700     0x1130 ./RTD/src/Clock_Ip_Data.o
                0x00411700                Clock_Ip_axGateInfo
                0x00411de8                Clock_Ip_axFeatureExtensions
                0x00412038                Clock_Ip_aeHwDfsName
                0x0041203c                Clock_Ip_aeHwPllName
                0x00412040                Clock_Ip_aeSourceTypeClockName
                0x00412098                Clock_Ip_apxMcMeTriggerPartitions
                0x004120a8                Clock_Ip_apxMcMeGetPartitions
                0x004120b8                Clock_Ip_apxMcMeSetPartitions
                0x004120c8                Clock_Ip_axCmuInfo
                0x00412154                Clock_Ip_aeCmuNames
                0x00412170                Clock_Ip_apxCmu
                0x0041218c                Clock_Ip_apxPll
                0x0041219c                Clock_Ip_apxXosc
                0x004121a4                Clock_Ip_apxCgmPcfs
                0x004121a8                Clock_Ip_apxCgm
                0x004121fc                Clock_Ip_au16SelectorEntryRtcHardwareValue
                0x00412228                Clock_Ip_au16SelectorEntryHardwareValue
                0x00412254                Clock_Ip_au8SoftwareMuxResetValue
                0x004122e0                Clock_Ip_au8ClockFeatures
                0x004127cc                Clock_Ip_au8CmuCallbackIndex
                0x004127d6                Clock_Ip_au8PcfsCallbackIndex
                0x004127e0                Clock_Ip_au8SelectorCallbackIndex
                0x004127ea                Clock_Ip_au8PllCallbackIndex
                0x004127f4                Clock_Ip_au8FractionalDividerCallbackIndex
                0x004127fe                Clock_Ip_au8GateCallbackIndex
                0x00412808                Clock_Ip_au8IrcoscCallbackIndex
                0x00412812                Clock_Ip_au8XoscCallbackIndex
                0x0041281c                Clock_Ip_au8DividerTriggerCallbackIndex
                0x00412826                Clock_Ip_au8DividerCallbackIndex
 .mcal_const    0x00412830       0x14 ./RTD/src/Clock_Ip_Divider.o
                0x00412830                Clock_Ip_axDividerCallbacks
 .mcal_const    0x00412844       0x10 ./RTD/src/Clock_Ip_DividerTrigger.o
                0x00412844                Clock_Ip_axDividerTriggerCallbacks
 .mcal_const    0x00412854       0x30 ./RTD/src/Clock_Ip_ExtOsc.o
                0x00412854                Clock_Ip_axExtOscCallbacks
 .mcal_const    0x00412884        0xc ./RTD/src/Clock_Ip_FracDiv.o
                0x00412884                Clock_Ip_axFracDivCallbacks
 .mcal_const    0x00412890       0x10 ./RTD/src/Clock_Ip_Gate.o
                0x00412890                Clock_Ip_axGateCallbacks
 .mcal_const    0x004128a0       0x30 ./RTD/src/Clock_Ip_IntOsc.o
                0x004128a0                Clock_Ip_axIntOscCallbacks
 .mcal_const    0x004128d0       0x20 ./RTD/src/Clock_Ip_Monitor.o
                0x004128d0                Clock_Ip_axCmuCallbacks
 .mcal_const    0x004128f0       0x28 ./RTD/src/Clock_Ip_Pll.o
                0x004128f0                Clock_Ip_axPllCallbacks
 .mcal_const    0x00412918        0x8 ./RTD/src/Clock_Ip_ProgFreqSwitch.o
                0x00412918                Clock_Ip_axPcfsCallbacks
 .mcal_const    0x00412920       0x28 ./RTD/src/Clock_Ip_Selector.o
                0x00412920                Clock_Ip_axSelectorCallbacks
 .mcal_const    0x00412948       0x18 ./RTD/src/FlexCAN_Ip.o
 .mcal_const    0x00412960        0xc ./RTD/src/Pit_Ip.o
                0x0041296c                . = ALIGN (0x4)
                0x0041296c                __init_table = .
 *(.init_table)
 .init_table    0x0041296c       0x4c ./Project_Settings/Startup_Code/startup_cm7.o
                0x004129b8                . = ALIGN (0x4)
                0x004129b8                __zero_table = .
 *(.zero_table)
 .zero_table    0x004129b8       0x1c ./Project_Settings/Startup_Code/startup_cm7.o

.ARM.extab      0x004129d4        0x0
 .ARM.extab     0x004129d4        0x0 c:/nxp/s32ds.3.6.10/s32ds/build_tools/gcc_v10.2/gcc-10.2-arm32-eabi/bin/../lib/gcc/arm-none-eabi/10.2.0/thumb/v7e-m+fp/hard\libgcc.a(_udivmoddi4.o)

.ARM.exidx      0x004129d4        0x8
 .ARM.exidx     0x004129d4        0x8 c:/nxp/s32ds.3.6.10/s32ds/build_tools/gcc_v10.2/gcc-10.2-arm32-eabi/bin/../lib/gcc/arm-none-eabi/10.2.0/thumb/v7e-m+fp/hard\libgcc.a(_udivmoddi4.o)

.glue_7         0x004129dc        0x0
 .glue_7        0x004129dc        0x0 linker stubs

.glue_7t        0x004129dc        0x0
 .glue_7t       0x004129dc        0x0 linker stubs

.vfp11_veneer   0x004129dc        0x0
 .vfp11_veneer  0x004129dc        0x0 linker stubs

.v4_bx          0x004129dc        0x0
 .v4_bx         0x004129dc        0x0 linker stubs

.iplt           0x004129dc        0x0
 .iplt          0x004129dc        0x0 ./Project_Settings/Startup_Code/Vector_Table.o

.rel.dyn        0x004129dc        0x0
 .rel.iplt      0x004129dc        0x0 ./Project_Settings/Startup_Code/Vector_Table.o
                0x004129dc                . = ALIGN (0x4)
                0x004129dc                __text_end = .
                0x004129dc                __sram_data_rom = __text_end

.sram_bss       0x20400000      0xbc0
                0x20400000                . = ALIGN (0x8)
                0x20400000                __standby_ram_begin__ = .
 *(.standby_data)
                0x20400000                . = ALIGN (0x8)
                0x20400000                __standby_ram_end__ = .
                0x20400000                . = ALIGN (0x10)
                0x20400000                __sram_bss_start = .
 *(.bss)
 .bss           0x20400000        0x0 ./Project_Settings/Startup_Code/Vector_Table.o
 .bss           0x20400000        0x0 ./Project_Settings/Startup_Code/exceptions.o
 .bss           0x20400000        0x0 ./Project_Settings/Startup_Code/nvic.o
 .bss           0x20400000        0x0 ./Project_Settings/Startup_Code/startup.o
 .bss           0x20400000        0x0 ./Project_Settings/Startup_Code/startup_cm7.o
 .bss           0x20400000       0x80 ./Project_Settings/Startup_Code/system.o
                0x20400000                rbar
                0x20400040                rasr
 .bss           0x20400080        0x4 ./RTD/src/Adc_Sar_Ip.o
 .bss           0x20400084        0x0 ./RTD/src/Adc_Sar_Ip_Irq.o
 .bss           0x20400084        0x0 ./RTD/src/Clock_Ip.o
 .bss           0x20400084        0x0 ./RTD/src/Clock_Ip_Data.o
 .bss           0x20400084        0x0 ./RTD/src/Clock_Ip_Divider.o
 .bss           0x20400084        0x0 ./RTD/src/Clock_Ip_DividerTrigger.o
 .bss           0x20400084        0x0 ./RTD/src/Clock_Ip_ExtOsc.o
 .bss           0x20400084        0x0 ./RTD/src/Clock_Ip_FracDiv.o
 .bss           0x20400084        0x0 ./RTD/src/Clock_Ip_Frequency.o
 .bss           0x20400084        0x0 ./RTD/src/Clock_Ip_Gate.o
 .bss           0x20400084        0x0 ./RTD/src/Clock_Ip_IntOsc.o
 .bss           0x20400084        0x0 ./RTD/src/Clock_Ip_Irq.o
 .bss           0x20400084        0x0 ./RTD/src/Clock_Ip_Monitor.o
 .bss           0x20400084        0x0 ./RTD/src/Clock_Ip_Pll.o
 .bss           0x20400084        0x0 ./RTD/src/Clock_Ip_ProgFreqSwitch.o
 .bss           0x20400084        0x0 ./RTD/src/Clock_Ip_Selector.o
 .bss           0x20400084        0x0 ./RTD/src/Clock_Ip_Specific.o
 .bss           0x20400084        0x0 ./RTD/src/Det.o
 .bss           0x20400084        0x0 ./RTD/src/Det_stub.o
 .bss           0x20400084        0x0 ./RTD/src/FlexCAN_Ip.o
 .bss           0x20400084        0x0 ./RTD/src/FlexCAN_Ip_HwAccess.o
 .bss           0x20400084        0x0 ./RTD/src/FlexCAN_Ip_Irq.o
 .bss           0x20400084        0x0 ./RTD/src/Igf_Port_Ip.o
 .bss           0x20400084        0x0 ./RTD/src/IntCtrl_Ip.o
 .bss           0x20400084        0x0 ./RTD/src/OsIf_Interrupts.o
 .bss           0x20400084        0x0 ./RTD/src/OsIf_Software_Semaphore.o
 .bss           0x20400084        0x0 ./RTD/src/OsIf_Timer.o
 .bss           0x20400084        0x0 ./RTD/src/OsIf_Timer_System.o
 .bss           0x20400084        0x0 ./RTD/src/OsIf_Timer_System_Internal_Systick.o
 .bss           0x20400084        0x0 ./RTD/src/Pit_Ip.o
 .bss           0x20400084        0x0 ./RTD/src/SchM_Adc.o
 .bss           0x20400084        0x0 ./RTD/src/SchM_BaseNXP.o
 .bss           0x20400084        0x0 ./RTD/src/SchM_Can_43_FLEXCAN.o
 .bss           0x20400084        0x0 ./RTD/src/SchM_Dio.o
 .bss           0x20400084        0x0 ./RTD/src/SchM_Gpt.o
 .bss           0x20400084        0x0 ./RTD/src/SchM_Mcu.o
 .bss           0x20400084        0x0 ./RTD/src/SchM_Port.o
 .bss           0x20400084        0x0 ./RTD/src/Siul2_Dio_Ip.o
 .bss           0x20400084        0x0 ./RTD/src/Siul2_Port_Ip.o
 .bss           0x20400084        0x0 ./RTD/src/Tspc_Port_Ip.o
 .bss           0x20400084        0x0 ./board/Siul2_Port_Ip_Cfg.o
 .bss           0x20400084        0x0 ./board/Tspc_Port_Ip_Cfg.o
 .bss           0x20400084        0x0 ./generate/src/Adc_Sar_Ip_PBcfg.o
 .bss           0x20400084        0x0 ./generate/src/Clock_Ip_Cfg.o
 .bss           0x20400084        0x0 ./generate/src/FlexCAN_Ip_Sa_PBcfg.o
 .bss           0x20400084        0x0 ./generate/src/Igf_Port_Ip_Cfg.o
 .bss           0x20400084        0x0 ./generate/src/IntCtrl_Ip_Cfg.o
 .bss           0x20400084        0x0 ./generate/src/OsIf_Cfg.o
 .bss           0x20400084        0x0 ./generate/src/Pit_Ip_SA_PBcfg.o
 .bss           0x20400084       0x11 ./src/app/Bms_Adc.o
 .bss           0x20400095        0x0 ./src/app/Bms_App.o
 *fill*         0x20400095        0x3 
 .bss           0x20400098       0x2c ./src/app/Bms_Scheduler.o
 .bss           0x204000c4        0xc ./src/battery/Battery_Monitor.o
 .bss           0x204000d0        0x3 ./src/battery/Bms_Ntc.o
 *fill*         0x204000d3        0x1 
 .bss           0x204000d4       0x74 ./src/communication/Bms_Can.o
                0x204000d4                g_BmsCanInitStatus
                0x20400128                g_BmsCanRxStatus
                0x2040012c                g_BmsCanTxStatus
                0x20400130                g_BmsCanRxId
                0x20400134                g_BmsCanRxDlc
                0x20400135                g_BmsCanRxData
                0x20400140                g_BmsCanRxCount
                0x20400144                g_BmsCanRxInvalidCount
 .bss           0x20400148        0xc ./src/drivers/Bms_Gpio.o
 .bss           0x20400154        0x0 ./src/drivers/Bms_Led.o
 .bss           0x20400154        0x5 ./src/main.o
 .bss           0x20400159        0x6 ./src/safety/Fault_Manager.o
 .bss           0x2040015f        0x0 c:/nxp/s32ds.3.6.10/s32ds/build_tools/gcc_v10.2/gcc-10.2-arm32-eabi/bin/../lib/gcc/arm-none-eabi/10.2.0/../../../../arm-none-eabi/lib/thumb/v7e-m+fp/hard\libc_nano.a(lib_a-memmove.o)
 .bss           0x2040015f        0x0 c:/nxp/s32ds.3.6.10/s32ds/build_tools/gcc_v10.2/gcc-10.2-arm32-eabi/bin/../lib/gcc/arm-none-eabi/10.2.0/../../../../arm-none-eabi/lib/thumb/v7e-m+fp/hard\libc_nano.a(lib_a-memset.o)
 .bss           0x2040015f        0x0 c:/nxp/s32ds.3.6.10/s32ds/build_tools/gcc_v10.2/gcc-10.2-arm32-eabi/bin/../lib/gcc/arm-none-eabi/10.2.0/../../../../arm-none-eabi/lib/thumb/v7e-m+fp/hard\libm.a(lib_a-wf_log.o)
 .bss           0x2040015f        0x0 c:/nxp/s32ds.3.6.10/s32ds/build_tools/gcc_v10.2/gcc-10.2-arm32-eabi/bin/../lib/gcc/arm-none-eabi/10.2.0/../../../../arm-none-eabi/lib/thumb/v7e-m+fp/hard\libm.a(lib_a-ef_log.o)
 .bss           0x2040015f        0x0 c:/nxp/s32ds.3.6.10/s32ds/build_tools/gcc_v10.2/gcc-10.2-arm32-eabi/bin/../lib/gcc/arm-none-eabi/10.2.0/../../../../arm-none-eabi/lib/thumb/v7e-m+fp/hard\libm.a(lib_a-sf_nan.o)
 .bss           0x2040015f        0x0 c:/nxp/s32ds.3.6.10/s32ds/build_tools/gcc_v10.2/gcc-10.2-arm32-eabi/bin/../lib/gcc/arm-none-eabi/10.2.0/../../../../arm-none-eabi/lib/thumb/v7e-m+fp/hard\libm.a(lib_a-s_lib_ver.o)
 .bss           0x2040015f        0x0 c:/nxp/s32ds.3.6.10/s32ds/build_tools/gcc_v10.2/gcc-10.2-arm32-eabi/bin/../lib/gcc/arm-none-eabi/10.2.0/thumb/v7e-m+fp/hard\libgcc.a(_aeabi_ldivmod.o)
 .bss           0x2040015f        0x0 c:/nxp/s32ds.3.6.10/s32ds/build_tools/gcc_v10.2/gcc-10.2-arm32-eabi/bin/../lib/gcc/arm-none-eabi/10.2.0/thumb/v7e-m+fp/hard\libgcc.a(_aeabi_uldivmod.o)
 .bss           0x2040015f        0x0 c:/nxp/s32ds.3.6.10/s32ds/build_tools/gcc_v10.2/gcc-10.2-arm32-eabi/bin/../lib/gcc/arm-none-eabi/10.2.0/thumb/v7e-m+fp/hard\libgcc.a(_udivmoddi4.o)
 .bss           0x2040015f        0x0 c:/nxp/s32ds.3.6.10/s32ds/build_tools/gcc_v10.2/gcc-10.2-arm32-eabi/bin/../lib/gcc/arm-none-eabi/10.2.0/thumb/v7e-m+fp/hard\libgcc.a(_dvmd_tls.o)
 .bss           0x2040015f        0x0 c:/nxp/s32ds.3.6.10/s32ds/build_tools/gcc_v10.2/gcc-10.2-arm32-eabi/bin/../lib/gcc/arm-none-eabi/10.2.0/../../../../arm-none-eabi/lib/thumb/v7e-m+fp/hard\libg_nano.a(lib_a-errno.o)
 .bss           0x2040015f        0x0 c:/nxp/s32ds.3.6.10/s32ds/build_tools/gcc_v10.2/gcc-10.2-arm32-eabi/bin/../lib/gcc/arm-none-eabi/10.2.0/../../../../arm-none-eabi/lib/thumb/v7e-m+fp/hard\libg_nano.a(lib_a-impure.o)
 *(.bss*)
                0x20400160                . = ALIGN (0x10)
 *fill*         0x2040015f        0x1 
 *(.mcal_bss)
 .mcal_bss      0x20400160        0x4 ./Project_Settings/Startup_Code/system.o
                0x20400160                RESET_CATCH_CORE
 .mcal_bss      0x20400164       0x95 ./RTD/src/Clock_Ip.o
                0x20400168                Clock_Ip_FreqIds
                0x204001f4                Clock_Ip_pxConfig
 *fill*         0x204001f9        0x3 
 .mcal_bss      0x204001fc        0xc ./RTD/src/Clock_Ip_Monitor.o
 .mcal_bss      0x20400208        0x8 ./RTD/src/Clock_Ip_ProgFreqSwitch.o
 .mcal_bss      0x20400210        0xc ./RTD/src/Clock_Ip_Specific.o
 .mcal_bss      0x2040021c       0x18 ./RTD/src/FlexCAN_Ip.o
 .mcal_bss      0x20400234      0x348 ./RTD/src/FlexCAN_Ip_HwAccess.o
 .mcal_bss      0x2040057c        0xc ./RTD/src/OsIf_Timer_System.o
 .mcal_bss      0x20400588        0x8 ./RTD/src/Siul2_Port_Ip.o
 .mcal_bss      0x20400590      0x630 ./generate/src/FlexCAN_Ip_Sa_PBcfg.o
                0x20400590                FlexCAN_State0
                0x20400bc0                . = ALIGN (0x4)
                0x20400bc0                __sram_bss_end = .

.sram_data      0x20400bc0      0x120 load address 0x004129dc
                0x20400bc0                . = ALIGN (0x4)
                0x20400bc0                __sram_data_begin__ = .
                0x20400bc0                . = ALIGN (0x4)
 *(.ramcode)
 .ramcode       0x20400bc0       0x98 ./RTD/src/Clock_Ip_Specific.o
                0x20400c58                . = ALIGN (0x4)
 *(.data)
 .data          0x20400c58        0x0 ./Project_Settings/Startup_Code/Vector_Table.o
 .data          0x20400c58        0x0 ./Project_Settings/Startup_Code/exceptions.o
 .data          0x20400c58        0x0 ./Project_Settings/Startup_Code/nvic.o
 .data          0x20400c58        0x0 ./Project_Settings/Startup_Code/startup.o